Archive member included to satisfy reference by file (symbol)

c:/progra~2/gnuarm~1/102021~1.10/bin/../lib/gcc/arm-none-eabi/10.3.1/../../../../arm-none-eabi/lib/thumb/v7-m/nofp\libc_nano.a(lib_a-exit.o)
                              c:/progra~2/gnuarm~1/102021~1.10/bin/../lib/gcc/arm-none-eabi/10.3.1/../../../../arm-none-eabi/lib/thumb/v7-m/nofp/crt0.o (exit)
c:/progra~2/gnuarm~1/102021~1.10/bin/../lib/gcc/arm-none-eabi/10.3.1/../../../../arm-none-eabi/lib/thumb/v7-m/nofp\libc_nano.a(lib_a-impure.o)
                              c:/progra~2/gnuarm~1/102021~1.10/bin/../lib/gcc/arm-none-eabi/10.3.1/../../../../arm-none-eabi/lib/thumb/v7-m/nofp\libc_nano.a(lib_a-exit.o) (_global_impure_ptr)
c:/progra~2/gnuarm~1/102021~1.10/bin/../lib/gcc/arm-none-eabi/10.3.1/../../../../arm-none-eabi/lib/thumb/v7-m/nofp\libc_nano.a(lib_a-init.o)
                              c:/progra~2/gnuarm~1/102021~1.10/bin/../lib/gcc/arm-none-eabi/10.3.1/../../../../arm-none-eabi/lib/thumb/v7-m/nofp/crt0.o (__libc_init_array)
c:/progra~2/gnuarm~1/102021~1.10/bin/../lib/gcc/arm-none-eabi/10.3.1/../../../../arm-none-eabi/lib/thumb/v7-m/nofp\libc_nano.a(lib_a-memset.o)
                              c:/progra~2/gnuarm~1/102021~1.10/bin/../lib/gcc/arm-none-eabi/10.3.1/../../../../arm-none-eabi/lib/thumb/v7-m/nofp/crt0.o (memset)
c:/progra~2/gnuarm~1/102021~1.10/bin/../lib/gcc/arm-none-eabi/10.3.1/../../../../arm-none-eabi/lib/thumb/v7-m/nofp\libc_nano.a(lib_a-nano-vfprintf_float.o)
                              (_printf_float)
c:/progra~2/gnuarm~1/102021~1.10/bin/../lib/gcc/arm-none-eabi/10.3.1/../../../../arm-none-eabi/lib/thumb/v7-m/nofp\libc_nano.a(lib_a-nano-vfprintf_i.o)
                              c:/progra~2/gnuarm~1/102021~1.10/bin/../lib/gcc/arm-none-eabi/10.3.1/../../../../arm-none-eabi/lib/thumb/v7-m/nofp\libc_nano.a(lib_a-nano-vfprintf_float.o) (_printf_common)
c:/progra~2/gnuarm~1/102021~1.10/bin/../lib/gcc/arm-none-eabi/10.3.1/../../../../arm-none-eabi/lib/thumb/v7-m/nofp\libc_nano.a(lib_a-strlen.o)
                              c:/progra~2/gnuarm~1/102021~1.10/bin/../lib/gcc/arm-none-eabi/10.3.1/../../../../arm-none-eabi/lib/thumb/v7-m/nofp\libc_nano.a(lib_a-nano-vfprintf_float.o) (strlen)
c:/progra~2/gnuarm~1/102021~1.10/bin/../lib/gcc/arm-none-eabi/10.3.1/../../../../arm-none-eabi/lib/thumb/v7-m/nofp\libc_nano.a(lib_a-dtoa.o)
                              c:/progra~2/gnuarm~1/102021~1.10/bin/../lib/gcc/arm-none-eabi/10.3.1/../../../../arm-none-eabi/lib/thumb/v7-m/nofp\libc_nano.a(lib_a-nano-vfprintf_float.o) (_dtoa_r)
c:/progra~2/gnuarm~1/102021~1.10/bin/../lib/gcc/arm-none-eabi/10.3.1/../../../../arm-none-eabi/lib/thumb/v7-m/nofp\libc_nano.a(lib_a-localeconv.o)
                              c:/progra~2/gnuarm~1/102021~1.10/bin/../lib/gcc/arm-none-eabi/10.3.1/../../../../arm-none-eabi/lib/thumb/v7-m/nofp\libc_nano.a(lib_a-nano-vfprintf_float.o) (_localeconv_r)
c:/progra~2/gnuarm~1/102021~1.10/bin/../lib/gcc/arm-none-eabi/10.3.1/../../../../arm-none-eabi/lib/thumb/v7-m/nofp\libc_nano.a(lib_a-malloc.o)
                              c:/progra~2/gnuarm~1/102021~1.10/bin/../lib/gcc/arm-none-eabi/10.3.1/../../../../arm-none-eabi/lib/thumb/v7-m/nofp\libc_nano.a(lib_a-dtoa.o) (malloc)
c:/progra~2/gnuarm~1/102021~1.10/bin/../lib/gcc/arm-none-eabi/10.3.1/../../../../arm-none-eabi/lib/thumb/v7-m/nofp\libc_nano.a(lib_a-memchr-stub.o)
                              c:/progra~2/gnuarm~1/102021~1.10/bin/../lib/gcc/arm-none-eabi/10.3.1/../../../../arm-none-eabi/lib/thumb/v7-m/nofp\libc_nano.a(lib_a-nano-vfprintf_i.o) (memchr)
c:/progra~2/gnuarm~1/102021~1.10/bin/../lib/gcc/arm-none-eabi/10.3.1/../../../../arm-none-eabi/lib/thumb/v7-m/nofp\libc_nano.a(lib_a-memcpy-stub.o)
                              c:/progra~2/gnuarm~1/102021~1.10/bin/../lib/gcc/arm-none-eabi/10.3.1/../../../../arm-none-eabi/lib/thumb/v7-m/nofp\libc_nano.a(lib_a-dtoa.o) (memcpy)
c:/progra~2/gnuarm~1/102021~1.10/bin/../lib/gcc/arm-none-eabi/10.3.1/../../../../arm-none-eabi/lib/thumb/v7-m/nofp\libc_nano.a(lib_a-mprec.o)
                              c:/progra~2/gnuarm~1/102021~1.10/bin/../lib/gcc/arm-none-eabi/10.3.1/../../../../arm-none-eabi/lib/thumb/v7-m/nofp\libc_nano.a(lib_a-dtoa.o) (_Balloc)
c:/progra~2/gnuarm~1/102021~1.10/bin/../lib/gcc/arm-none-eabi/10.3.1/../../../../arm-none-eabi/lib/thumb/v7-m/nofp\libc_nano.a(lib_a-nano-callocr.o)
                              c:/progra~2/gnuarm~1/102021~1.10/bin/../lib/gcc/arm-none-eabi/10.3.1/../../../../arm-none-eabi/lib/thumb/v7-m/nofp\libc_nano.a(lib_a-mprec.o) (_calloc_r)
c:/progra~2/gnuarm~1/102021~1.10/bin/../lib/gcc/arm-none-eabi/10.3.1/../../../../arm-none-eabi/lib/thumb/v7-m/nofp\libc_nano.a(lib_a-nano-freer.o)
                              c:/progra~2/gnuarm~1/102021~1.10/bin/../lib/gcc/arm-none-eabi/10.3.1/../../../../arm-none-eabi/lib/thumb/v7-m/nofp\libc_nano.a(lib_a-malloc.o) (_free_r)
[...]
Memory Configuration

Name             Origin             Length             Attributes
RAM              0x20000000         0x00005000         xrw
FLASH            0x08000000         0x00010000         xr
*default*        0x00000000         0xffffffff

Linker script and memory map

LOAD c:/progra~2/gnuarm~1/102021~1.10/bin/../lib/gcc/arm-none-eabi/10.3.1/thumb/v7-m/nofp/crti.o
LOAD c:/progra~2/gnuarm~1/102021~1.10/bin/../lib/gcc/arm-none-eabi/10.3.1/thumb/v7-m/nofp/crtbegin.o
LOAD c:/progra~2/gnuarm~1/102021~1.10/bin/../lib/gcc/arm-none-eabi/10.3.1/../../../../arm-none-eabi/lib/thumb/v7-m/nofp/crt0.o
START GROUP
LOAD c:/progra~2/gnuarm~1/102021~1.10/bin/../lib/gcc/arm-none-eabi/10.3.1/../../../../arm-none-eabi/lib/thumb/v7-m/nofp\libc_nano.a
LOAD c:/progra~2/gnuarm~1/102021~1.10/bin/../lib/gcc/arm-none-eabi/10.3.1/../../../../arm-none-eabi/lib/thumb/v7-m/nofp\libm.a
LOAD c:/progra~2/gnuarm~1/102021~1.10/bin/../lib/gcc/arm-none-eabi/10.3.1/../../../../arm-none-eabi/lib/thumb/v7-m/nofp\libstdc++_nano.a
LOAD c:/progra~2/gnuarm~1/102021~1.10/bin/../lib/gcc/arm-none-eabi/10.3.1/../../../../arm-none-eabi/lib/thumb/v7-m/nofp\libsupc++_nano.a
END GROUP
LOAD CMakeFiles/STM32_Bear.dir/Startup/startup_stm32f103t8ux.S.obj
LOAD CMakeFiles/STM32_Bear.dir/Lib/Src/bmp280.c.obj
LOAD CMakeFiles/STM32_Bear.dir/Lib/Src/BME280.c.obj
LOAD CMakeFiles/STM32_Bear.dir/Lib/Src/BMP085.c.obj
LOAD CMakeFiles/STM32_Bear.dir/Lib/Src/dfplayer.c.obj
LOAD CMakeFiles/STM32_Bear.dir/Lib/Src/I2Cdev.c.obj
LOAD CMakeFiles/STM32_Bear.dir/Src/main.c.obj
LOAD CMakeFiles/STM32_Bear.dir/Src/stm32f1xx_hal_msp.c.obj
LOAD CMakeFiles/STM32_Bear.dir/Src/stm32f1xx_it.c.obj
LOAD CMakeFiles/STM32_Bear.dir/Src/syscalls.c.obj
LOAD CMakeFiles/STM32_Bear.dir/Src/sysmem.c.obj
LOAD CMakeFiles/STM32_Bear.dir/Src/system_stm32f1xx.c.obj
LOAD CMakeFiles/STM32_Bear.dir/Drivers/STM32F1xx_HAL_Driver/Src/stm32f1xx_hal.c.obj
LOAD CMakeFiles/STM32_Bear.dir/Drivers/STM32F1xx_HAL_Driver/Src/stm32f1xx_hal_cortex.c.obj
LOAD CMakeFiles/STM32_Bear.dir/Drivers/STM32F1xx_HAL_Driver/Src/stm32f1xx_hal_dma.c.obj
LOAD CMakeFiles/STM32_Bear.dir/Drivers/STM32F1xx_HAL_Driver/Src/stm32f1xx_hal_exti.c.obj
LOAD CMakeFiles/STM32_Bear.dir/Drivers/STM32F1xx_HAL_Driver/Src/stm32f1xx_hal_flash.c.obj
LOAD CMakeFiles/STM32_Bear.dir/Drivers/STM32F1xx_HAL_Driver/Src/stm32f1xx_hal_flash_ex.c.obj
LOAD CMakeFiles/STM32_Bear.dir/Drivers/STM32F1xx_HAL_Driver/Src/stm32f1xx_hal_gpio.c.obj
LOAD CMakeFiles/STM32_Bear.dir/Drivers/STM32F1xx_HAL_Driver/Src/stm32f1xx_hal_gpio_ex.c.obj
LOAD CMakeFiles/STM32_Bear.dir/Drivers/STM32F1xx_HAL_Driver/Src/stm32f1xx_hal_i2c.c.obj
LOAD CMakeFiles/STM32_Bear.dir/Drivers/STM32F1xx_HAL_Driver/Src/stm32f1xx_hal_pwr.c.obj
LOAD CMakeFiles/STM32_Bear.dir/Drivers/STM32F1xx_HAL_Driver/Src/stm32f1xx_hal_rcc.c.obj
LOAD CMakeFiles/STM32_Bear.dir/Drivers/STM32F1xx_HAL_Driver/Src/stm32f1xx_hal_rcc_ex.c.obj
LOAD CMakeFiles/STM32_Bear.dir/Drivers/STM32F1xx_HAL_Driver/Src/stm32f1xx_hal_spi.c.obj
LOAD CMakeFiles/STM32_Bear.dir/Drivers/STM32F1xx_HAL_Driver/Src/stm32f1xx_hal_tim.c.obj
LOAD CMakeFiles/STM32_Bear.dir/Drivers/STM32F1xx_HAL_Driver/Src/stm32f1xx_hal_tim_ex.c.obj
LOAD CMakeFiles/STM32_Bear.dir/Drivers/STM32F1xx_HAL_Driver/Src/stm32f1xx_hal_uart.c.obj
START GROUP
LOAD c:/progra~2/gnuarm~1/102021~1.10/bin/../lib/gcc/arm-none-eabi/10.3.1/thumb/v7-m/nofp\libgcc.a
LOAD c:/progra~2/gnuarm~1/102021~1.10/bin/../lib/gcc/arm-none-eabi/10.3.1/../../../../arm-none-eabi/lib/thumb/v7-m/nofp\libg_nano.a
LOAD c:/progra~2/gnuarm~1/102021~1.10/bin/../lib/gcc/arm-none-eabi/10.3.1/../../../../arm-none-eabi/lib/thumb/v7-m/nofp\libc_nano.a
END GROUP
START GROUP
LOAD c:/progra~2/gnuarm~1/102021~1.10/bin/../lib/gcc/arm-none-eabi/10.3.1/thumb/v7-m/nofp\libgcc.a
LOAD c:/progra~2/gnuarm~1/102021~1.10/bin/../lib/gcc/arm-none-eabi/10.3.1/../../../../arm-none-eabi/lib/thumb/v7-m/nofp\libc_nano.a
LOAD c:/progra~2/gnuarm~1/102021~1.10/bin/../lib/gcc/arm-none-eabi/10.3.1/../../../../arm-none-eabi/lib/thumb/v7-m/nofp\libnosys.a
END GROUP
START GROUP
LOAD c:/progra~2/gnuarm~1/102021~1.10/bin/../lib/gcc/arm-none-eabi/10.3.1/thumb/v7-m/nofp\libgcc.a
LOAD c:/progra~2/gnuarm~1/102021~1.10/bin/../lib/gcc/arm-none-eabi/10.3.1/../../../../arm-none-eabi/lib/thumb/v7-m/nofp\libc_nano.a
LOAD c:/progra~2/gnuarm~1/102021~1.10/bin/../lib/gcc/arm-none-eabi/10.3.1/../../../../arm-none-eabi/lib/thumb/v7-m/nofp\libnosys.a
END GROUP
LOAD c:/progra~2/gnuarm~1/102021~1.10/bin/../lib/gcc/arm-none-eabi/10.3.1/thumb/v7-m/nofp/crtend.o
LOAD c:/progra~2/gnuarm~1/102021~1.10/bin/../lib/gcc/arm-none-eabi/10.3.1/thumb/v7-m/nofp/crtn.o
                0x20005000                _estack = (ORIGIN (RAM) + LENGTH (RAM))
                0x00000200                _Min_Heap_Size = 0x200
                0x00000400                _Min_Stack_Size = 0x400

.isr_vector     0x08000000      0x10c
                0x08000000                . = ALIGN (0x4)
 *(.isr_vector)
 .isr_vector    0x08000000      0x10c CMakeFiles/STM32_Bear.dir/Startup/startup_stm32f103t8ux.S.obj
                0x08000000                g_pfnVectors
                0x0800010c                . = ALIGN (0x4)

.text           0x08000110     0x7cb4
                0x08000110                . = ALIGN (0x4)
 *(.text)
 .text          0x08000110       0x40 c:/progra~2/gnuarm~1/102021~1.10/bin/../lib/gcc/arm-none-eabi/10.3.1/thumb/v7-m/nofp/crtbegin.o
 .text          0x08000150       0x10 c:/progra~2/gnuarm~1/102021~1.10/bin/../lib/gcc/arm-none-eabi/10.3.1/../../../../arm-none-eabi/lib/thumb/v7-m/nofp\libc_nano.a(lib_a-strlen.o)
                0x08000150                strlen
 .text          0x08000160      0x378 c:/progra~2/gnuarm~1/102021~1.10/bin/../lib/gcc/arm-none-eabi/10.3.1/thumb/v7-m/nofp\libgcc.a(_arm_addsubdf3.o)
                0x08000160                __aeabi_drsub
                0x08000168                __aeabi_dsub
                0x08000168                __subdf3
                0x0800016c                __aeabi_dadd
                0x0800016c                __adddf3
                0x080003e4                __floatunsidf
                0x080003e4                __aeabi_ui2d
                0x08000404                __floatsidf
                0x08000404                __aeabi_i2d
                0x08000428                __aeabi_f2d
                0x08000428                __extendsfdf2
                0x0800046c                __floatundidf
                0x0800046c                __aeabi_ul2d
                0x0800047c                __floatdidf
                0x0800047c                __aeabi_l2d
 .text          0x080004d8      0x424 c:/progra~2/gnuarm~1/102021~1.10/bin/../lib/gcc/arm-none-eabi/10.3.1/thumb/v7-m/nofp\libgcc.a(_arm_muldivdf3.o)
                0x080004d8                __aeabi_dmul
                0x080004d8                __muldf3
                0x0800072c                __divdf3
                0x0800072c                __aeabi_ddiv
 .text          0x080008fc      0x110 c:/progra~2/gnuarm~1/102021~1.10/bin/../lib/gcc/arm-none-eabi/10.3.1/thumb/v7-m/nofp\libgcc.a(_arm_cmpdf2.o)
                0x080008fc                __gtdf2
                0x080008fc                __gedf2
                0x08000904                __ltdf2
                0x08000904                __ledf2
                0x0800090c                __nedf2
                0x0800090c                __eqdf2
                0x0800090c                __cmpdf2
                0x08000988                __aeabi_cdrcmple
                0x08000998                __aeabi_cdcmpeq
                0x08000998                __aeabi_cdcmple
                0x080009a8                __aeabi_dcmpeq
                0x080009bc                __aeabi_dcmplt
                0x080009d0                __aeabi_dcmple
                0x080009e4                __aeabi_dcmpge
                0x080009f8                __aeabi_dcmpgt
 .text          0x08000a0c       0x2c c:/progra~2/gnuarm~1/102021~1.10/bin/../lib/gcc/arm-none-eabi/10.3.1/thumb/v7-m/nofp\libgcc.a(_arm_unorddf2.o)
                0x08000a0c                __unorddf2
                0x08000a0c                __aeabi_dcmpun
 .text          0x08000a38       0x50 c:/progra~2/gnuarm~1/102021~1.10/bin/../lib/gcc/arm-none-eabi/10.3.1/thumb/v7-m/nofp\libgcc.a(_arm_fixdfsi.o)
                0x08000a38                __aeabi_d2iz
                0x08000a38                __fixdfsi
 .text          0x08000a88      0x21c c:/progra~2/gnuarm~1/102021~1.10/bin/../lib/gcc/arm-none-eabi/10.3.1/thumb/v7-m/nofp\libgcc.a(_arm_addsubsf3.o)
                0x08000a88                __aeabi_frsub
                0x08000a90                __subsf3
                0x08000a90                __aeabi_fsub
                0x08000a94                __aeabi_fadd
                0x08000a94                __addsf3
                0x08000bf4                __aeabi_ui2f
                0x08000bf4                __floatunsisf
                0x08000bfc                __aeabi_i2f
                0x08000bfc                __floatsisf
                0x08000c18                __aeabi_ul2f
                0x08000c18                __floatundisf
                0x08000c28                __aeabi_l2f
                0x08000c28                __floatdisf
 .text          0x08000ca4      0x2a0 c:/progra~2/gnuarm~1/102021~1.10/bin/../lib/gcc/arm-none-eabi/10.3.1/thumb/v7-m/nofp\libgcc.a(_arm_muldivsf3.o)
                0x08000ca4                __mulsf3
                0x08000ca4                __aeabi_fmul
                0x08000e0c                __aeabi_fdiv
                0x08000e0c                __divsf3
 .text          0x08000f44       0xec c:/progra~2/gnuarm~1/102021~1.10/bin/../lib/gcc/arm-none-eabi/10.3.1/thumb/v7-m/nofp\libgcc.a(_arm_cmpsf2.o)
                0x08000f44                __gesf2
                0x08000f44                __gtsf2
                0x08000f4c                __lesf2
                0x08000f4c                __ltsf2
                0x08000f54                __nesf2
                0x08000f54                __eqsf2
                0x08000f54                __cmpsf2
                0x08000fb4                __aeabi_cfrcmple
                0x08000fbc                __aeabi_cfcmpeq
                0x08000fbc                __aeabi_cfcmple
                0x08000fcc                __aeabi_fcmpeq
                0x08000fe0                __aeabi_fcmplt
                0x08000ff4                __aeabi_fcmple
                0x08001008                __aeabi_fcmpge
                0x0800101c                __aeabi_fcmpgt
 .text          0x08001030       0x4c c:/progra~2/gnuarm~1/102021~1.10/bin/../lib/gcc/arm-none-eabi/10.3.1/thumb/v7-m/nofp\libgcc.a(_arm_fixsfsi.o)
                0x08001030                __aeabi_f2iz
                0x08001030                __fixsfsi
 *(.text*)
 .text.__libc_init_array
                0x0800107c       0x48 c:/progra~2/gnuarm~1/102021~1.10/bin/../lib/gcc/arm-none-eabi/10.3.1/../../../../arm-none-eabi/lib/thumb/v7-m/nofp\libc_nano.a(lib_a-init.o)
                0x0800107c                __libc_init_array
 .text.memset   0x080010c4       0x10 c:/progra~2/gnuarm~1/102021~1.10/bin/../lib/gcc/arm-none-eabi/10.3.1/../../../../arm-none-eabi/lib/thumb/v7-m/nofp\libc_nano.a(lib_a-memset.o)
                0x080010c4                memset
 .text.__cvt    0x080010d4       0xbe c:/progra~2/gnuarm~1/102021~1.10/bin/../lib/gcc/arm-none-eabi/10.3.1/../../../../arm-none-eabi/lib/thumb/v7-m/nofp\libc_nano.a(lib_a-nano-vfprintf_float.o)
                0x080010d4                __cvt
 .text.__exponent
                0x08001192       0x7c c:/progra~2/gnuarm~1/102021~1.10/bin/../lib/gcc/arm-none-eabi/10.3.1/../../../../arm-none-eabi/lib/thumb/v7-m/nofp\libc_nano.a(lib_a-nano-vfprintf_float.o)
                0x08001192                __exponent
 *fill*         0x0800120e        0x2 
 .text._printf_float
                0x08001210      0x458 c:/progra~2/gnuarm~1/102021~1.10/bin/../lib/gcc/arm-none-eabi/10.3.1/../../../../arm-none-eabi/lib/thumb/v7-m/nofp\libc_nano.a(lib_a-nano-vfprintf_float.o)
                0x08001210                _printf_float
 .text._printf_common
                0x08001668       0xde c:/progra~2/gnuarm~1/102021~1.10/bin/../lib/gcc/arm-none-eabi/10.3.1/../../../../arm-none-eabi/lib/thumb/v7-m/nofp\libc_nano.a(lib_a-nano-vfprintf_i.o)
                0x08001668                _printf_common
 *fill*         0x08001746        0x2 
 .text._printf_i
                0x08001748      0x24c c:/progra~2/gnuarm~1/102021~1.10/bin/../lib/gcc/arm-none-eabi/10.3.1/../../../../arm-none-eabi/lib/thumb/v7-m/nofp\libc_nano.a(lib_a-nano-vfprintf_i.o)
                0x08001748                _printf_i
 .text.quorem   0x08001994      0x118 c:/progra~2/gnuarm~1/102021~1.10/bin/../lib/gcc/arm-none-eabi/10.3.1/../../../../arm-none-eabi/lib/thumb/v7-m/nofp\libc_nano.a(lib_a-dtoa.o)
 *fill*         0x08001aac        0x4 
 .text._dtoa_r  0x08001ab0      0xbdc c:/progra~2/gnuarm~1/102021~1.10/bin/../lib/gcc/arm-none-eabi/10.3.1/../../../../arm-none-eabi/lib/thumb/v7-m/nofp\libc_nano.a(lib_a-dtoa.o)
                0x08001ab0                _dtoa_r
 .text._localeconv_r
                0x0800268c        0x8 c:/progra~2/gnuarm~1/102021~1.10/bin/../lib/gcc/arm-none-eabi/10.3.1/../../../../arm-none-eabi/lib/thumb/v7-m/nofp\libc_nano.a(lib_a-localeconv.o)
                0x0800268c                _localeconv_r
 .text.malloc   0x08002694       0x10 c:/progra~2/gnuarm~1/102021~1.10/bin/../lib/gcc/arm-none-eabi/10.3.1/../../../../arm-none-eabi/lib/thumb/v7-m/nofp\libc_nano.a(lib_a-malloc.o)
                0x08002694                malloc
 .text.memchr   0x080026a4       0x1c c:/progra~2/gnuarm~1/102021~1.10/bin/../lib/gcc/arm-none-eabi/10.3.1/../../../../arm-none-eabi/lib/thumb/v7-m/nofp\libc_nano.a(lib_a-memchr-stub.o)
                0x080026a4                memchr
 .text.memcpy   0x080026c0       0x1c c:/progra~2/gnuarm~1/102021~1.10/bin/../lib/gcc/arm-none-eabi/10.3.1/../../../../arm-none-eabi/lib/thumb/v7-m/nofp\libc_nano.a(lib_a-memcpy-stub.o)
                0x080026c0                memcpy
 .text._Balloc  0x080026dc       0x80 c:/progra~2/gnuarm~1/102021~1.10/bin/../lib/gcc/arm-none-eabi/10.3.1/../../../../arm-none-eabi/lib/thumb/v7-m/nofp\libc_nano.a(lib_a-mprec.o)
                0x080026dc                _Balloc
 .text._Bfree   0x0800275c       0x44 c:/progra~2/gnuarm~1/102021~1.10/bin/../lib/gcc/arm-none-eabi/10.3.1/../../../../arm-none-eabi/lib/thumb/v7-m/nofp\libc_nano.a(lib_a-mprec.o)
                0x0800275c                _Bfree
 .text.__multadd
                0x080027a0       0x8c c:/progra~2/gnuarm~1/102021~1.10/bin/../lib/gcc/arm-none-eabi/10.3.1/../../../../arm-none-eabi/lib/thumb/v7-m/nofp\libc_nano.a(lib_a-mprec.o)
                0x080027a0                __multadd
 .text.__hi0bits
                0x0800282c       0x40 c:/progra~2/gnuarm~1/102021~1.10/bin/../lib/gcc/arm-none-eabi/10.3.1/../../../../arm-none-eabi/lib/thumb/v7-m/nofp\libc_nano.a(lib_a-mprec.o)
                0x0800282c                __hi0bits
 .text.__lo0bits
                0x0800286c       0x5a c:/progra~2/gnuarm~1/102021~1.10/bin/../lib/gcc/arm-none-eabi/10.3.1/../../../../arm-none-eabi/lib/thumb/v7-m/nofp\libc_nano.a(lib_a-mprec.o)
                0x0800286c                __lo0bits
 *fill*         0x080028c6        0x2 
 .text.__i2b    0x080028c8       0x2c c:/progra~2/gnuarm~1/102021~1.10/bin/../lib/gcc/arm-none-eabi/10.3.1/../../../../arm-none-eabi/lib/thumb/v7-m/nofp\libc_nano.a(lib_a-mprec.o)
                0x080028c8                __i2b
 .text.__multiply
                0x080028f4      0x150 c:/progra~2/gnuarm~1/102021~1.10/bin/../lib/gcc/arm-none-eabi/10.3.1/../../../../arm-none-eabi/lib/thumb/v7-m/nofp\libc_nano.a(lib_a-mprec.o)
                0x080028f4                __multiply
 .text.__pow5mult
                0x08002a44       0xb4 c:/progra~2/gnuarm~1/102021~1.10/bin/../lib/gcc/arm-none-eabi/10.3.1/../../../../arm-none-eabi/lib/thumb/v7-m/nofp\libc_nano.a(lib_a-mprec.o)
                0x08002a44                __pow5mult
 .text.__lshift
                0x08002af8       0xe0 c:/progra~2/gnuarm~1/102021~1.10/bin/../lib/gcc/arm-none-eabi/10.3.1/../../../../arm-none-eabi/lib/thumb/v7-m/nofp\libc_nano.a(lib_a-mprec.o)
                0x08002af8                __lshift
 .text.__mcmp   0x08002bd8       0x36 c:/progra~2/gnuarm~1/102021~1.10/bin/../lib/gcc/arm-none-eabi/10.3.1/../../../../arm-none-eabi/lib/thumb/v7-m/nofp\libc_nano.a(lib_a-mprec.o)
                0x08002bd8                __mcmp
 *fill*         0x08002c0e        0x2 
 .text.__mdiff  0x08002c10      0x118 c:/progra~2/gnuarm~1/102021~1.10/bin/../lib/gcc/arm-none-eabi/10.3.1/../../../../arm-none-eabi/lib/thumb/v7-m/nofp\libc_nano.a(lib_a-mprec.o)
                0x08002c10                __mdiff
 .text.__d2b    0x08002d28       0xb8 c:/progra~2/gnuarm~1/102021~1.10/bin/../lib/gcc/arm-none-eabi/10.3.1/../../../../arm-none-eabi/lib/thumb/v7-m/nofp\libc_nano.a(lib_a-mprec.o)
                0x08002d28                __d2b
 .text._calloc_r
                0x08002de0       0x28 c:/progra~2/gnuarm~1/102021~1.10/bin/../lib/gcc/arm-none-eabi/10.3.1/../../../../arm-none-eabi/lib/thumb/v7-m/nofp\libc_nano.a(lib_a-nano-callocr.o)
                0x08002de0                _calloc_r
 .text._free_r  0x08002e08       0x90 c:/progra~2/gnuarm~1/102021~1.10/bin/../lib/gcc/arm-none-eabi/10.3.1/../../../../arm-none-eabi/lib/thumb/v7-m/nofp\libc_nano.a(lib_a-nano-freer.o)
                0x08002e08                _free_r
 .text.sbrk_aligned
                0x08002e98       0x40 c:/progra~2/gnuarm~1/102021~1.10/bin/../lib/gcc/arm-none-eabi/10.3.1/../../../../arm-none-eabi/lib/thumb/v7-m/nofp\libc_nano.a(lib_a-nano-mallocr.o)
 .text._malloc_r
                0x08002ed8       0xe8 c:/progra~2/gnuarm~1/102021~1.10/bin/../lib/gcc/arm-none-eabi/10.3.1/../../../../arm-none-eabi/lib/thumb/v7-m/nofp\libc_nano.a(lib_a-nano-mallocr.o)
                0x08002ed8                _malloc_r
 .text._sbrk_r  0x08002fc0       0x20 c:/progra~2/gnuarm~1/102021~1.10/bin/../lib/gcc/arm-none-eabi/10.3.1/../../../../arm-none-eabi/lib/thumb/v7-m/nofp\libc_nano.a(lib_a-sbrkr.o)
                0x08002fc0                _sbrk_r
 .text.__assert_func
                0x08002fe0       0x3c c:/progra~2/gnuarm~1/102021~1.10/bin/../lib/gcc/arm-none-eabi/10.3.1/../../../../arm-none-eabi/lib/thumb/v7-m/nofp\libc_nano.a(lib_a-assert.o)
                0x08002fe0                __assert_func
 .text.fprintf  0x0800301c       0x24 c:/progra~2/gnuarm~1/102021~1.10/bin/../lib/gcc/arm-none-eabi/10.3.1/../../../../arm-none-eabi/lib/thumb/v7-m/nofp\libc_nano.a(lib_a-fprintf.o)
                0x0800301c                fiprintf
                0x0800301c                fprintf
 .text.__ascii_mbtowc
                0x08003040       0x24 c:/progra~2/gnuarm~1/102021~1.10/bin/../lib/gcc/arm-none-eabi/10.3.1/../../../../arm-none-eabi/lib/thumb/v7-m/nofp\libc_nano.a(lib_a-mbtowc_r.o)
                0x08003040                __ascii_mbtowc
 .text.__malloc_lock
                0x08003064        0xc c:/progra~2/gnuarm~1/102021~1.10/bin/../lib/gcc/arm-none-eabi/10.3.1/../../../../arm-none-eabi/lib/thumb/v7-m/nofp\libc_nano.a(lib_a-mlock.o)
                0x08003064                __malloc_lock
 .text.__malloc_unlock
                0x08003070        0xc c:/progra~2/gnuarm~1/102021~1.10/bin/../lib/gcc/arm-none-eabi/10.3.1/../../../../arm-none-eabi/lib/thumb/v7-m/nofp\libc_nano.a(lib_a-mlock.o)
                0x08003070                __malloc_unlock
 .text.__sfputc_r
                0x0800307c       0x2a c:/progra~2/gnuarm~1/102021~1.10/bin/../lib/gcc/arm-none-eabi/10.3.1/../../../../arm-none-eabi/lib/thumb/v7-m/nofp\libc_nano.a(lib_a-nano-vfprintf.o)
 .text.__sfputs_r
                0x080030a6       0x24 c:/progra~2/gnuarm~1/102021~1.10/bin/../lib/gcc/arm-none-eabi/10.3.1/../../../../arm-none-eabi/lib/thumb/v7-m/nofp\libc_nano.a(lib_a-nano-vfprintf.o)
                0x080030a6                __sfputs_r
 *fill*         0x080030ca        0x2 
 .text._vfprintf_r
                0x080030cc      0x260 c:/progra~2/gnuarm~1/102021~1.10/bin/../lib/gcc/arm-none-eabi/10.3.1/../../../../arm-none-eabi/lib/thumb/v7-m/nofp\libc_nano.a(lib_a-nano-vfprintf.o)
                0x080030cc                _vfprintf_r
                0x080030cc                _vfiprintf_r
 .text.__swbuf_r
                0x0800332c       0xa4 c:/progra~2/gnuarm~1/102021~1.10/bin/../lib/gcc/arm-none-eabi/10.3.1/../../../../arm-none-eabi/lib/thumb/v7-m/nofp\libc_nano.a(lib_a-wbuf.o)
                0x0800332c                __swbuf_r
 .text.__ascii_wctomb
                0x080033d0       0x1a c:/progra~2/gnuarm~1/102021~1.10/bin/../lib/gcc/arm-none-eabi/10.3.1/../../../../arm-none-eabi/lib/thumb/v7-m/nofp\libc_nano.a(lib_a-wctomb_r.o)
                0x080033d0                __ascii_wctomb
 *fill*         0x080033ea        0x2 
 .text.__swsetup_r
                0x080033ec       0xdc c:/progra~2/gnuarm~1/102021~1.10/bin/../lib/gcc/arm-none-eabi/10.3.1/../../../../arm-none-eabi/lib/thumb/v7-m/nofp\libc_nano.a(lib_a-wsetup.o)
                0x080033ec                __swsetup_r
 .text.abort    0x080034c8        0xe c:/progra~2/gnuarm~1/102021~1.10/bin/../lib/gcc/arm-none-eabi/10.3.1/../../../../arm-none-eabi/lib/thumb/v7-m/nofp\libc_nano.a(lib_a-abort.o)
                0x080034c8                abort
 *fill*         0x080034d6        0x2 
 .text.__sflush_r
                0x080034d8      0x104 c:/progra~2/gnuarm~1/102021~1.10/bin/../lib/gcc/arm-none-eabi/10.3.1/../../../../arm-none-eabi/lib/thumb/v7-m/nofp\libc_nano.a(lib_a-fflush.o)
                0x080034d8                __sflush_r
 .text._fflush_r
                0x080035dc       0x78 c:/progra~2/gnuarm~1/102021~1.10/bin/../lib/gcc/arm-none-eabi/10.3.1/../../../../arm-none-eabi/lib/thumb/v7-m/nofp\libc_nano.a(lib_a-fflush.o)
                0x080035dc                _fflush_r
 .text.std      0x08003654       0x48 c:/progra~2/gnuarm~1/102021~1.10/bin/../lib/gcc/arm-none-eabi/10.3.1/../../../../arm-none-eabi/lib/thumb/v7-m/nofp\libc_nano.a(lib_a-findfp.o)
 .text._cleanup_r
                0x0800369c        0xc c:/progra~2/gnuarm~1/102021~1.10/bin/../lib/gcc/arm-none-eabi/10.3.1/../../../../arm-none-eabi/lib/thumb/v7-m/nofp\libc_nano.a(lib_a-findfp.o)
                0x0800369c                _cleanup_r
 .text.__sfmoreglue
                0x080036a8       0x2c c:/progra~2/gnuarm~1/102021~1.10/bin/../lib/gcc/arm-none-eabi/10.3.1/../../../../arm-none-eabi/lib/thumb/v7-m/nofp\libc_nano.a(lib_a-findfp.o)
                0x080036a8                __sfmoreglue
 .text.__sfp_lock_acquire
                0x080036d4        0xc c:/progra~2/gnuarm~1/102021~1.10/bin/../lib/gcc/arm-none-eabi/10.3.1/../../../../arm-none-eabi/lib/thumb/v7-m/nofp\libc_nano.a(lib_a-findfp.o)
                0x080036d4                __sfp_lock_acquire
 .text.__sfp_lock_release
                0x080036e0        0xc c:/progra~2/gnuarm~1/102021~1.10/bin/../lib/gcc/arm-none-eabi/10.3.1/../../../../arm-none-eabi/lib/thumb/v7-m/nofp\libc_nano.a(lib_a-findfp.o)
                0x080036e0                __sfp_lock_release
 .text.__sinit_lock_acquire
                0x080036ec        0xc c:/progra~2/gnuarm~1/102021~1.10/bin/../lib/gcc/arm-none-eabi/10.3.1/../../../../arm-none-eabi/lib/thumb/v7-m/nofp\libc_nano.a(lib_a-findfp.o)
                0x080036ec                __sinit_lock_acquire
 .text.__sinit_lock_release
                0x080036f8        0xc c:/progra~2/gnuarm~1/102021~1.10/bin/../lib/gcc/arm-none-eabi/10.3.1/../../../../arm-none-eabi/lib/thumb/v7-m/nofp\libc_nano.a(lib_a-findfp.o)
                0x080036f8                __sinit_lock_release
 .text.__sinit  0x08003704       0x70 c:/progra~2/gnuarm~1/102021~1.10/bin/../lib/gcc/arm-none-eabi/10.3.1/../../../../arm-none-eabi/lib/thumb/v7-m/nofp\libc_nano.a(lib_a-findfp.o)
                0x08003704                __sinit
 .text.__sfp    0x08003774       0x8c c:/progra~2/gnuarm~1/102021~1.10/bin/../lib/gcc/arm-none-eabi/10.3.1/../../../../arm-none-eabi/lib/thumb/v7-m/nofp\libc_nano.a(lib_a-findfp.o)
                0x08003774                __sfp
 .text._fwalk_reent
                0x08003800       0x3e c:/progra~2/gnuarm~1/102021~1.10/bin/../lib/gcc/arm-none-eabi/10.3.1/../../../../arm-none-eabi/lib/thumb/v7-m/nofp\libc_nano.a(lib_a-fwalk.o)
                0x08003800                _fwalk_reent
 .text.__retarget_lock_init_recursive
                0x0800383e        0x2 c:/progra~2/gnuarm~1/102021~1.10/bin/../lib/gcc/arm-none-eabi/10.3.1/../../../../arm-none-eabi/lib/thumb/v7-m/nofp\libc_nano.a(lib_a-lock.o)
                0x0800383e                __retarget_lock_init_recursive
 .text.__retarget_lock_acquire_recursive
                0x08003840        0x2 c:/progra~2/gnuarm~1/102021~1.10/bin/../lib/gcc/arm-none-eabi/10.3.1/../../../../arm-none-eabi/lib/thumb/v7-m/nofp\libc_nano.a(lib_a-lock.o)
                0x08003840                __retarget_lock_acquire_recursive
 .text.__retarget_lock_release_recursive
                0x08003842        0x2 c:/progra~2/gnuarm~1/102021~1.10/bin/../lib/gcc/arm-none-eabi/10.3.1/../../../../arm-none-eabi/lib/thumb/v7-m/nofp\libc_nano.a(lib_a-lock.o)
                0x08003842                __retarget_lock_release_recursive
 .text.__swhatbuf_r
                0x08003844       0x4a c:/progra~2/gnuarm~1/102021~1.10/bin/../lib/gcc/arm-none-eabi/10.3.1/../../../../arm-none-eabi/lib/thumb/v7-m/nofp\libc_nano.a(lib_a-makebuf.o)
                0x08003844                __swhatbuf_r
 *fill*         0x0800388e        0x2 
 .text.__smakebuf_r
                0x08003890       0x80 c:/progra~2/gnuarm~1/102021~1.10/bin/../lib/gcc/arm-none-eabi/10.3.1/../../../../arm-none-eabi/lib/thumb/v7-m/nofp\libc_nano.a(lib_a-makebuf.o)
                0x08003890                __smakebuf_r
 .text.memmove  0x08003910       0x34 c:/progra~2/gnuarm~1/102021~1.10/bin/../lib/gcc/arm-none-eabi/10.3.1/../../../../arm-none-eabi/lib/thumb/v7-m/nofp\libc_nano.a(lib_a-memmove.o)
                0x08003910                memmove
 .text._realloc_r
                0x08003944       0x5e c:/progra~2/gnuarm~1/102021~1.10/bin/../lib/gcc/arm-none-eabi/10.3.1/../../../../arm-none-eabi/lib/thumb/v7-m/nofp\libc_nano.a(lib_a-nano-reallocr.o)
                0x08003944                _realloc_r
 .text._raise_r
                0x080039a2       0x50 c:/progra~2/gnuarm~1/102021~1.10/bin/../lib/gcc/arm-none-eabi/10.3.1/../../../../arm-none-eabi/lib/thumb/v7-m/nofp\libc_nano.a(lib_a-signal.o)
                0x080039a2                _raise_r
 *fill*         0x080039f2        0x2 
 .text.raise    0x080039f4       0x10 c:/progra~2/gnuarm~1/102021~1.10/bin/../lib/gcc/arm-none-eabi/10.3.1/../../../../arm-none-eabi/lib/thumb/v7-m/nofp\libc_nano.a(lib_a-signal.o)
                0x080039f4                raise
 .text._kill_r  0x08003a04       0x24 c:/progra~2/gnuarm~1/102021~1.10/bin/../lib/gcc/arm-none-eabi/10.3.1/../../../../arm-none-eabi/lib/thumb/v7-m/nofp\libc_nano.a(lib_a-signalr.o)
                0x08003a04                _kill_r
 .text._getpid_r
                0x08003a28        0x4 c:/progra~2/gnuarm~1/102021~1.10/bin/../lib/gcc/arm-none-eabi/10.3.1/../../../../arm-none-eabi/lib/thumb/v7-m/nofp\libc_nano.a(lib_a-signalr.o)
                0x08003a28                _getpid_r
 .text.__sread  0x08003a2c       0x22 c:/progra~2/gnuarm~1/102021~1.10/bin/../lib/gcc/arm-none-eabi/10.3.1/../../../../arm-none-eabi/lib/thumb/v7-m/nofp\libc_nano.a(lib_a-stdio.o)
                0x08003a2c                __sread
 .text.__swrite
                0x08003a4e       0x38 c:/progra~2/gnuarm~1/102021~1.10/bin/../lib/gcc/arm-none-eabi/10.3.1/../../../../arm-none-eabi/lib/thumb/v7-m/nofp\libc_nano.a(lib_a-stdio.o)
                0x08003a4e                __swrite
 .text.__sseek  0x08003a86       0x24 c:/progra~2/gnuarm~1/102021~1.10/bin/../lib/gcc/arm-none-eabi/10.3.1/../../../../arm-none-eabi/lib/thumb/v7-m/nofp\libc_nano.a(lib_a-stdio.o)
                0x08003a86                __sseek
 .text.__sclose
                0x08003aaa        0x8 c:/progra~2/gnuarm~1/102021~1.10/bin/../lib/gcc/arm-none-eabi/10.3.1/../../../../arm-none-eabi/lib/thumb/v7-m/nofp\libc_nano.a(lib_a-stdio.o)
                0x08003aaa                __sclose
 *fill*         0x08003ab2        0x2 
 .text._write_r
                0x08003ab4       0x24 c:/progra~2/gnuarm~1/102021~1.10/bin/../lib/gcc/arm-none-eabi/10.3.1/../../../../arm-none-eabi/lib/thumb/v7-m/nofp\libc_nano.a(lib_a-writer.o)
                0x08003ab4                _write_r
 .text._close_r
                0x08003ad8       0x20 c:/progra~2/gnuarm~1/102021~1.10/bin/../lib/gcc/arm-none-eabi/10.3.1/../../../../arm-none-eabi/lib/thumb/v7-m/nofp\libc_nano.a(lib_a-closer.o)
                0x08003ad8                _close_r
 .text._fstat_r
                0x08003af8       0x24 c:/progra~2/gnuarm~1/102021~1.10/bin/../lib/gcc/arm-none-eabi/10.3.1/../../../../arm-none-eabi/lib/thumb/v7-m/nofp\libc_nano.a(lib_a-fstatr.o)
                0x08003af8                _fstat_r
 .text._isatty_r
                0x08003b1c       0x20 c:/progra~2/gnuarm~1/102021~1.10/bin/../lib/gcc/arm-none-eabi/10.3.1/../../../../arm-none-eabi/lib/thumb/v7-m/nofp\libc_nano.a(lib_a-isattyr.o)
                0x08003b1c                _isatty_r
 .text._lseek_r
                0x08003b3c       0x24 c:/progra~2/gnuarm~1/102021~1.10/bin/../lib/gcc/arm-none-eabi/10.3.1/../../../../arm-none-eabi/lib/thumb/v7-m/nofp\libc_nano.a(lib_a-lseekr.o)
                0x08003b3c                _lseek_r
 .text._malloc_usable_size_r
                0x08003b60       0x10 c:/progra~2/gnuarm~1/102021~1.10/bin/../lib/gcc/arm-none-eabi/10.3.1/../../../../arm-none-eabi/lib/thumb/v7-m/nofp\libc_nano.a(lib_a-nano-msizer.o)
                0x08003b60                _malloc_usable_size_r
 .text._read_r  0x08003b70       0x24 c:/progra~2/gnuarm~1/102021~1.10/bin/../lib/gcc/arm-none-eabi/10.3.1/../../../../arm-none-eabi/lib/thumb/v7-m/nofp\libc_nano.a(lib_a-readr.o)
                0x08003b70                _read_r
 .text.Reset_Handler
                0x08003b94       0x48 CMakeFiles/STM32_Bear.dir/Startup/startup_stm32f103t8ux.S.obj
                0x08003b94                Reset_Handler
 .text.Default_Handler
                0x08003bdc        0x2 CMakeFiles/STM32_Bear.dir/Startup/startup_stm32f103t8ux.S.obj
                0x08003bdc                RTC_Alarm_IRQHandler
                0x08003bdc                EXTI2_IRQHandler
                0x08003bdc                TIM1_CC_IRQHandler
                0x08003bdc                PVD_IRQHandler
                0x08003bdc                EXTI3_IRQHandler
                0x08003bdc                EXTI0_IRQHandler
                0x08003bdc                I2C2_EV_IRQHandler
                0x08003bdc                ADC1_2_IRQHandler
                0x08003bdc                SPI1_IRQHandler
                0x08003bdc                TAMPER_IRQHandler
                0x08003bdc                DMA1_Channel4_IRQHandler
                0x08003bdc                USART3_IRQHandler
                0x08003bdc                RTC_IRQHandler
                0x08003bdc                DMA1_Channel7_IRQHandler
                0x08003bdc                CAN1_RX1_IRQHandler
                0x08003bdc                TIM4_IRQHandler
                0x08003bdc                DMA1_Channel6_IRQHandler
                0x08003bdc                TIM3_IRQHandler
                0x08003bdc                RCC_IRQHandler
                0x08003bdc                TIM1_TRG_COM_IRQHandler
                0x08003bdc                DMA1_Channel1_IRQHandler
                0x08003bdc                Default_Handler
                0x08003bdc                EXTI15_10_IRQHandler
                0x08003bdc                EXTI9_5_IRQHandler
                0x08003bdc                SPI2_IRQHandler
                0x08003bdc                DMA1_Channel5_IRQHandler
                0x08003bdc                EXTI4_IRQHandler
                0x08003bdc                USB_LP_CAN1_RX0_IRQHandler
                0x08003bdc                USB_HP_CAN1_TX_IRQHandler
                0x08003bdc                DMA1_Channel3_IRQHandler
                0x08003bdc                TIM1_UP_IRQHandler
                0x08003bdc                WWDG_IRQHandler
                0x08003bdc                TIM2_IRQHandler
                0x08003bdc                TIM1_BRK_IRQHandler
                0x08003bdc                EXTI1_IRQHandler
                0x08003bdc                USART2_IRQHandler
                0x08003bdc                I2C2_ER_IRQHandler
                0x08003bdc                DMA1_Channel2_IRQHandler
                0x08003bdc                CAN1_SCE_IRQHandler
                0x08003bdc                FLASH_IRQHandler
                0x08003bdc                I2C1_ER_IRQHandler
                0x08003bdc                USBWakeUp_IRQHandler
 *fill*         0x08003bde        0x2 
 .text.Error    0x08003be0       0x14 CMakeFiles/STM32_Bear.dir/Lib/Src/BME280.c.obj
                0x08003be0                Error
 .text.I2Cx_WriteData
                0x08003bf4       0x34 CMakeFiles/STM32_Bear.dir/Lib/Src/BME280.c.obj
 .text.I2Cx_ReadData
                0x08003c28       0x3c CMakeFiles/STM32_Bear.dir/Lib/Src/BME280.c.obj
 .text.I2Cx_ReadData16
                0x08003c64       0x30 CMakeFiles/STM32_Bear.dir/Lib/Src/BME280.c.obj
 .text.BME280_WriteReg
                0x08003c94        0xe CMakeFiles/STM32_Bear.dir/Lib/Src/BME280.c.obj
                0x08003c94                BME280_WriteReg
 .text.BME280_ReadReg
                0x08003ca2        0xc CMakeFiles/STM32_Bear.dir/Lib/Src/BME280.c.obj
                0x08003ca2                BME280_ReadReg
 .text.BME280_ReadReg_U16
                0x08003cae        0xe CMakeFiles/STM32_Bear.dir/Lib/Src/BME280.c.obj
                0x08003cae                BME280_ReadReg_U16
 .text.BME280_ReadReg_S16
                0x08003cbc        0xe CMakeFiles/STM32_Bear.dir/Lib/Src/BME280.c.obj
                0x08003cbc                BME280_ReadReg_S16
 .text.BME280_ReadStatus
                0x08003cca        0xe CMakeFiles/STM32_Bear.dir/Lib/Src/BME280.c.obj
                0x08003cca                BME280_ReadStatus
 .text.BME280_ReadCoefficients
                0x08003cd8       0xcc CMakeFiles/STM32_Bear.dir/Lib/Src/BME280.c.obj
                0x08003cd8                BME280_ReadCoefficients
 .text.BME280_SetStandby
                0x08003da4       0x20 CMakeFiles/STM32_Bear.dir/Lib/Src/BME280.c.obj
                0x08003da4                BME280_SetStandby
 .text.BME280_SetFilter
                0x08003dc4       0x1c CMakeFiles/STM32_Bear.dir/Lib/Src/BME280.c.obj
                0x08003dc4                BME280_SetFilter
 .text.BME280_SetOversamplingTemper
                0x08003de0       0x20 CMakeFiles/STM32_Bear.dir/Lib/Src/BME280.c.obj
                0x08003de0                BME280_SetOversamplingTemper
 .text.BME280_SetOversamplingPressure
                0x08003e00       0x1c CMakeFiles/STM32_Bear.dir/Lib/Src/BME280.c.obj
                0x08003e00                BME280_SetOversamplingPressure
 .text.BME280_SetOversamplingHum
                0x08003e1c       0x2a CMakeFiles/STM32_Bear.dir/Lib/Src/BME280.c.obj
                0x08003e1c                BME280_SetOversamplingHum
 .text.BME280_SetMode
                0x08003e46       0x1c CMakeFiles/STM32_Bear.dir/Lib/Src/BME280.c.obj
                0x08003e46                BME280_SetMode
 .text.BME280_Init
                0x08003e62       0x5a CMakeFiles/STM32_Bear.dir/Lib/Src/BME280.c.obj
                0x08003e62                BME280_Init
 .text.BMP085_setControl
                0x08003ebc       0x20 CMakeFiles/STM32_Bear.dir/Lib/Src/BMP085.c.obj
                0x08003ebc                BMP085_setControl
 .text.BMP085_getMeasurement3
                0x08003edc       0x34 CMakeFiles/STM32_Bear.dir/Lib/Src/BMP085.c.obj
                0x08003edc                BMP085_getMeasurement3
 .text.BMP085_getMeasureDelayMilliseconds
                0x08003f10       0x34 CMakeFiles/STM32_Bear.dir/Lib/Src/BMP085.c.obj
                0x08003f10                BMP085_getMeasureDelayMilliseconds
 .text.BMP085_getRawPressure
                0x08003f44       0x28 CMakeFiles/STM32_Bear.dir/Lib/Src/BMP085.c.obj
                0x08003f44                BMP085_getRawPressure
 .text.BMP085_getPressure
                0x08003f6c       0xe4 CMakeFiles/STM32_Bear.dir/Lib/Src/BMP085.c.obj
                0x08003f6c                BMP085_getPressure
 .text.mp3_play
                0x08004050       0x70 CMakeFiles/STM32_Bear.dir/Lib/Src/dfplayer.c.obj
                0x08004050                mp3_play
 .text.I2Cdev_readBytes
                0x080040c0       0x54 CMakeFiles/STM32_Bear.dir/Lib/Src/I2Cdev.c.obj
                0x080040c0                I2Cdev_readBytes
 .text.I2Cdev_writeBytes
                0x08004114       0x2c CMakeFiles/STM32_Bear.dir/Lib/Src/I2Cdev.c.obj
                0x08004114                I2Cdev_writeBytes
 .text.I2Cdev_writeByte
                0x08004140       0x18 CMakeFiles/STM32_Bear.dir/Lib/Src/I2Cdev.c.obj
                0x08004140                I2Cdev_writeByte
 .text.MX_GPIO_Init
                0x08004158       0x30 CMakeFiles/STM32_Bear.dir/Src/main.c.obj
 .text.MX_I2C1_Init
                0x08004188       0x34 CMakeFiles/STM32_Bear.dir/Src/main.c.obj
 .text.MX_SPI1_Init
                0x080041bc       0x3c CMakeFiles/STM32_Bear.dir/Src/main.c.obj
 .text.MX_USART1_UART_Init
                0x080041f8       0x2c CMakeFiles/STM32_Bear.dir/Src/main.c.obj
 .text.i2c_scanner
                0x08004224       0x70 CMakeFiles/STM32_Bear.dir/Src/main.c.obj
                0x08004224                i2c_scanner
 .text.avrg_measure
                0x08004294       0x78 CMakeFiles/STM32_Bear.dir/Src/main.c.obj
                0x08004294                avrg_measure
 .text.SystemClock_Config
                0x0800430c       0x50 CMakeFiles/STM32_Bear.dir/Src/main.c.obj
                0x0800430c                SystemClock_Config
 .text.main     0x0800435c      0x110 CMakeFiles/STM32_Bear.dir/Src/main.c.obj
                0x0800435c                main
 .text.HAL_MspInit
                0x0800446c       0x44 CMakeFiles/STM32_Bear.dir/Src/stm32f1xx_hal_msp.c.obj
                0x0800446c                HAL_MspInit
 .text.HAL_I2C_MspInit
                0x080044b0       0x74 CMakeFiles/STM32_Bear.dir/Src/stm32f1xx_hal_msp.c.obj
                0x080044b0                HAL_I2C_MspInit
 .text.HAL_SPI_MspInit
                0x08004524       0x74 CMakeFiles/STM32_Bear.dir/Src/stm32f1xx_hal_msp.c.obj
                0x08004524                HAL_SPI_MspInit
 .text.HAL_UART_MspInit
                0x08004598       0x88 CMakeFiles/STM32_Bear.dir/Src/stm32f1xx_hal_msp.c.obj
                0x08004598                HAL_UART_MspInit
 .text.NMI_Handler
                0x08004620        0x2 CMakeFiles/STM32_Bear.dir/Src/stm32f1xx_it.c.obj
                0x08004620                NMI_Handler
 .text.HardFault_Handler
                0x08004622        0x2 CMakeFiles/STM32_Bear.dir/Src/stm32f1xx_it.c.obj
                0x08004622                HardFault_Handler
 .text.MemManage_Handler
                0x08004624        0x2 CMakeFiles/STM32_Bear.dir/Src/stm32f1xx_it.c.obj
                0x08004624                MemManage_Handler
 .text.BusFault_Handler
                0x08004626        0x2 CMakeFiles/STM32_Bear.dir/Src/stm32f1xx_it.c.obj
                0x08004626                BusFault_Handler
 .text.UsageFault_Handler
                0x08004628        0x2 CMakeFiles/STM32_Bear.dir/Src/stm32f1xx_it.c.obj
                0x08004628                UsageFault_Handler
 .text.SVC_Handler
                0x0800462a        0x2 CMakeFiles/STM32_Bear.dir/Src/stm32f1xx_it.c.obj
                0x0800462a                SVC_Handler
 .text.DebugMon_Handler
                0x0800462c        0x2 CMakeFiles/STM32_Bear.dir/Src/stm32f1xx_it.c.obj
                0x0800462c                DebugMon_Handler
 .text.PendSV_Handler
                0x0800462e        0x2 CMakeFiles/STM32_Bear.dir/Src/stm32f1xx_it.c.obj
                0x0800462e                PendSV_Handler
 .text.SysTick_Handler
                0x08004630        0x8 CMakeFiles/STM32_Bear.dir/Src/stm32f1xx_it.c.obj
                0x08004630                SysTick_Handler
 .text.I2C1_EV_IRQHandler
                0x08004638       0x10 CMakeFiles/STM32_Bear.dir/Src/stm32f1xx_it.c.obj
                0x08004638                I2C1_EV_IRQHandler
 .text.USART1_IRQHandler
                0x08004648       0x40 CMakeFiles/STM32_Bear.dir/Src/stm32f1xx_it.c.obj
                0x08004648                USART1_IRQHandler
 .text._getpid  0x08004688        0x4 CMakeFiles/STM32_Bear.dir/Src/syscalls.c.obj
                0x08004688                _getpid
 .text._kill    0x0800468c       0x10 CMakeFiles/STM32_Bear.dir/Src/syscalls.c.obj
                0x0800468c                _kill
 .text._exit    0x0800469c        0xc CMakeFiles/STM32_Bear.dir/Src/syscalls.c.obj
                0x0800469c                _exit
 .text._read    0x080046a8       0x20 CMakeFiles/STM32_Bear.dir/Src/syscalls.c.obj
                0x080046a8                _read
 .text._write   0x080046c8       0x1c CMakeFiles/STM32_Bear.dir/Src/syscalls.c.obj
                0x080046c8                _write
 .text._close   0x080046e4        0x6 CMakeFiles/STM32_Bear.dir/Src/syscalls.c.obj
                0x080046e4                _close
 .text._fstat   0x080046ea        0xa CMakeFiles/STM32_Bear.dir/Src/syscalls.c.obj
                0x080046ea                _fstat
 .text._isatty  0x080046f4        0x4 CMakeFiles/STM32_Bear.dir/Src/syscalls.c.obj
                0x080046f4                _isatty
 .text._lseek   0x080046f8        0x4 CMakeFiles/STM32_Bear.dir/Src/syscalls.c.obj
                0x080046f8                _lseek
 .text._sbrk    0x080046fc       0x48 CMakeFiles/STM32_Bear.dir/Src/sysmem.c.obj
                0x080046fc                _sbrk
 .text.SystemInit
                0x08004744        0x2 CMakeFiles/STM32_Bear.dir/Src/system_stm32f1xx.c.obj
                0x08004744                SystemInit
 *fill*         0x08004746        0x2 
 .text.HAL_InitTick
                0x08004748       0x4c CMakeFiles/STM32_Bear.dir/Drivers/STM32F1xx_HAL_Driver/Src/stm32f1xx_hal.c.obj
                0x08004748                HAL_InitTick
 .text.HAL_Init
                0x08004794       0x24 CMakeFiles/STM32_Bear.dir/Drivers/STM32F1xx_HAL_Driver/Src/stm32f1xx_hal.c.obj
                0x08004794                HAL_Init
 .text.HAL_IncTick
                0x080047b8       0x18 CMakeFiles/STM32_Bear.dir/Drivers/STM32F1xx_HAL_Driver/Src/stm32f1xx_hal.c.obj
                0x080047b8                HAL_IncTick
 .text.HAL_GetTick
                0x080047d0        0xc CMakeFiles/STM32_Bear.dir/Drivers/STM32F1xx_HAL_Driver/Src/stm32f1xx_hal.c.obj
                0x080047d0                HAL_GetTick
 .text.HAL_Delay
                0x080047dc       0x28 CMakeFiles/STM32_Bear.dir/Drivers/STM32F1xx_HAL_Driver/Src/stm32f1xx_hal.c.obj
                0x080047dc                HAL_Delay
 .text.HAL_NVIC_SetPriorityGrouping
                0x08004804       0x24 CMakeFiles/STM32_Bear.dir/Drivers/STM32F1xx_HAL_Driver/Src/stm32f1xx_hal_cortex.c.obj
                0x08004804                HAL_NVIC_SetPriorityGrouping
 .text.HAL_NVIC_SetPriority
                0x08004828       0x70 CMakeFiles/STM32_Bear.dir/Drivers/STM32F1xx_HAL_Driver/Src/stm32f1xx_hal_cortex.c.obj
                0x08004828                HAL_NVIC_SetPriority
 .text.HAL_NVIC_EnableIRQ
                0x08004898       0x1c CMakeFiles/STM32_Bear.dir/Drivers/STM32F1xx_HAL_Driver/Src/stm32f1xx_hal_cortex.c.obj
                0x08004898                HAL_NVIC_EnableIRQ
 .text.HAL_SYSTICK_Config
                0x080048b4       0x28 CMakeFiles/STM32_Bear.dir/Drivers/STM32F1xx_HAL_Driver/Src/stm32f1xx_hal_cortex.c.obj
                0x080048b4                HAL_SYSTICK_Config
 .text.HAL_DMA_Abort
                0x080048dc       0x44 CMakeFiles/STM32_Bear.dir/Drivers/STM32F1xx_HAL_Driver/Src/stm32f1xx_hal_dma.c.obj
                0x080048dc                HAL_DMA_Abort
 .text.HAL_DMA_Abort_IT
                0x08004920       0x98 CMakeFiles/STM32_Bear.dir/Drivers/STM32F1xx_HAL_Driver/Src/stm32f1xx_hal_dma.c.obj
                0x08004920                HAL_DMA_Abort_IT
 .text.HAL_DMA_GetState
                0x080049b8        0x6 CMakeFiles/STM32_Bear.dir/Drivers/STM32F1xx_HAL_Driver/Src/stm32f1xx_hal_dma.c.obj
                0x080049b8                HAL_DMA_GetState
 *fill*         0x080049be        0x2 
 .text.HAL_GPIO_Init
                0x080049c0      0x224 CMakeFiles/STM32_Bear.dir/Drivers/STM32F1xx_HAL_Driver/Src/stm32f1xx_hal_gpio.c.obj
                0x080049c0                HAL_GPIO_Init
 .text.HAL_GPIO_WritePin
                0x08004be4        0xc CMakeFiles/STM32_Bear.dir/Drivers/STM32F1xx_HAL_Driver/Src/stm32f1xx_hal_gpio.c.obj
                0x08004be4                HAL_GPIO_WritePin
 .text.I2C_Master_SB
                0x08004bf0       0xa8 CMakeFiles/STM32_Bear.dir/Drivers/STM32F1xx_HAL_Driver/Src/stm32f1xx_hal_i2c.c.obj
 .text.I2C_Master_ADD10
                0x08004c98       0x2a CMakeFiles/STM32_Bear.dir/Drivers/STM32F1xx_HAL_Driver/Src/stm32f1xx_hal_i2c.c.obj
 .text.I2C_Master_ADDR
                0x08004cc2      0x216 CMakeFiles/STM32_Bear.dir/Drivers/STM32F1xx_HAL_Driver/Src/stm32f1xx_hal_i2c.c.obj
 .text.I2C_SlaveTransmit_BTF
                0x08004ed8       0x20 CMakeFiles/STM32_Bear.dir/Drivers/STM32F1xx_HAL_Driver/Src/stm32f1xx_hal_i2c.c.obj
 .text.I2C_SlaveReceive_BTF
                0x08004ef8       0x20 CMakeFiles/STM32_Bear.dir/Drivers/STM32F1xx_HAL_Driver/Src/stm32f1xx_hal_i2c.c.obj
 .text.I2C_WaitOnSTOPRequestThroughIT
                0x08004f18       0x48 CMakeFiles/STM32_Bear.dir/Drivers/STM32F1xx_HAL_Driver/Src/stm32f1xx_hal_i2c.c.obj
 .text.I2C_IsAcknowledgeFailed
                0x08004f60       0x32 CMakeFiles/STM32_Bear.dir/Drivers/STM32F1xx_HAL_Driver/Src/stm32f1xx_hal_i2c.c.obj
 .text.I2C_ConvertOtherXferOptions
                0x08004f92       0x1e CMakeFiles/STM32_Bear.dir/Drivers/STM32F1xx_HAL_Driver/Src/stm32f1xx_hal_i2c.c.obj
 .text.I2C_WaitOnFlagUntilTimeout
                0x08004fb0       0x7c CMakeFiles/STM32_Bear.dir/Drivers/STM32F1xx_HAL_Driver/Src/stm32f1xx_hal_i2c.c.obj
 .text.I2C_WaitOnMasterAddressFlagUntilTimeout
                0x0800502c       0xaa CMakeFiles/STM32_Bear.dir/Drivers/STM32F1xx_HAL_Driver/Src/stm32f1xx_hal_i2c.c.obj
 *fill*         0x080050d6        0x2 
 .text.I2C_MasterRequestWrite
                0x080050d8       0xb4 CMakeFiles/STM32_Bear.dir/Drivers/STM32F1xx_HAL_Driver/Src/stm32f1xx_hal_i2c.c.obj
 .text.I2C_MasterRequestRead
                0x0800518c      0x120 CMakeFiles/STM32_Bear.dir/Drivers/STM32F1xx_HAL_Driver/Src/stm32f1xx_hal_i2c.c.obj
 .text.I2C_WaitOnTXEFlagUntilTimeout
                0x080052ac       0x54 CMakeFiles/STM32_Bear.dir/Drivers/STM32F1xx_HAL_Driver/Src/stm32f1xx_hal_i2c.c.obj
 .text.I2C_RequestMemoryWrite
                0x08005300       0xd8 CMakeFiles/STM32_Bear.dir/Drivers/STM32F1xx_HAL_Driver/Src/stm32f1xx_hal_i2c.c.obj
 .text.I2C_RequestMemoryRead
                0x080053d8      0x154 CMakeFiles/STM32_Bear.dir/Drivers/STM32F1xx_HAL_Driver/Src/stm32f1xx_hal_i2c.c.obj
 .text.I2C_WaitOnBTFFlagUntilTimeout
                0x0800552c       0x54 CMakeFiles/STM32_Bear.dir/Drivers/STM32F1xx_HAL_Driver/Src/stm32f1xx_hal_i2c.c.obj
 .text.I2C_WaitOnRXNEFlagUntilTimeout
                0x08005580       0x6a CMakeFiles/STM32_Bear.dir/Drivers/STM32F1xx_HAL_Driver/Src/stm32f1xx_hal_i2c.c.obj
 *fill*         0x080055ea        0x2 
 .text.HAL_I2C_Init
                0x080055ec      0x1bc CMakeFiles/STM32_Bear.dir/Drivers/STM32F1xx_HAL_Driver/Src/stm32f1xx_hal_i2c.c.obj
                0x080055ec                HAL_I2C_Init
 .text.HAL_I2C_Master_Transmit
                0x080057a8      0x178 CMakeFiles/STM32_Bear.dir/Drivers/STM32F1xx_HAL_Driver/Src/stm32f1xx_hal_i2c.c.obj
                0x080057a8                HAL_I2C_Master_Transmit
 .text.HAL_I2C_Master_Receive
                0x08005920      0x344 CMakeFiles/STM32_Bear.dir/Drivers/STM32F1xx_HAL_Driver/Src/stm32f1xx_hal_i2c.c.obj
                0x08005920                HAL_I2C_Master_Receive
 .text.HAL_I2C_Mem_Write
                0x08005c64      0x164 CMakeFiles/STM32_Bear.dir/Drivers/STM32F1xx_HAL_Driver/Src/stm32f1xx_hal_i2c.c.obj
                0x08005c64                HAL_I2C_Mem_Write
 .text.HAL_I2C_Mem_Read
                0x08005dc8      0x348 CMakeFiles/STM32_Bear.dir/Drivers/STM32F1xx_HAL_Driver/Src/stm32f1xx_hal_i2c.c.obj
                0x08005dc8                HAL_I2C_Mem_Read
 .text.HAL_I2C_IsDeviceReady
                0x08006110      0x194 CMakeFiles/STM32_Bear.dir/Drivers/STM32F1xx_HAL_Driver/Src/stm32f1xx_hal_i2c.c.obj
                0x08006110                HAL_I2C_IsDeviceReady
 .text.HAL_I2C_MasterTxCpltCallback
                0x080062a4        0x2 CMakeFiles/STM32_Bear.dir/Drivers/STM32F1xx_HAL_Driver/Src/stm32f1xx_hal_i2c.c.obj
                0x080062a4                HAL_I2C_MasterTxCpltCallback
 .text.HAL_I2C_MasterRxCpltCallback
                0x080062a6        0x2 CMakeFiles/STM32_Bear.dir/Drivers/STM32F1xx_HAL_Driver/Src/stm32f1xx_hal_i2c.c.obj
                0x080062a6                HAL_I2C_MasterRxCpltCallback
 .text.HAL_I2C_SlaveTxCpltCallback
                0x080062a8        0x2 CMakeFiles/STM32_Bear.dir/Drivers/STM32F1xx_HAL_Driver/Src/stm32f1xx_hal_i2c.c.obj
                0x080062a8                HAL_I2C_SlaveTxCpltCallback
 .text.I2C_SlaveTransmit_TXE
                0x080062aa       0x4c CMakeFiles/STM32_Bear.dir/Drivers/STM32F1xx_HAL_Driver/Src/stm32f1xx_hal_i2c.c.obj
 .text.HAL_I2C_SlaveRxCpltCallback
                0x080062f6        0x2 CMakeFiles/STM32_Bear.dir/Drivers/STM32F1xx_HAL_Driver/Src/stm32f1xx_hal_i2c.c.obj
                0x080062f6                HAL_I2C_SlaveRxCpltCallback
 .text.I2C_SlaveReceive_RXNE
                0x080062f8       0x4c CMakeFiles/STM32_Bear.dir/Drivers/STM32F1xx_HAL_Driver/Src/stm32f1xx_hal_i2c.c.obj
 .text.HAL_I2C_AddrCallback
                0x08006344        0x2 CMakeFiles/STM32_Bear.dir/Drivers/STM32F1xx_HAL_Driver/Src/stm32f1xx_hal_i2c.c.obj
                0x08006344                HAL_I2C_AddrCallback
 .text.I2C_Slave_ADDR
                0x08006346       0x5a CMakeFiles/STM32_Bear.dir/Drivers/STM32F1xx_HAL_Driver/Src/stm32f1xx_hal_i2c.c.obj
 .text.HAL_I2C_ListenCpltCallback
                0x080063a0        0x2 CMakeFiles/STM32_Bear.dir/Drivers/STM32F1xx_HAL_Driver/Src/stm32f1xx_hal_i2c.c.obj
                0x080063a0                HAL_I2C_ListenCpltCallback
 .text.HAL_I2C_MemTxCpltCallback
                0x080063a2        0x2 CMakeFiles/STM32_Bear.dir/Drivers/STM32F1xx_HAL_Driver/Src/stm32f1xx_hal_i2c.c.obj
                0x080063a2                HAL_I2C_MemTxCpltCallback
 .text.I2C_MasterTransmit_BTF
                0x080063a4       0x9e CMakeFiles/STM32_Bear.dir/Drivers/STM32F1xx_HAL_Driver/Src/stm32f1xx_hal_i2c.c.obj
 .text.I2C_MemoryTransmit_TXE_BTF
                0x08006442       0xbe CMakeFiles/STM32_Bear.dir/Drivers/STM32F1xx_HAL_Driver/Src/stm32f1xx_hal_i2c.c.obj
 .text.I2C_MasterTransmit_TXE
                0x08006500       0xd0 CMakeFiles/STM32_Bear.dir/Drivers/STM32F1xx_HAL_Driver/Src/stm32f1xx_hal_i2c.c.obj
 .text.HAL_I2C_MemRxCpltCallback
                0x080065d0        0x2 CMakeFiles/STM32_Bear.dir/Drivers/STM32F1xx_HAL_Driver/Src/stm32f1xx_hal_i2c.c.obj
                0x080065d0                HAL_I2C_MemRxCpltCallback
 .text.I2C_MasterReceive_BTF
                0x080065d2      0x128 CMakeFiles/STM32_Bear.dir/Drivers/STM32F1xx_HAL_Driver/Src/stm32f1xx_hal_i2c.c.obj
 .text.HAL_I2C_ErrorCallback
                0x080066fa        0x2 CMakeFiles/STM32_Bear.dir/Drivers/STM32F1xx_HAL_Driver/Src/stm32f1xx_hal_i2c.c.obj
                0x080066fa                HAL_I2C_ErrorCallback
 .text.I2C_MasterReceive_RXNE
                0x080066fc       0xec CMakeFiles/STM32_Bear.dir/Drivers/STM32F1xx_HAL_Driver/Src/stm32f1xx_hal_i2c.c.obj
 .text.HAL_I2C_AbortCpltCallback
                0x080067e8        0x2 CMakeFiles/STM32_Bear.dir/Drivers/STM32F1xx_HAL_Driver/Src/stm32f1xx_hal_i2c.c.obj
                0x080067e8                HAL_I2C_AbortCpltCallback
 *fill*         0x080067ea        0x2 
 .text.I2C_DMAAbort
                0x080067ec       0xe4 CMakeFiles/STM32_Bear.dir/Drivers/STM32F1xx_HAL_Driver/Src/stm32f1xx_hal_i2c.c.obj
 .text.I2C_ITError
                0x080068d0      0x174 CMakeFiles/STM32_Bear.dir/Drivers/STM32F1xx_HAL_Driver/Src/stm32f1xx_hal_i2c.c.obj
 .text.I2C_Slave_STOPF
                0x08006a44      0x18c CMakeFiles/STM32_Bear.dir/Drivers/STM32F1xx_HAL_Driver/Src/stm32f1xx_hal_i2c.c.obj
 .text.HAL_I2C_EV_IRQHandler
                0x08006bd0      0x1a0 CMakeFiles/STM32_Bear.dir/Drivers/STM32F1xx_HAL_Driver/Src/stm32f1xx_hal_i2c.c.obj
                0x08006bd0                HAL_I2C_EV_IRQHandler
 .text.RCC_Delay
                0x08006d70       0x2c CMakeFiles/STM32_Bear.dir/Drivers/STM32F1xx_HAL_Driver/Src/stm32f1xx_hal_rcc.c.obj
 .text.HAL_RCC_OscConfig
                0x08006d9c      0x410 CMakeFiles/STM32_Bear.dir/Drivers/STM32F1xx_HAL_Driver/Src/stm32f1xx_hal_rcc.c.obj
                0x08006d9c                HAL_RCC_OscConfig
 .text.HAL_RCC_GetSysClockFreq
                0x080071ac       0x70 CMakeFiles/STM32_Bear.dir/Drivers/STM32F1xx_HAL_Driver/Src/stm32f1xx_hal_rcc.c.obj
                0x080071ac                HAL_RCC_GetSysClockFreq
 .text.HAL_RCC_ClockConfig
                0x0800721c      0x16c CMakeFiles/STM32_Bear.dir/Drivers/STM32F1xx_HAL_Driver/Src/stm32f1xx_hal_rcc.c.obj
                0x0800721c                HAL_RCC_ClockConfig
 .text.HAL_RCC_GetHCLKFreq
                0x08007388        0xc CMakeFiles/STM32_Bear.dir/Drivers/STM32F1xx_HAL_Driver/Src/stm32f1xx_hal_rcc.c.obj
                0x08007388                HAL_RCC_GetHCLKFreq
 .text.HAL_RCC_GetPCLK1Freq
                0x08007394       0x20 CMakeFiles/STM32_Bear.dir/Drivers/STM32F1xx_HAL_Driver/Src/stm32f1xx_hal_rcc.c.obj
                0x08007394                HAL_RCC_GetPCLK1Freq
 .text.HAL_RCC_GetPCLK2Freq
                0x080073b4       0x20 CMakeFiles/STM32_Bear.dir/Drivers/STM32F1xx_HAL_Driver/Src/stm32f1xx_hal_rcc.c.obj
                0x080073b4                HAL_RCC_GetPCLK2Freq
 .text.HAL_SPI_Init
                0x080073d4       0xb6 CMakeFiles/STM32_Bear.dir/Drivers/STM32F1xx_HAL_Driver/Src/stm32f1xx_hal_spi.c.obj
                0x080073d4                HAL_SPI_Init
 .text.UART_EndRxTransfer
                0x0800748a       0x32 CMakeFiles/STM32_Bear.dir/Drivers/STM32F1xx_HAL_Driver/Src/stm32f1xx_hal_uart.c.obj
 .text.UART_Transmit_IT
                0x080074bc       0x60 CMakeFiles/STM32_Bear.dir/Drivers/STM32F1xx_HAL_Driver/Src/stm32f1xx_hal_uart.c.obj
 .text.UART_SetConfig
                0x0800751c       0x94 CMakeFiles/STM32_Bear.dir/Drivers/STM32F1xx_HAL_Driver/Src/stm32f1xx_hal_uart.c.obj
 .text.UART_WaitOnFlagUntilTimeout
                0x080075b0       0x6c CMakeFiles/STM32_Bear.dir/Drivers/STM32F1xx_HAL_Driver/Src/stm32f1xx_hal_uart.c.obj
 .text.HAL_UART_Init
                0x0800761c       0x5e CMakeFiles/STM32_Bear.dir/Drivers/STM32F1xx_HAL_Driver/Src/stm32f1xx_hal_uart.c.obj
                0x0800761c                HAL_UART_Init
 .text.HAL_UART_Transmit
                0x0800767a       0xd8 CMakeFiles/STM32_Bear.dir/Drivers/STM32F1xx_HAL_Driver/Src/stm32f1xx_hal_uart.c.obj
                0x0800767a                HAL_UART_Transmit
 .text.HAL_UART_TxCpltCallback
                0x08007752        0x2 CMakeFiles/STM32_Bear.dir/Drivers/STM32F1xx_HAL_Driver/Src/stm32f1xx_hal_uart.c.obj
                0x08007752                HAL_UART_TxCpltCallback
 .text.UART_EndTransmit_IT
                0x08007754       0x1a CMakeFiles/STM32_Bear.dir/Drivers/STM32F1xx_HAL_Driver/Src/stm32f1xx_hal_uart.c.obj
 .text.HAL_UART_RxCpltCallback
                0x0800776e        0x2 CMakeFiles/STM32_Bear.dir/Drivers/STM32F1xx_HAL_Driver/Src/stm32f1xx_hal_uart.c.obj
                0x0800776e                HAL_UART_RxCpltCallback
 .text.HAL_UART_ErrorCallback
                0x08007770        0x2 CMakeFiles/STM32_Bear.dir/Drivers/STM32F1xx_HAL_Driver/Src/stm32f1xx_hal_uart.c.obj
                0x08007770                HAL_UART_ErrorCallback
 .text.UART_DMAAbortOnError
                0x08007772       0x10 CMakeFiles/STM32_Bear.dir/Drivers/STM32F1xx_HAL_Driver/Src/stm32f1xx_hal_uart.c.obj
 .text.HAL_UARTEx_RxEventCallback
                0x08007782        0x2 CMakeFiles/STM32_Bear.dir/Drivers/STM32F1xx_HAL_Driver/Src/stm32f1xx_hal_uart.c.obj
                0x08007782                HAL_UARTEx_RxEventCallback
 .text.UART_Receive_IT
                0x08007784       0xd4 CMakeFiles/STM32_Bear.dir/Drivers/STM32F1xx_HAL_Driver/Src/stm32f1xx_hal_uart.c.obj
 .text.HAL_UART_IRQHandler
                0x08007858      0x204 CMakeFiles/STM32_Bear.dir/Drivers/STM32F1xx_HAL_Driver/Src/stm32f1xx_hal_uart.c.obj
                0x08007858                HAL_UART_IRQHandler
 .text.__errno  0x08007a5c        0xc c:/progra~2/gnuarm~1/102021~1.10/bin/../lib/gcc/arm-none-eabi/10.3.1/../../../../arm-none-eabi/lib/thumb/v7-m/nofp\libg_nano.a(lib_a-errno.o)
                0x08007a5c                __errno
 .text.printf   0x08007a68       0x30 c:/progra~2/gnuarm~1/102021~1.10/bin/../lib/gcc/arm-none-eabi/10.3.1/../../../../arm-none-eabi/lib/thumb/v7-m/nofp\libg_nano.a(lib_a-printf.o)
                0x08007a68                iprintf
                0x08007a68                printf
 .text.sprintf  0x08007a98       0x40 c:/progra~2/gnuarm~1/102021~1.10/bin/../lib/gcc/arm-none-eabi/10.3.1/../../../../arm-none-eabi/lib/thumb/v7-m/nofp\libg_nano.a(lib_a-sprintf.o)
                0x08007a98                siprintf
                0x08007a98                sprintf
 .text.strcat   0x08007ad8       0x1e c:/progra~2/gnuarm~1/102021~1.10/bin/../lib/gcc/arm-none-eabi/10.3.1/../../../../arm-none-eabi/lib/thumb/v7-m/nofp\libg_nano.a(lib_a-strcat.o)
                0x08007ad8                strcat
 .text.__ssputs_r
                0x08007af6       0xb6 c:/progra~2/gnuarm~1/102021~1.10/bin/../lib/gcc/arm-none-eabi/10.3.1/../../../../arm-none-eabi/lib/thumb/v7-m/nofp\libg_nano.a(lib_a-nano-svfprintf.o)
                0x08007af6                __ssputs_r
 .text._svfprintf_r
                0x08007bac      0x200 c:/progra~2/gnuarm~1/102021~1.10/bin/../lib/gcc/arm-none-eabi/10.3.1/../../../../arm-none-eabi/lib/thumb/v7-m/nofp\libg_nano.a(lib_a-nano-svfprintf.o)
                0x08007bac                _svfiprintf_r
                0x08007bac                _svfprintf_r
 *(.glue_7)
 .glue_7        0x08007dac        0x0 linker stubs
 *(.glue_7t)
 .glue_7t       0x08007dac        0x0 linker stubs
 *(.eh_frame)
 .eh_frame      0x08007dac        0x0 c:/progra~2/gnuarm~1/102021~1.10/bin/../lib/gcc/arm-none-eabi/10.3.1/thumb/v7-m/nofp/crtbegin.o
 *(.init)
 .init          0x08007dac        0x4 c:/progra~2/gnuarm~1/102021~1.10/bin/../lib/gcc/arm-none-eabi/10.3.1/thumb/v7-m/nofp/crti.o
                0x08007dac                _init
 .init          0x08007db0        0x8 c:/progra~2/gnuarm~1/102021~1.10/bin/../lib/gcc/arm-none-eabi/10.3.1/thumb/v7-m/nofp/crtn.o
 *(.fini)
 .fini          0x08007db8        0x4 c:/progra~2/gnuarm~1/102021~1.10/bin/../lib/gcc/arm-none-eabi/10.3.1/thumb/v7-m/nofp/crti.o
                0x08007db8                _fini
 .fini          0x08007dbc        0x8 c:/progra~2/gnuarm~1/102021~1.10/bin/../lib/gcc/arm-none-eabi/10.3.1/thumb/v7-m/nofp/crtn.o
                0x08007dc4                . = ALIGN (0x4)
                0x08007dc4                _etext = .

.vfp11_veneer   0x08007dc4        0x0
 .vfp11_veneer  0x08007dc4        0x0 linker stubs

.v4_bx          0x08007dc4        0x0
 .v4_bx         0x08007dc4        0x0 linker stubs

.iplt           0x08007dc4        0x0
 .iplt          0x08007dc4        0x0 c:/progra~2/gnuarm~1/102021~1.10/bin/../lib/gcc/arm-none-eabi/10.3.1/thumb/v7-m/nofp/crtbegin.o

.rodata         0x08007dc8      0x480
                0x08007dc8                . = ALIGN (0x4)
 *(.rodata)
 *(.rodata*)
 .rodata._global_impure_ptr
                0x08007dc8        0x4 c:/progra~2/gnuarm~1/102021~1.10/bin/../lib/gcc/arm-none-eabi/10.3.1/../../../../arm-none-eabi/lib/thumb/v7-m/nofp\libc_nano.a(lib_a-impure.o)
                0x08007dc8                _global_impure_ptr
 .rodata._printf_float.str1.1
                0x08007dcc       0x12 c:/progra~2/gnuarm~1/102021~1.10/bin/../lib/gcc/arm-none-eabi/10.3.1/../../../../arm-none-eabi/lib/thumb/v7-m/nofp\libc_nano.a(lib_a-nano-vfprintf_float.o)
 .rodata._printf_i.str1.1
                0x08007dde       0x22 c:/progra~2/gnuarm~1/102021~1.10/bin/../lib/gcc/arm-none-eabi/10.3.1/../../../../arm-none-eabi/lib/thumb/v7-m/nofp\libc_nano.a(lib_a-nano-vfprintf_i.o)
 .rodata._dtoa_r.str1.1
                0x08007e00       0xb3 c:/progra~2/gnuarm~1/102021~1.10/bin/../lib/gcc/arm-none-eabi/10.3.1/../../../../arm-none-eabi/lib/thumb/v7-m/nofp\libc_nano.a(lib_a-dtoa.o)
                                 0xb5 (size before relaxing)
 .rodata._Balloc.str1.1
                0x08007eb3       0x7f c:/progra~2/gnuarm~1/102021~1.10/bin/../lib/gcc/arm-none-eabi/10.3.1/../../../../arm-none-eabi/lib/thumb/v7-m/nofp\libc_nano.a(lib_a-mprec.o)
                                 0x96 (size before relaxing)
 .rodata.__multadd.str1.1
                0x08007f32       0x11 c:/progra~2/gnuarm~1/102021~1.10/bin/../lib/gcc/arm-none-eabi/10.3.1/../../../../arm-none-eabi/lib/thumb/v7-m/nofp\libc_nano.a(lib_a-mprec.o)
 *fill*         0x08007f32        0x6 
 .rodata.__mprec_bigtens
                0x08007f38       0x28 c:/progra~2/gnuarm~1/102021~1.10/bin/../lib/gcc/arm-none-eabi/10.3.1/../../../../arm-none-eabi/lib/thumb/v7-m/nofp\libc_nano.a(lib_a-mprec.o)
                0x08007f38                __mprec_bigtens
 .rodata.__mprec_tens
                0x08007f60       0xc8 c:/progra~2/gnuarm~1/102021~1.10/bin/../lib/gcc/arm-none-eabi/10.3.1/../../../../arm-none-eabi/lib/thumb/v7-m/nofp\libc_nano.a(lib_a-mprec.o)
                0x08007f60                __mprec_tens
 .rodata.p05.0  0x08008028        0xc c:/progra~2/gnuarm~1/102021~1.10/bin/../lib/gcc/arm-none-eabi/10.3.1/../../../../arm-none-eabi/lib/thumb/v7-m/nofp\libc_nano.a(lib_a-mprec.o)
 .rodata.__assert_func.str1.1
                0x08008034       0x3c c:/progra~2/gnuarm~1/102021~1.10/bin/../lib/gcc/arm-none-eabi/10.3.1/../../../../arm-none-eabi/lib/thumb/v7-m/nofp\libc_nano.a(lib_a-assert.o)
                                 0x3d (size before relaxing)
 .rodata._setlocale_r.str1.1
                0x08008070        0x8 c:/progra~2/gnuarm~1/102021~1.10/bin/../lib/gcc/arm-none-eabi/10.3.1/../../../../arm-none-eabi/lib/thumb/v7-m/nofp\libc_nano.a(lib_a-locale.o)
                                  0x9 (size before relaxing)
 .rodata.str1.1
                0x08008078        0x2 c:/progra~2/gnuarm~1/102021~1.10/bin/../lib/gcc/arm-none-eabi/10.3.1/../../../../arm-none-eabi/lib/thumb/v7-m/nofp\libc_nano.a(lib_a-locale.o)
 .rodata._vfprintf_r.str1.1
                0x0800807a       0x11 c:/progra~2/gnuarm~1/102021~1.10/bin/../lib/gcc/arm-none-eabi/10.3.1/../../../../arm-none-eabi/lib/thumb/v7-m/nofp\libc_nano.a(lib_a-nano-vfprintf.o)
 .rodata._ctype_
                0x0800808b      0x101 c:/progra~2/gnuarm~1/102021~1.10/bin/../lib/gcc/arm-none-eabi/10.3.1/../../../../arm-none-eabi/lib/thumb/v7-m/nofp\libc_nano.a(lib_a-ctype_.o)
                0x0800808b                _ctype_
 .rodata.__sf_fake_stderr
                0x0800818c       0x20 c:/progra~2/gnuarm~1/102021~1.10/bin/../lib/gcc/arm-none-eabi/10.3.1/../../../../arm-none-eabi/lib/thumb/v7-m/nofp\libc_nano.a(lib_a-findfp.o)
                0x0800818c                __sf_fake_stderr
 .rodata.__sf_fake_stdin
                0x080081ac       0x20 c:/progra~2/gnuarm~1/102021~1.10/bin/../lib/gcc/arm-none-eabi/10.3.1/../../../../arm-none-eabi/lib/thumb/v7-m/nofp\libc_nano.a(lib_a-findfp.o)
                0x080081ac                __sf_fake_stdin
 .rodata.__sf_fake_stdout
                0x080081cc       0x20 c:/progra~2/gnuarm~1/102021~1.10/bin/../lib/gcc/arm-none-eabi/10.3.1/../../../../arm-none-eabi/lib/thumb/v7-m/nofp\libc_nano.a(lib_a-findfp.o)
                0x080081cc                __sf_fake_stdout
 .rodata.i2c_scanner.str1.4
                0x080081ec        0x6 CMakeFiles/STM32_Bear.dir/Src/main.c.obj
 *fill*         0x080081f2        0x2 
 .rodata.main.str1.4
                0x080081f4       0x27 CMakeFiles/STM32_Bear.dir/Src/main.c.obj
 *fill*         0x0800821b        0x1 
 .rodata.AHBPrescTable
                0x0800821c       0x10 CMakeFiles/STM32_Bear.dir/Src/system_stm32f1xx.c.obj
                0x0800821c                AHBPrescTable
 .rodata.APBPrescTable
                0x0800822c        0x8 CMakeFiles/STM32_Bear.dir/Src/system_stm32f1xx.c.obj
                0x0800822c                APBPrescTable
 .rodata.HAL_RCC_GetSysClockFreq.str1.4
                0x08008234       0x11 CMakeFiles/STM32_Bear.dir/Drivers/STM32F1xx_HAL_Driver/Src/stm32f1xx_hal_rcc.c.obj
 .rodata._svfprintf_r.str1.1
                0x08008245       0x11 c:/progra~2/gnuarm~1/102021~1.10/bin/../lib/gcc/arm-none-eabi/10.3.1/../../../../arm-none-eabi/lib/thumb/v7-m/nofp\libg_nano.a(lib_a-nano-svfprintf.o)
                0x08008258                . = ALIGN (0x4)
 *fill*         0x08008245        0x3 

.rel.dyn        0x08008248        0x0
 .rel.iplt      0x08008248        0x0 c:/progra~2/gnuarm~1/102021~1.10/bin/../lib/gcc/arm-none-eabi/10.3.1/thumb/v7-m/nofp/crtbegin.o

.ARM.extab      0x08008248        0x0
                0x08008248                . = ALIGN (0x4)
 *(.ARM.extab* .gnu.linkonce.armextab.*)
                0x08008248                . = ALIGN (0x4)

.ARM            0x08008248        0x0
                0x08008248                . = ALIGN (0x4)
                0x08008248                __exidx_start = .
 *(.ARM.exidx*)
                0x08008248                __exidx_end = .
                0x08008248                . = ALIGN (0x4)

.preinit_array  0x08008248        0x0
                0x08008248                . = ALIGN (0x4)
                0x08008248                PROVIDE (__preinit_array_start = .)
 *(.preinit_array*)
                0x08008248                PROVIDE (__preinit_array_end = .)
                0x08008248                . = ALIGN (0x4)

.init_array     0x08008248        0x4
                0x08008248                . = ALIGN (0x4)
                0x08008248                PROVIDE (__init_array_start = .)
 *(SORT_BY_NAME(.init_array.*))
 *(.init_array*)
 .init_array    0x08008248        0x4 c:/progra~2/gnuarm~1/102021~1.10/bin/../lib/gcc/arm-none-eabi/10.3.1/thumb/v7-m/nofp/crtbegin.o
                0x0800824c                PROVIDE (__init_array_end = .)
                0x0800824c                . = ALIGN (0x4)

.fini_array     0x0800824c        0x4
                0x0800824c                . = ALIGN (0x4)
                [!provide]                PROVIDE (__fini_array_start = .)
 *(SORT_BY_NAME(.fini_array.*))
 *(.fini_array*)
 .fini_array    0x0800824c        0x4 c:/progra~2/gnuarm~1/102021~1.10/bin/../lib/gcc/arm-none-eabi/10.3.1/thumb/v7-m/nofp/crtbegin.o
                [!provide]                PROVIDE (__fini_array_end = .)
                0x08008250                . = ALIGN (0x4)
                0x08008250                _sidata = LOADADDR (.data)

.data           0x20000000      0x1e0 load address 0x08008250
                0x20000000                . = ALIGN (0x4)
                0x20000000                _sdata = .
 *(.data)
 *(.data*)
 .data._impure_ptr
                0x20000000        0x4 c:/progra~2/gnuarm~1/102021~1.10/bin/../lib/gcc/arm-none-eabi/10.3.1/../../../../arm-none-eabi/lib/thumb/v7-m/nofp\libc_nano.a(lib_a-impure.o)
                0x20000000                _impure_ptr
 .data.impure_data
                0x20000004       0x60 c:/progra~2/gnuarm~1/102021~1.10/bin/../lib/gcc/arm-none-eabi/10.3.1/../../../../arm-none-eabi/lib/thumb/v7-m/nofp\libc_nano.a(lib_a-impure.o)
 .data.__global_locale
                0x20000064      0x16c c:/progra~2/gnuarm~1/102021~1.10/bin/../lib/gcc/arm-none-eabi/10.3.1/../../../../arm-none-eabi/lib/thumb/v7-m/nofp\libc_nano.a(lib_a-locale.o)
                0x20000064                __global_locale
 .data.devAddr  0x200001d0        0x1 CMakeFiles/STM32_Bear.dir/Lib/Src/BMP085.c.obj
 .data.numb     0x200001d1        0x1 CMakeFiles/STM32_Bear.dir/Src/main.c.obj
                0x200001d1                numb
 *fill*         0x200001d2        0x2 
 .data.SystemCoreClock
                0x200001d4        0x4 CMakeFiles/STM32_Bear.dir/Src/system_stm32f1xx.c.obj
                0x200001d4                SystemCoreClock
 .data.uwTickFreq
                0x200001d8        0x1 CMakeFiles/STM32_Bear.dir/Drivers/STM32F1xx_HAL_Driver/Src/stm32f1xx_hal.c.obj
                0x200001d8                uwTickFreq
 *fill*         0x200001d9        0x3 
 .data.uwTickPrio
                0x200001dc        0x4 CMakeFiles/STM32_Bear.dir/Drivers/STM32F1xx_HAL_Driver/Src/stm32f1xx_hal.c.obj
                0x200001dc                uwTickPrio
 *(.RamFunc)
 *(.RamFunc*)
                0x200001e0                . = ALIGN (0x4)
                0x200001e0                _edata = .

.igot.plt       0x200001e0        0x0 load address 0x08008430
 .igot.plt      0x200001e0        0x0 c:/progra~2/gnuarm~1/102021~1.10/bin/../lib/gcc/arm-none-eabi/10.3.1/thumb/v7-m/nofp/crtbegin.o
                0x200001e0                . = ALIGN (0x4)

.bss            0x200001e0      0x250 load address 0x08008430
                0x200001e0                _sbss = .
                0x200001e0                __bss_start__ = _sbss
 *(.bss)
 .bss           0x200001e0       0x1c c:/progra~2/gnuarm~1/102021~1.10/bin/../lib/gcc/arm-none-eabi/10.3.1/thumb/v7-m/nofp/crtbegin.o
 *(.bss*)
 .bss.__malloc_free_list
                0x200001fc        0x4 c:/progra~2/gnuarm~1/102021~1.10/bin/../lib/gcc/arm-none-eabi/10.3.1/../../../../arm-none-eabi/lib/thumb/v7-m/nofp\libc_nano.a(lib_a-nano-mallocr.o)
                0x200001fc                __malloc_free_list
 .bss.__malloc_sbrk_start
                0x20000200        0x4 c:/progra~2/gnuarm~1/102021~1.10/bin/../lib/gcc/arm-none-eabi/10.3.1/../../../../arm-none-eabi/lib/thumb/v7-m/nofp\libc_nano.a(lib_a-nano-mallocr.o)
                0x20000200                __malloc_sbrk_start
 .bss.errno     0x20000204        0x4 c:/progra~2/gnuarm~1/102021~1.10/bin/../lib/gcc/arm-none-eabi/10.3.1/../../../../arm-none-eabi/lib/thumb/v7-m/nofp\libc_nano.a(lib_a-reent.o)
                0x20000204                errno
 .bss.__lock___malloc_recursive_mutex
                0x20000208        0x1 c:/progra~2/gnuarm~1/102021~1.10/bin/../lib/gcc/arm-none-eabi/10.3.1/../../../../arm-none-eabi/lib/thumb/v7-m/nofp\libc_nano.a(lib_a-lock.o)
                0x20000208                __lock___malloc_recursive_mutex
 .bss.__lock___sfp_recursive_mutex
                0x20000209        0x1 c:/progra~2/gnuarm~1/102021~1.10/bin/../lib/gcc/arm-none-eabi/10.3.1/../../../../arm-none-eabi/lib/thumb/v7-m/nofp\libc_nano.a(lib_a-lock.o)
                0x20000209                __lock___sfp_recursive_mutex
 .bss.__lock___sinit_recursive_mutex
                0x2000020a        0x1 c:/progra~2/gnuarm~1/102021~1.10/bin/../lib/gcc/arm-none-eabi/10.3.1/../../../../arm-none-eabi/lib/thumb/v7-m/nofp\libc_nano.a(lib_a-lock.o)
                0x2000020a                __lock___sinit_recursive_mutex
 *fill*         0x2000020b        0x1 
 .bss.CalibData
                0x2000020c       0x24 CMakeFiles/STM32_Bear.dir/Lib/Src/BME280.c.obj
                0x2000020c                CalibData
 .bss.ac1       0x20000230        0x2 CMakeFiles/STM32_Bear.dir/Lib/Src/BMP085.c.obj
 .bss.ac2       0x20000232        0x2 CMakeFiles/STM32_Bear.dir/Lib/Src/BMP085.c.obj
 .bss.ac3       0x20000234        0x2 CMakeFiles/STM32_Bear.dir/Lib/Src/BMP085.c.obj
 .bss.ac4       0x20000236        0x2 CMakeFiles/STM32_Bear.dir/Lib/Src/BMP085.c.obj
 .bss.b1        0x20000238        0x2 CMakeFiles/STM32_Bear.dir/Lib/Src/BMP085.c.obj
 .bss.b2        0x2000023a        0x2 CMakeFiles/STM32_Bear.dir/Lib/Src/BMP085.c.obj
 .bss.b5        0x2000023c        0x4 CMakeFiles/STM32_Bear.dir/Lib/Src/BMP085.c.obj
 .bss.buffer    0x20000240        0x3 CMakeFiles/STM32_Bear.dir/Lib/Src/BMP085.c.obj
 .bss.measureMode
                0x20000243        0x1 CMakeFiles/STM32_Bear.dir/Lib/Src/BMP085.c.obj
 .bss.checksum  0x20000244        0x2 CMakeFiles/STM32_Bear.dir/Lib/Src/dfplayer.c.obj
                0x20000244                checksum
 *fill*         0x20000246        0x2 
 .bss.df_serial_message
                0x20000248        0xa CMakeFiles/STM32_Bear.dir/Lib/Src/dfplayer.c.obj
                0x20000248                df_serial_message
 .bss.feedback_enabled
                0x20000252        0x1 CMakeFiles/STM32_Bear.dir/Lib/Src/dfplayer.c.obj
                0x20000252                feedback_enabled
 *fill*         0x20000253        0x1 
 .bss.I2Cdev_hi2c
                0x20000254        0x4 CMakeFiles/STM32_Bear.dir/Lib/Src/I2Cdev.c.obj
 .bss.avrg      0x20000258        0x4 CMakeFiles/STM32_Bear.dir/Src/main.c.obj
                0x20000258                avrg
 .bss.dt1       0x2000025c        0x1 CMakeFiles/STM32_Bear.dir/Src/main.c.obj
                0x2000025c                dt1
 *fill*         0x2000025d        0x3 
 .bss.hi2c1     0x20000260       0x54 CMakeFiles/STM32_Bear.dir/Src/main.c.obj
                0x20000260                hi2c1
 .bss.hspi1     0x200002b4       0x58 CMakeFiles/STM32_Bear.dir/Src/main.c.obj
                0x200002b4                hspi1
 .bss.huart1    0x2000030c       0x44 CMakeFiles/STM32_Bear.dir/Src/main.c.obj
                0x2000030c                huart1
 .bss.i         0x20000350        0x1 CMakeFiles/STM32_Bear.dir/Src/main.c.obj
                0x20000350                i
 *fill*         0x20000351        0x3 
 .bss.i2c_ports
                0x20000354       0x80 CMakeFiles/STM32_Bear.dir/Src/main.c.obj
                0x20000354                i2c_ports
 .bss.i2c_pressure_buffer
                0x200003d4       0x14 CMakeFiles/STM32_Bear.dir/Src/main.c.obj
                0x200003d4                i2c_pressure_buffer
 .bss.loop      0x200003e8        0x4 CMakeFiles/STM32_Bear.dir/Src/main.c.obj
                0x200003e8                loop
 .bss.minute_global
                0x200003ec        0x1 CMakeFiles/STM32_Bear.dir/Src/main.c.obj
                0x200003ec                minute_global
 *fill*         0x200003ed        0x3 
 .bss.p         0x200003f0        0x4 CMakeFiles/STM32_Bear.dir/Src/main.c.obj
                0x200003f0                p
 .bss.pressure  0x200003f4        0x4 CMakeFiles/STM32_Bear.dir/Src/main.c.obj
                0x200003f4                pressure
 .bss.reset_avrg
                0x200003f8        0x1 CMakeFiles/STM32_Bear.dir/Src/main.c.obj
                0x200003f8                reset_avrg
 .bss.result    0x200003f9        0x1 CMakeFiles/STM32_Bear.dir/Src/main.c.obj
                0x200003f9                result
 *fill*         0x200003fa        0x2 
 .bss.rx_str    0x200003fc       0x1e CMakeFiles/STM32_Bear.dir/Src/main.c.obj
                0x200003fc                rx_str
 *fill*         0x2000041a        0x2 
 .bss.sum       0x2000041c        0x4 CMakeFiles/STM32_Bear.dir/Src/main.c.obj
                0x2000041c                sum
 .bss.temperature
                0x20000420        0x4 CMakeFiles/STM32_Bear.dir/Src/main.c.obj
                0x20000420                temperature
 .bss.ij        0x20000424        0x1 CMakeFiles/STM32_Bear.dir/Src/stm32f1xx_it.c.obj
                0x20000424                ij
 *fill*         0x20000425        0x3 
 .bss.__sbrk_heap_end
                0x20000428        0x4 CMakeFiles/STM32_Bear.dir/Src/sysmem.c.obj
 .bss.uwTick    0x2000042c        0x4 CMakeFiles/STM32_Bear.dir/Drivers/STM32F1xx_HAL_Driver/Src/stm32f1xx_hal.c.obj
                0x2000042c                uwTick
 *(COMMON)
                0x20000430                . = ALIGN (0x4)
                0x20000430                _ebss = .
                0x20000430                __bss_end__ = _ebss

._user_heap_stack
                0x20000430      0x600 load address 0x08008430
                0x20000430                . = ALIGN (0x8)
                [!provide]                PROVIDE (end = .)
                0x20000430                PROVIDE (_end = .)
                0x20000630                . = (. + _Min_Heap_Size)
 *fill*         0x20000430      0x200 
                0x20000a30                . = (. + _Min_Stack_Size)
 *fill*         0x20000630      0x400 
                0x20000a30                . = ALIGN (0x8)

/DISCARD/
 libc.a(*)
 libm.a(*)
 libgcc.a(*)

.ARM.attributes
                0x00000000       0x29
 *(.ARM.attributes)
 .ARM.attributes
                0x00000000       0x1d c:/progra~2/gnuarm~1/102021~1.10/bin/../lib/gcc/arm-none-eabi/10.3.1/thumb/v7-m/nofp/crti.o
 .ARM.attributes
                0x0000001d       0x2d c:/progra~2/gnuarm~1/102021~1.10/bin/../lib/gcc/arm-none-eabi/10.3.1/thumb/v7-m/nofp/crtbegin.o
 .ARM.attributes
                0x0000004a       0x2d c:/progra~2/gnuarm~1/102021~1.10/bin/../lib/gcc/arm-none-eabi/10.3.1/../../../../arm-none-eabi/lib/thumb/v7-m/nofp\libc_nano.a(lib_a-impure.o)
 .ARM.attributes
                0x00000077       0x2d c:/progra~2/gnuarm~1/102021~1.10/bin/../lib/gcc/arm-none-eabi/10.3.1/../../../../arm-none-eabi/lib/thumb/v7-m/nofp\libc_nano.a(lib_a-init.o)
 .ARM.attributes
                0x000000a4       0x2d c:/progra~2/gnuarm~1/102021~1.10/bin/../lib/gcc/arm-none-eabi/10.3.1/../../../../arm-none-eabi/lib/thumb/v7-m/nofp\libc_nano.a(lib_a-memset.o)
 .ARM.attributes
                0x000000d1       0x2d c:/progra~2/gnuarm~1/102021~1.10/bin/../lib/gcc/arm-none-eabi/10.3.1/../../../../arm-none-eabi/lib/thumb/v7-m/nofp\libc_nano.a(lib_a-nano-vfprintf_float.o)
 .ARM.attributes
                0x000000fe       0x2d c:/progra~2/gnuarm~1/102021~1.10/bin/../lib/gcc/arm-none-eabi/10.3.1/../../../../arm-none-eabi/lib/thumb/v7-m/nofp\libc_nano.a(lib_a-nano-vfprintf_i.o)
 .ARM.attributes
                0x0000012b       0x17 c:/progra~2/gnuarm~1/102021~1.10/bin/../lib/gcc/arm-none-eabi/10.3.1/../../../../arm-none-eabi/lib/thumb/v7-m/nofp\libc_nano.a(lib_a-strlen.o)
 .ARM.attributes
                0x00000142       0x2d c:/progra~2/gnuarm~1/102021~1.10/bin/../lib/gcc/arm-none-eabi/10.3.1/../../../../arm-none-eabi/lib/thumb/v7-m/nofp\libc_nano.a(lib_a-dtoa.o)
 .ARM.attributes
                0x0000016f       0x2d c:/progra~2/gnuarm~1/102021~1.10/bin/../lib/gcc/arm-none-eabi/10.3.1/../../../../arm-none-eabi/lib/thumb/v7-m/nofp\libc_nano.a(lib_a-localeconv.o)
 .ARM.attributes
                0x0000019c       0x2d c:/progra~2/gnuarm~1/102021~1.10/bin/../lib/gcc/arm-none-eabi/10.3.1/../../../../arm-none-eabi/lib/thumb/v7-m/nofp\libc_nano.a(lib_a-malloc.o)
 .ARM.attributes
                0x000001c9       0x2d c:/progra~2/gnuarm~1/102021~1.10/bin/../lib/gcc/arm-none-eabi/10.3.1/../../../../arm-none-eabi/lib/thumb/v7-m/nofp\libc_nano.a(lib_a-memchr-stub.o)
 .ARM.attributes
                0x000001f6       0x2d c:/progra~2/gnuarm~1/102021~1.10/bin/../lib/gcc/arm-none-eabi/10.3.1/../../../../arm-none-eabi/lib/thumb/v7-m/nofp\libc_nano.a(lib_a-memcpy-stub.o)
 .ARM.attributes
                0x00000223       0x2d c:/progra~2/gnuarm~1/102021~1.10/bin/../lib/gcc/arm-none-eabi/10.3.1/../../../../arm-none-eabi/lib/thumb/v7-m/nofp\libc_nano.a(lib_a-mprec.o)
 .ARM.attributes
                0x00000250       0x2d c:/progra~2/gnuarm~1/102021~1.10/bin/../lib/gcc/arm-none-eabi/10.3.1/../../../../arm-none-eabi/lib/thumb/v7-m/nofp\libc_nano.a(lib_a-nano-callocr.o)
 .ARM.attributes
                0x0000027d       0x2d c:/progra~2/gnuarm~1/102021~1.10/bin/../lib/gcc/arm-none-eabi/10.3.1/../../../../arm-none-eabi/lib/thumb/v7-m/nofp\libc_nano.a(lib_a-nano-freer.o)
 .ARM.attributes
                0x000002aa       0x2d c:/progra~2/gnuarm~1/102021~1.10/bin/../lib/gcc/arm-none-eabi/10.3.1/../../../../arm-none-eabi/lib/thumb/v7-m/nofp\libc_nano.a(lib_a-nano-mallocr.o)
 .ARM.attributes
                0x000002d7       0x2d c:/progra~2/gnuarm~1/102021~1.10/bin/../lib/gcc/arm-none-eabi/10.3.1/../../../../arm-none-eabi/lib/thumb/v7-m/nofp\libc_nano.a(lib_a-sbrkr.o)
 .ARM.attributes
                0x00000304       0x2d c:/progra~2/gnuarm~1/102021~1.10/bin/../lib/gcc/arm-none-eabi/10.3.1/../../../../arm-none-eabi/lib/thumb/v7-m/nofp\libc_nano.a(lib_a-assert.o)
 .ARM.attributes
                0x00000331       0x2d c:/progra~2/gnuarm~1/102021~1.10/bin/../lib/gcc/arm-none-eabi/10.3.1/../../../../arm-none-eabi/lib/thumb/v7-m/nofp\libc_nano.a(lib_a-fprintf.o)
 .ARM.attributes
                0x0000035e       0x2d c:/progra~2/gnuarm~1/102021~1.10/bin/../lib/gcc/arm-none-eabi/10.3.1/../../../../arm-none-eabi/lib/thumb/v7-m/nofp\libc_nano.a(lib_a-locale.o)
 .ARM.attributes
                0x0000038b       0x2d c:/progra~2/gnuarm~1/102021~1.10/bin/../lib/gcc/arm-none-eabi/10.3.1/../../../../arm-none-eabi/lib/thumb/v7-m/nofp\libc_nano.a(lib_a-mbtowc_r.o)
 .ARM.attributes
                0x000003b8       0x2d c:/progra~2/gnuarm~1/102021~1.10/bin/../lib/gcc/arm-none-eabi/10.3.1/../../../../arm-none-eabi/lib/thumb/v7-m/nofp\libc_nano.a(lib_a-mlock.o)
 .ARM.attributes
                0x000003e5       0x2d c:/progra~2/gnuarm~1/102021~1.10/bin/../lib/gcc/arm-none-eabi/10.3.1/../../../../arm-none-eabi/lib/thumb/v7-m/nofp\libc_nano.a(lib_a-nano-vfprintf.o)
 .ARM.attributes
                0x00000412       0x2d c:/progra~2/gnuarm~1/102021~1.10/bin/../lib/gcc/arm-none-eabi/10.3.1/../../../../arm-none-eabi/lib/thumb/v7-m/nofp\libc_nano.a(lib_a-reent.o)
 .ARM.attributes
                0x0000043f       0x2d c:/progra~2/gnuarm~1/102021~1.10/bin/../lib/gcc/arm-none-eabi/10.3.1/../../../../arm-none-eabi/lib/thumb/v7-m/nofp\libc_nano.a(lib_a-wbuf.o)
 .ARM.attributes
                0x0000046c       0x2d c:/progra~2/gnuarm~1/102021~1.10/bin/../lib/gcc/arm-none-eabi/10.3.1/../../../../arm-none-eabi/lib/thumb/v7-m/nofp\libc_nano.a(lib_a-wctomb_r.o)
 .ARM.attributes
                0x00000499       0x2d c:/progra~2/gnuarm~1/102021~1.10/bin/../lib/gcc/arm-none-eabi/10.3.1/../../../../arm-none-eabi/lib/thumb/v7-m/nofp\libc_nano.a(lib_a-wsetup.o)
 .ARM.attributes
                0x000004c6       0x2d c:/progra~2/gnuarm~1/102021~1.10/bin/../lib/gcc/arm-none-eabi/10.3.1/../../../../arm-none-eabi/lib/thumb/v7-m/nofp\libc_nano.a(lib_a-abort.o)
 .ARM.attributes
                0x000004f3       0x2d c:/progra~2/gnuarm~1/102021~1.10/bin/../lib/gcc/arm-none-eabi/10.3.1/../../../../arm-none-eabi/lib/thumb/v7-m/nofp\libc_nano.a(lib_a-ctype_.o)
 .ARM.attributes
                0x00000520       0x2d c:/progra~2/gnuarm~1/102021~1.10/bin/../lib/gcc/arm-none-eabi/10.3.1/../../../../arm-none-eabi/lib/thumb/v7-m/nofp\libc_nano.a(lib_a-fflush.o)
 .ARM.attributes
                0x0000054d       0x2d c:/progra~2/gnuarm~1/102021~1.10/bin/../lib/gcc/arm-none-eabi/10.3.1/../../../../arm-none-eabi/lib/thumb/v7-m/nofp\libc_nano.a(lib_a-findfp.o)
 .ARM.attributes
                0x0000057a       0x2d c:/progra~2/gnuarm~1/102021~1.10/bin/../lib/gcc/arm-none-eabi/10.3.1/../../../../arm-none-eabi/lib/thumb/v7-m/nofp\libc_nano.a(lib_a-fwalk.o)
 .ARM.attributes
                0x000005a7       0x2d c:/progra~2/gnuarm~1/102021~1.10/bin/../lib/gcc/arm-none-eabi/10.3.1/../../../../arm-none-eabi/lib/thumb/v7-m/nofp\libc_nano.a(lib_a-lock.o)
 .ARM.attributes
                0x000005d4       0x2d c:/progra~2/gnuarm~1/102021~1.10/bin/../lib/gcc/arm-none-eabi/10.3.1/../../../../arm-none-eabi/lib/thumb/v7-m/nofp\libc_nano.a(lib_a-makebuf.o)
 .ARM.attributes
                0x00000601       0x2d c:/progra~2/gnuarm~1/102021~1.10/bin/../lib/gcc/arm-none-eabi/10.3.1/../../../../arm-none-eabi/lib/thumb/v7-m/nofp\libc_nano.a(lib_a-memmove.o)
 .ARM.attributes
                0x0000062e       0x2d c:/progra~2/gnuarm~1/102021~1.10/bin/../lib/gcc/arm-none-eabi/10.3.1/../../../../arm-none-eabi/lib/thumb/v7-m/nofp\libc_nano.a(lib_a-nano-reallocr.o)
 .ARM.attributes
                0x0000065b       0x2d c:/progra~2/gnuarm~1/102021~1.10/bin/../lib/gcc/arm-none-eabi/10.3.1/../../../../arm-none-eabi/lib/thumb/v7-m/nofp\libc_nano.a(lib_a-signal.o)
 .ARM.attributes
                0x00000688       0x2d c:/progra~2/gnuarm~1/102021~1.10/bin/../lib/gcc/arm-none-eabi/10.3.1/../../../../arm-none-eabi/lib/thumb/v7-m/nofp\libc_nano.a(lib_a-signalr.o)
 .ARM.attributes
                0x000006b5       0x2d c:/progra~2/gnuarm~1/102021~1.10/bin/../lib/gcc/arm-none-eabi/10.3.1/../../../../arm-none-eabi/lib/thumb/v7-m/nofp\libc_nano.a(lib_a-stdio.o)
 .ARM.attributes
                0x000006e2       0x2d c:/progra~2/gnuarm~1/102021~1.10/bin/../lib/gcc/arm-none-eabi/10.3.1/../../../../arm-none-eabi/lib/thumb/v7-m/nofp\libc_nano.a(lib_a-writer.o)
 .ARM.attributes
                0x0000070f       0x2d c:/progra~2/gnuarm~1/102021~1.10/bin/../lib/gcc/arm-none-eabi/10.3.1/../../../../arm-none-eabi/lib/thumb/v7-m/nofp\libc_nano.a(lib_a-closer.o)
 .ARM.attributes
                0x0000073c       0x2d c:/progra~2/gnuarm~1/102021~1.10/bin/../lib/gcc/arm-none-eabi/10.3.1/../../../../arm-none-eabi/lib/thumb/v7-m/nofp\libc_nano.a(lib_a-fstatr.o)
 .ARM.attributes
                0x00000769       0x2d c:/progra~2/gnuarm~1/102021~1.10/bin/../lib/gcc/arm-none-eabi/10.3.1/../../../../arm-none-eabi/lib/thumb/v7-m/nofp\libc_nano.a(lib_a-isattyr.o)
 .ARM.attributes
                0x00000796       0x2d c:/progra~2/gnuarm~1/102021~1.10/bin/../lib/gcc/arm-none-eabi/10.3.1/../../../../arm-none-eabi/lib/thumb/v7-m/nofp\libc_nano.a(lib_a-lseekr.o)
 .ARM.attributes
                0x000007c3       0x2d c:/progra~2/gnuarm~1/102021~1.10/bin/../lib/gcc/arm-none-eabi/10.3.1/../../../../arm-none-eabi/lib/thumb/v7-m/nofp\libc_nano.a(lib_a-nano-msizer.o)
 .ARM.attributes
                0x000007f0       0x2d c:/progra~2/gnuarm~1/102021~1.10/bin/../lib/gcc/arm-none-eabi/10.3.1/../../../../arm-none-eabi/lib/thumb/v7-m/nofp\libc_nano.a(lib_a-readr.o)
 .ARM.attributes
                0x0000081d       0x21 CMakeFiles/STM32_Bear.dir/Startup/startup_stm32f103t8ux.S.obj
 .ARM.attributes
                0x0000083e       0x2d CMakeFiles/STM32_Bear.dir/Lib/Src/BME280.c.obj
 .ARM.attributes
                0x0000086b       0x2d CMakeFiles/STM32_Bear.dir/Lib/Src/BMP085.c.obj
 .ARM.attributes
                0x00000898       0x2d CMakeFiles/STM32_Bear.dir/Lib/Src/dfplayer.c.obj
 .ARM.attributes
                0x000008c5       0x2d CMakeFiles/STM32_Bear.dir/Lib/Src/I2Cdev.c.obj
 .ARM.attributes
                0x000008f2       0x2d CMakeFiles/STM32_Bear.dir/Src/main.c.obj
 .ARM.attributes
                0x0000091f       0x2d CMakeFiles/STM32_Bear.dir/Src/stm32f1xx_hal_msp.c.obj
 .ARM.attributes
                0x0000094c       0x2d CMakeFiles/STM32_Bear.dir/Src/stm32f1xx_it.c.obj
 .ARM.attributes
                0x00000979       0x2d CMakeFiles/STM32_Bear.dir/Src/syscalls.c.obj
 .ARM.attributes
                0x000009a6       0x2d CMakeFiles/STM32_Bear.dir/Src/sysmem.c.obj
 .ARM.attributes
                0x000009d3       0x2d CMakeFiles/STM32_Bear.dir/Src/system_stm32f1xx.c.obj
 .ARM.attributes
                0x00000a00       0x2d CMakeFiles/STM32_Bear.dir/Drivers/STM32F1xx_HAL_Driver/Src/stm32f1xx_hal.c.obj
 .ARM.attributes
                0x00000a2d       0x2d CMakeFiles/STM32_Bear.dir/Drivers/STM32F1xx_HAL_Driver/Src/stm32f1xx_hal_cortex.c.obj
 .ARM.attributes
                0x00000a5a       0x2d CMakeFiles/STM32_Bear.dir/Drivers/STM32F1xx_HAL_Driver/Src/stm32f1xx_hal_dma.c.obj
 .ARM.attributes
                0x00000a87       0x2d CMakeFiles/STM32_Bear.dir/Drivers/STM32F1xx_HAL_Driver/Src/stm32f1xx_hal_gpio.c.obj
 .ARM.attributes
                0x00000ab4       0x2d CMakeFiles/STM32_Bear.dir/Drivers/STM32F1xx_HAL_Driver/Src/stm32f1xx_hal_i2c.c.obj
 .ARM.attributes
                0x00000ae1       0x2d CMakeFiles/STM32_Bear.dir/Drivers/STM32F1xx_HAL_Driver/Src/stm32f1xx_hal_rcc.c.obj
 .ARM.attributes
                0x00000b0e       0x2d CMakeFiles/STM32_Bear.dir/Drivers/STM32F1xx_HAL_Driver/Src/stm32f1xx_hal_spi.c.obj
 .ARM.attributes
                0x00000b3b       0x2d CMakeFiles/STM32_Bear.dir/Drivers/STM32F1xx_HAL_Driver/Src/stm32f1xx_hal_uart.c.obj
 .ARM.attributes
                0x00000b68       0x1d c:/progra~2/gnuarm~1/102021~1.10/bin/../lib/gcc/arm-none-eabi/10.3.1/thumb/v7-m/nofp\libgcc.a(_arm_addsubdf3.o)
 .ARM.attributes
                0x00000b85       0x1d c:/progra~2/gnuarm~1/102021~1.10/bin/../lib/gcc/arm-none-eabi/10.3.1/thumb/v7-m/nofp\libgcc.a(_arm_muldivdf3.o)
 .ARM.attributes
                0x00000ba2       0x1d c:/progra~2/gnuarm~1/102021~1.10/bin/../lib/gcc/arm-none-eabi/10.3.1/thumb/v7-m/nofp\libgcc.a(_arm_cmpdf2.o)
 .ARM.attributes
                0x00000bbf       0x1d c:/progra~2/gnuarm~1/102021~1.10/bin/../lib/gcc/arm-none-eabi/10.3.1/thumb/v7-m/nofp\libgcc.a(_arm_unorddf2.o)
 .ARM.attributes
                0x00000bdc       0x1d c:/progra~2/gnuarm~1/102021~1.10/bin/../lib/gcc/arm-none-eabi/10.3.1/thumb/v7-m/nofp\libgcc.a(_arm_fixdfsi.o)
 .ARM.attributes
                0x00000bf9       0x1d c:/progra~2/gnuarm~1/102021~1.10/bin/../lib/gcc/arm-none-eabi/10.3.1/thumb/v7-m/nofp\libgcc.a(_arm_addsubsf3.o)
 .ARM.attributes
                0x00000c16       0x1d c:/progra~2/gnuarm~1/102021~1.10/bin/../lib/gcc/arm-none-eabi/10.3.1/thumb/v7-m/nofp\libgcc.a(_arm_muldivsf3.o)
 .ARM.attributes
                0x00000c33       0x1d c:/progra~2/gnuarm~1/102021~1.10/bin/../lib/gcc/arm-none-eabi/10.3.1/thumb/v7-m/nofp\libgcc.a(_arm_cmpsf2.o)
 .ARM.attributes
                0x00000c50       0x1d c:/progra~2/gnuarm~1/102021~1.10/bin/../lib/gcc/arm-none-eabi/10.3.1/thumb/v7-m/nofp\libgcc.a(_arm_fixsfsi.o)
 .ARM.attributes
                0x00000c6d       0x2d c:/progra~2/gnuarm~1/102021~1.10/bin/../lib/gcc/arm-none-eabi/10.3.1/../../../../arm-none-eabi/lib/thumb/v7-m/nofp\libg_nano.a(lib_a-errno.o)
 .ARM.attributes
                0x00000c9a       0x2d c:/progra~2/gnuarm~1/102021~1.10/bin/../lib/gcc/arm-none-eabi/10.3.1/../../../../arm-none-eabi/lib/thumb/v7-m/nofp\libg_nano.a(lib_a-printf.o)
 .ARM.attributes
                0x00000cc7       0x2d c:/progra~2/gnuarm~1/102021~1.10/bin/../lib/gcc/arm-none-eabi/10.3.1/../../../../arm-none-eabi/lib/thumb/v7-m/nofp\libg_nano.a(lib_a-sprintf.o)
 .ARM.attributes
                0x00000cf4       0x2d c:/progra~2/gnuarm~1/102021~1.10/bin/../lib/gcc/arm-none-eabi/10.3.1/../../../../arm-none-eabi/lib/thumb/v7-m/nofp\libg_nano.a(lib_a-strcat.o)
 .ARM.attributes
                0x00000d21       0x2d c:/progra~2/gnuarm~1/102021~1.10/bin/../lib/gcc/arm-none-eabi/10.3.1/../../../../arm-none-eabi/lib/thumb/v7-m/nofp\libg_nano.a(lib_a-nano-svfprintf.o)
 .ARM.attributes
                0x00000d4e       0x1d c:/progra~2/gnuarm~1/102021~1.10/bin/../lib/gcc/arm-none-eabi/10.3.1/thumb/v7-m/nofp/crtn.o
OUTPUT(STM32_Bear.elf elf32-littlearm)
LOAD linker stubs
LOAD c:/progra~2/gnuarm~1/102021~1.10/bin/../lib/gcc/arm-none-eabi/10.3.1/../../../../arm-none-eabi/lib/thumb/v7-m/nofp\libc.a
LOAD c:/progra~2/gnuarm~1/102021~1.10/bin/../lib/gcc/arm-none-eabi/10.3.1/../../../../arm-none-eabi/lib/thumb/v7-m/nofp\libm.a
LOAD c:/progra~2/gnuarm~1/102021~1.10/bin/../lib/gcc/arm-none-eabi/10.3.1/thumb/v7-m/nofp\libgcc.a

.debug_frame    0x00000000     0x3ae8
 .debug_frame   0x00000000       0x2c c:/progra~2/gnuarm~1/102021~1.10/bin/../lib/gcc/arm-none-eabi/10.3.1/../../../../arm-none-eabi/lib/thumb/v7-m/nofp\libc_nano.a(lib_a-init.o)
 .debug_frame   0x0000002c       0x20 c:/progra~2/gnuarm~1/102021~1.10/bin/../lib/gcc/arm-none-eabi/10.3.1/../../../../arm-none-eabi/lib/thumb/v7-m/nofp\libc_nano.a(lib_a-memset.o)
 .debug_frame   0x0000004c       0x94 c:/progra~2/gnuarm~1/102021~1.10/bin/../lib/gcc/arm-none-eabi/10.3.1/../../../../arm-none-eabi/lib/thumb/v7-m/nofp\libc_nano.a(lib_a-nano-vfprintf_float.o)
 .debug_frame   0x000000e0       0x60 c:/progra~2/gnuarm~1/102021~1.10/bin/../lib/gcc/arm-none-eabi/10.3.1/../../../../arm-none-eabi/lib/thumb/v7-m/nofp\libc_nano.a(lib_a-nano-vfprintf_i.o)
 .debug_frame   0x00000140       0x6c c:/progra~2/gnuarm~1/102021~1.10/bin/../lib/gcc/arm-none-eabi/10.3.1/../../../../arm-none-eabi/lib/thumb/v7-m/nofp\libc_nano.a(lib_a-dtoa.o)
 .debug_frame   0x000001ac       0x40 c:/progra~2/gnuarm~1/102021~1.10/bin/../lib/gcc/arm-none-eabi/10.3.1/../../../../arm-none-eabi/lib/thumb/v7-m/nofp\libc_nano.a(lib_a-localeconv.o)
 .debug_frame   0x000001ec       0x30 c:/progra~2/gnuarm~1/102021~1.10/bin/../lib/gcc/arm-none-eabi/10.3.1/../../../../arm-none-eabi/lib/thumb/v7-m/nofp\libc_nano.a(lib_a-malloc.o)
 .debug_frame   0x0000021c       0x28 c:/progra~2/gnuarm~1/102021~1.10/bin/../lib/gcc/arm-none-eabi/10.3.1/../../../../arm-none-eabi/lib/thumb/v7-m/nofp\libc_nano.a(lib_a-memchr-stub.o)
 .debug_frame   0x00000244       0x28 c:/progra~2/gnuarm~1/102021~1.10/bin/../lib/gcc/arm-none-eabi/10.3.1/../../../../arm-none-eabi/lib/thumb/v7-m/nofp\libc_nano.a(lib_a-memcpy-stub.o)
 .debug_frame   0x0000026c      0x254 c:/progra~2/gnuarm~1/102021~1.10/bin/../lib/gcc/arm-none-eabi/10.3.1/../../../../arm-none-eabi/lib/thumb/v7-m/nofp\libc_nano.a(lib_a-mprec.o)
 .debug_frame   0x000004c0       0x2c c:/progra~2/gnuarm~1/102021~1.10/bin/../lib/gcc/arm-none-eabi/10.3.1/../../../../arm-none-eabi/lib/thumb/v7-m/nofp\libc_nano.a(lib_a-nano-callocr.o)
 .debug_frame   0x000004ec       0x38 c:/progra~2/gnuarm~1/102021~1.10/bin/../lib/gcc/arm-none-eabi/10.3.1/../../../../arm-none-eabi/lib/thumb/v7-m/nofp\libc_nano.a(lib_a-nano-freer.o)
 .debug_frame   0x00000524       0x4c c:/progra~2/gnuarm~1/102021~1.10/bin/../lib/gcc/arm-none-eabi/10.3.1/../../../../arm-none-eabi/lib/thumb/v7-m/nofp\libc_nano.a(lib_a-nano-mallocr.o)
 .debug_frame   0x00000570       0x2c c:/progra~2/gnuarm~1/102021~1.10/bin/../lib/gcc/arm-none-eabi/10.3.1/../../../../arm-none-eabi/lib/thumb/v7-m/nofp\libc_nano.a(lib_a-sbrkr.o)
 .debug_frame   0x0000059c       0x40 c:/progra~2/gnuarm~1/102021~1.10/bin/../lib/gcc/arm-none-eabi/10.3.1/../../../../arm-none-eabi/lib/thumb/v7-m/nofp\libc_nano.a(lib_a-assert.o)
 .debug_frame   0x000005dc       0x64 c:/progra~2/gnuarm~1/102021~1.10/bin/../lib/gcc/arm-none-eabi/10.3.1/../../../../arm-none-eabi/lib/thumb/v7-m/nofp\libc_nano.a(lib_a-fprintf.o)