Archive member included to satisfy reference by file (symbol)

c:/progra~2/gnuarm~1/102021~1.10/bin/../lib/gcc/arm-none-eabi/10.3.1/../../../../arm-none-eabi/lib/thumb/v7-m/nofp\libc_nano.a(lib_a-exit.o)
                              c:/progra~2/gnuarm~1/102021~1.10/bin/../lib/gcc/arm-none-eabi/10.3.1/../../../../arm-none-eabi/lib/thumb/v7-m/nofp/crt0.o (exit)
c:/progra~2/gnuarm~1/102021~1.10/bin/../lib/gcc/arm-none-eabi/10.3.1/../../../../arm-none-eabi/lib/thumb/v7-m/nofp\libc_nano.a(lib_a-impure.o)
                              c:/progra~2/gnuarm~1/102021~1.10/bin/../lib/gcc/arm-none-eabi/10.3.1/../../../../arm-none-eabi/lib/thumb/v7-m/nofp\libc_nano.a(lib_a-exit.o) (_global_impure_ptr)
c:/progra~2/gnuarm~1/102021~1.10/bin/../lib/gcc/arm-none-eabi/10.3.1/../../../../arm-none-eabi/lib/thumb/v7-m/nofp\libc_nano.a(lib_a-init.o)
                              c:/progra~2/gnuarm~1/102021~1.10/bin/../lib/gcc/arm-none-eabi/10.3.1/../../../../arm-none-eabi/lib/thumb/v7-m/nofp/crt0.o (__libc_init_array)
c:/progra~2/gnuarm~1/102021~1.10/bin/../lib/gcc/arm-none-eabi/10.3.1/../../../../arm-none-eabi/lib/thumb/v7-m/nofp\libc_nano.a(lib_a-memset.o)
                              c:/progra~2/gnuarm~1/102021~1.10/bin/../lib/gcc/arm-none-eabi/10.3.1/../../../../arm-none-eabi/lib/thumb/v7-m/nofp/crt0.o (memset)
c:/progra~2/gnuarm~1/102021~1.10/bin/../lib/gcc/arm-none-eabi/10.3.1/../../../../arm-none-eabi/lib/thumb/v7-m/nofp\libc_nano.a(lib_a-nano-vfprintf_float.o)
                              (_printf_float)
c:/progra~2/gnuarm~1/102021~1.10/bin/../lib/gcc/arm-none-eabi/10.3.1/../../../../arm-none-eabi/lib/thumb/v7-m/nofp\libc_nano.a(lib_a-nano-vfprintf_i.o)
                              c:/progra~2/gnuarm~1/102021~1.10/bin/../lib/gcc/arm-none-eabi/10.3.1/../../../../arm-none-eabi/lib/thumb/v7-m/nofp\libc_nano.a(lib_a-nano-vfprintf_float.o) (_printf_common)
c:/progra~2/gnuarm~1/102021~1.10/bin/../lib/gcc/arm-none-eabi/10.3.1/../../../../arm-none-eabi/lib/thumb/v7-m/nofp\libc_nano.a(lib_a-strlen.o)
                              c:/progra~2/gnuarm~1/102021~1.10/bin/../lib/gcc/arm-none-eabi/10.3.1/../../../../arm-none-eabi/lib/thumb/v7-m/nofp\libc_nano.a(lib_a-nano-vfprintf_float.o) (strlen)
c:/progra~2/gnuarm~1/102021~1.10/bin/../lib/gcc/arm-none-eabi/10.3.1/../../../../arm-none-eabi/lib/thumb/v7-m/nofp\libc_nano.a(lib_a-dtoa.o)
                              c:/progra~2/gnuarm~1/102021~1.10/bin/../lib/gcc/arm-none-eabi/10.3.1/../../../../arm-none-eabi/lib/thumb/v7-m/nofp\libc_nano.a(lib_a-nano-vfprintf_float.o) (_dtoa_r)
c:/progra~2/gnuarm~1/102021~1.10/bin/../lib/gcc/arm-none-eabi/10.3.1/../../../../arm-none-eabi/lib/thumb/v7-m/nofp\libc_nano.a(lib_a-localeconv.o)
                              c:/progra~2/gnuarm~1/102021~1.10/bin/../lib/gcc/arm-none-eabi/10.3.1/../../../../arm-none-eabi/lib/thumb/v7-m/nofp\libc_nano.a(lib_a-nano-vfprintf_float.o) (_localeconv_r)
c:/progra~2/gnuarm~1/102021~1.10/bin/../lib/gcc/arm-none-eabi/10.3.1/../../../../arm-none-eabi/lib/thumb/v7-m/nofp\libc_nano.a(lib_a-malloc.o)
                              c:/progra~2/gnuarm~1/102021~1.10/bin/../lib/gcc/arm-none-eabi/10.3.1/../../../../arm-none-eabi/lib/thumb/v7-m/nofp\libc_nano.a(lib_a-dtoa.o) (malloc)
c:/progra~2/gnuarm~1/102021~1.10/bin/../lib/gcc/arm-none-eabi/10.3.1/../../../../arm-none-eabi/lib/thumb/v7-m/nofp\libc_nano.a(lib_a-memchr-stub.o)
                              c:/progra~2/gnuarm~1/102021~1.10/bin/../lib/gcc/arm-none-eabi/10.3.1/../../../../arm-none-eabi/lib/thumb/v7-m/nofp\libc_nano.a(lib_a-nano-vfprintf_i.o) (memchr)
c:/progra~2/gnuarm~1/102021~1.10/bin/../lib/gcc/arm-none-eabi/10.3.1/../../../../arm-none-eabi/lib/thumb/v7-m/nofp\libc_nano.a(lib_a-memcpy-stub.o)
                              c:/progra~2/gnuarm~1/102021~1.10/bin/../lib/gcc/arm-none-eabi/10.3.1/../../../../arm-none-eabi/lib/thumb/v7-m/nofp\libc_nano.a(lib_a-dtoa.o) (memcpy)
c:/progra~2/gnuarm~1/102021~1.10/bin/../lib/gcc/arm-none-eabi/10.3.1/../../../../arm-none-eabi/lib/thumb/v7-m/nofp\libc_nano.a(lib_a-mprec.o)
                              c:/progra~2/gnuarm~1/102021~1.10/bin/../lib/gcc/arm-none-eabi/10.3.1/../../../../arm-none-eabi/lib/thumb/v7-m/nofp\libc_nano.a(lib_a-dtoa.o) (_Balloc)
c:/progra~2/gnuarm~1/102021~1.10/bin/../lib/gcc/arm-none-eabi/10.3.1/../../../../arm-none-eabi/lib/thumb/v7-m/nofp\libc_nano.a(lib_a-nano-callocr.o)
                              c:/progra~2/gnuarm~1/102021~1.10/bin/../lib/gcc/arm-none-eabi/10.3.1/../../../../arm-none-eabi/lib/thumb/v7-m/nofp\libc_nano.a(lib_a-mprec.o) (_calloc_r)
c:/progra~2/gnuarm~1/102021~1.10/bin/../lib/gcc/arm-none-eabi/10.3.1/../../../../arm-none-eabi/lib/thumb/v7-m/nofp\libc_nano.a(lib_a-nano-freer.o)
                              c:/progra~2/gnuarm~1/102021~1.10/bin/../lib/gcc/arm-none-eabi/10.3.1/../../../../arm-none-eabi/lib/thumb/v7-m/nofp\libc_nano.a(lib_a-malloc.o) (_free_r)
[...]
Memory Configuration

Name             Origin             Length             Attributes
RAM              0x20000000         0x00005000         xrw
FLASH            0x08000000         0x00010000         xr
*default*        0x00000000         0xffffffff

Linker script and memory map

LOAD c:/progra~2/gnuarm~1/102021~1.10/bin/../lib/gcc/arm-none-eabi/10.3.1/thumb/v7-m/nofp/crti.o
LOAD c:/progra~2/gnuarm~1/102021~1.10/bin/../lib/gcc/arm-none-eabi/10.3.1/thumb/v7-m/nofp/crtbegin.o
LOAD c:/progra~2/gnuarm~1/102021~1.10/bin/../lib/gcc/arm-none-eabi/10.3.1/../../../../arm-none-eabi/lib/thumb/v7-m/nofp/crt0.o
START GROUP
LOAD c:/progra~2/gnuarm~1/102021~1.10/bin/../lib/gcc/arm-none-eabi/10.3.1/../../../../arm-none-eabi/lib/thumb/v7-m/nofp\libc_nano.a
LOAD c:/progra~2/gnuarm~1/102021~1.10/bin/../lib/gcc/arm-none-eabi/10.3.1/../../../../arm-none-eabi/lib/thumb/v7-m/nofp\libm.a
LOAD c:/progra~2/gnuarm~1/102021~1.10/bin/../lib/gcc/arm-none-eabi/10.3.1/../../../../arm-none-eabi/lib/thumb/v7-m/nofp\libstdc++_nano.a
LOAD c:/progra~2/gnuarm~1/102021~1.10/bin/../lib/gcc/arm-none-eabi/10.3.1/../../../../arm-none-eabi/lib/thumb/v7-m/nofp\libsupc++_nano.a
END GROUP
LOAD CMakeFiles/STM32_Bear.dir/Startup/startup_stm32f103t8ux.S.obj
LOAD CMakeFiles/STM32_Bear.dir/Lib/Src/bmp280.c.obj
LOAD CMakeFiles/STM32_Bear.dir/Lib/Src/BME280.c.obj
LOAD CMakeFiles/STM32_Bear.dir/Lib/Src/BMP085.c.obj
LOAD CMakeFiles/STM32_Bear.dir/Lib/Src/dfplayer.c.obj
LOAD CMakeFiles/STM32_Bear.dir/Lib/Src/I2Cdev.c.obj
LOAD CMakeFiles/STM32_Bear.dir/Lib/Src/FlASH_PAGE_F1.c.obj
LOAD CMakeFiles/STM32_Bear.dir/Src/main.c.obj
LOAD CMakeFiles/STM32_Bear.dir/Src/stm32f1xx_hal_msp.c.obj
LOAD CMakeFiles/STM32_Bear.dir/Src/stm32f1xx_it.c.obj
LOAD CMakeFiles/STM32_Bear.dir/Src/syscalls.c.obj
LOAD CMakeFiles/STM32_Bear.dir/Src/sysmem.c.obj
LOAD CMakeFiles/STM32_Bear.dir/Src/system_stm32f1xx.c.obj
LOAD CMakeFiles/STM32_Bear.dir/Drivers/STM32F1xx_HAL_Driver/Src/stm32f1xx_hal.c.obj
LOAD CMakeFiles/STM32_Bear.dir/Drivers/STM32F1xx_HAL_Driver/Src/stm32f1xx_hal_cortex.c.obj
LOAD CMakeFiles/STM32_Bear.dir/Drivers/STM32F1xx_HAL_Driver/Src/stm32f1xx_hal_dma.c.obj
LOAD CMakeFiles/STM32_Bear.dir/Drivers/STM32F1xx_HAL_Driver/Src/stm32f1xx_hal_exti.c.obj
LOAD CMakeFiles/STM32_Bear.dir/Drivers/STM32F1xx_HAL_Driver/Src/stm32f1xx_hal_flash.c.obj
LOAD CMakeFiles/STM32_Bear.dir/Drivers/STM32F1xx_HAL_Driver/Src/stm32f1xx_hal_flash_ex.c.obj
LOAD CMakeFiles/STM32_Bear.dir/Drivers/STM32F1xx_HAL_Driver/Src/stm32f1xx_hal_gpio.c.obj
LOAD CMakeFiles/STM32_Bear.dir/Drivers/STM32F1xx_HAL_Driver/Src/stm32f1xx_hal_gpio_ex.c.obj
LOAD CMakeFiles/STM32_Bear.dir/Drivers/STM32F1xx_HAL_Driver/Src/stm32f1xx_hal_i2c.c.obj
LOAD CMakeFiles/STM32_Bear.dir/Drivers/STM32F1xx_HAL_Driver/Src/stm32f1xx_hal_pwr.c.obj
LOAD CMakeFiles/STM32_Bear.dir/Drivers/STM32F1xx_HAL_Driver/Src/stm32f1xx_hal_rcc.c.obj
LOAD CMakeFiles/STM32_Bear.dir/Drivers/STM32F1xx_HAL_Driver/Src/stm32f1xx_hal_rcc_ex.c.obj
LOAD CMakeFiles/STM32_Bear.dir/Drivers/STM32F1xx_HAL_Driver/Src/stm32f1xx_hal_tim.c.obj
LOAD CMakeFiles/STM32_Bear.dir/Drivers/STM32F1xx_HAL_Driver/Src/stm32f1xx_hal_tim_ex.c.obj
LOAD CMakeFiles/STM32_Bear.dir/Drivers/STM32F1xx_HAL_Driver/Src/stm32f1xx_hal_uart.c.obj
START GROUP
LOAD c:/progra~2/gnuarm~1/102021~1.10/bin/../lib/gcc/arm-none-eabi/10.3.1/thumb/v7-m/nofp\libgcc.a
LOAD c:/progra~2/gnuarm~1/102021~1.10/bin/../lib/gcc/arm-none-eabi/10.3.1/../../../../arm-none-eabi/lib/thumb/v7-m/nofp\libg_nano.a
LOAD c:/progra~2/gnuarm~1/102021~1.10/bin/../lib/gcc/arm-none-eabi/10.3.1/../../../../arm-none-eabi/lib/thumb/v7-m/nofp\libc_nano.a
END GROUP
START GROUP
LOAD c:/progra~2/gnuarm~1/102021~1.10/bin/../lib/gcc/arm-none-eabi/10.3.1/thumb/v7-m/nofp\libgcc.a
LOAD c:/progra~2/gnuarm~1/102021~1.10/bin/../lib/gcc/arm-none-eabi/10.3.1/../../../../arm-none-eabi/lib/thumb/v7-m/nofp\libc_nano.a
LOAD c:/progra~2/gnuarm~1/102021~1.10/bin/../lib/gcc/arm-none-eabi/10.3.1/../../../../arm-none-eabi/lib/thumb/v7-m/nofp\libnosys.a
END GROUP
START GROUP
LOAD c:/progra~2/gnuarm~1/102021~1.10/bin/../lib/gcc/arm-none-eabi/10.3.1/thumb/v7-m/nofp\libgcc.a
LOAD c:/progra~2/gnuarm~1/102021~1.10/bin/../lib/gcc/arm-none-eabi/10.3.1/../../../../arm-none-eabi/lib/thumb/v7-m/nofp\libc_nano.a
LOAD c:/progra~2/gnuarm~1/102021~1.10/bin/../lib/gcc/arm-none-eabi/10.3.1/../../../../arm-none-eabi/lib/thumb/v7-m/nofp\libnosys.a
END GROUP
LOAD c:/progra~2/gnuarm~1/102021~1.10/bin/../lib/gcc/arm-none-eabi/10.3.1/thumb/v7-m/nofp/crtend.o
LOAD c:/progra~2/gnuarm~1/102021~1.10/bin/../lib/gcc/arm-none-eabi/10.3.1/thumb/v7-m/nofp/crtn.o
                0x20005000                _estack = (ORIGIN (RAM) + LENGTH (RAM))
                0x00000200                _Min_Heap_Size = 0x200
                0x00000400                _Min_Stack_Size = 0x400

.isr_vector     0x08000000      0x10c
                0x08000000                . = ALIGN (0x4)
 *(.isr_vector)
 .isr_vector    0x08000000      0x10c CMakeFiles/STM32_Bear.dir/Startup/startup_stm32f103t8ux.S.obj
                0x08000000                g_pfnVectors
                0x0800010c                . = ALIGN (0x4)

.text           0x08000110     0x88e8
                0x08000110                . = ALIGN (0x4)
 *(.text)
 .text          0x08000110       0x40 c:/progra~2/gnuarm~1/102021~1.10/bin/../lib/gcc/arm-none-eabi/10.3.1/thumb/v7-m/nofp/crtbegin.o
 .text          0x08000150       0x10 c:/progra~2/gnuarm~1/102021~1.10/bin/../lib/gcc/arm-none-eabi/10.3.1/../../../../arm-none-eabi/lib/thumb/v7-m/nofp\libc_nano.a(lib_a-strlen.o)
                0x08000150                strlen
 .text          0x08000160      0x378 c:/progra~2/gnuarm~1/102021~1.10/bin/../lib/gcc/arm-none-eabi/10.3.1/thumb/v7-m/nofp\libgcc.a(_arm_addsubdf3.o)
                0x08000160                __aeabi_drsub
                0x08000168                __aeabi_dsub
                0x08000168                __subdf3
                0x0800016c                __aeabi_dadd
                0x0800016c                __adddf3
                0x080003e4                __floatunsidf
                0x080003e4                __aeabi_ui2d
                0x08000404                __floatsidf
                0x08000404                __aeabi_i2d
                0x08000428                __aeabi_f2d
                0x08000428                __extendsfdf2
                0x0800046c                __floatundidf
                0x0800046c                __aeabi_ul2d
                0x0800047c                __floatdidf
                0x0800047c                __aeabi_l2d
 .text          0x080004d8      0x424 c:/progra~2/gnuarm~1/102021~1.10/bin/../lib/gcc/arm-none-eabi/10.3.1/thumb/v7-m/nofp\libgcc.a(_arm_muldivdf3.o)
                0x080004d8                __aeabi_dmul
                0x080004d8                __muldf3
                0x0800072c                __divdf3
                0x0800072c                __aeabi_ddiv
 .text          0x080008fc      0x110 c:/progra~2/gnuarm~1/102021~1.10/bin/../lib/gcc/arm-none-eabi/10.3.1/thumb/v7-m/nofp\libgcc.a(_arm_cmpdf2.o)
                0x080008fc                __gtdf2
                0x080008fc                __gedf2
                0x08000904                __ltdf2
                0x08000904                __ledf2
                0x0800090c                __nedf2
                0x0800090c                __eqdf2
                0x0800090c                __cmpdf2
                0x08000988                __aeabi_cdrcmple
                0x08000998                __aeabi_cdcmpeq
                0x08000998                __aeabi_cdcmple
                0x080009a8                __aeabi_dcmpeq
                0x080009bc                __aeabi_dcmplt
                0x080009d0                __aeabi_dcmple
                0x080009e4                __aeabi_dcmpge
                0x080009f8                __aeabi_dcmpgt
 .text          0x08000a0c       0x2c c:/progra~2/gnuarm~1/102021~1.10/bin/../lib/gcc/arm-none-eabi/10.3.1/thumb/v7-m/nofp\libgcc.a(_arm_unorddf2.o)
                0x08000a0c                __unorddf2
                0x08000a0c                __aeabi_dcmpun
 .text          0x08000a38       0x50 c:/progra~2/gnuarm~1/102021~1.10/bin/../lib/gcc/arm-none-eabi/10.3.1/thumb/v7-m/nofp\libgcc.a(_arm_fixdfsi.o)
                0x08000a38                __aeabi_d2iz
                0x08000a38                __fixdfsi
 .text          0x08000a88      0x21c c:/progra~2/gnuarm~1/102021~1.10/bin/../lib/gcc/arm-none-eabi/10.3.1/thumb/v7-m/nofp\libgcc.a(_arm_addsubsf3.o)
                0x08000a88                __aeabi_frsub
                0x08000a90                __subsf3
                0x08000a90                __aeabi_fsub
                0x08000a94                __aeabi_fadd
                0x08000a94                __addsf3
                0x08000bf4                __aeabi_ui2f
                0x08000bf4                __floatunsisf
                0x08000bfc                __aeabi_i2f
                0x08000bfc                __floatsisf
                0x08000c18                __aeabi_ul2f
                0x08000c18                __floatundisf
                0x08000c28                __aeabi_l2f
                0x08000c28                __floatdisf
 .text          0x08000ca4      0x2a0 c:/progra~2/gnuarm~1/102021~1.10/bin/../lib/gcc/arm-none-eabi/10.3.1/thumb/v7-m/nofp\libgcc.a(_arm_muldivsf3.o)
                0x08000ca4                __mulsf3
                0x08000ca4                __aeabi_fmul
                0x08000e0c                __aeabi_fdiv
                0x08000e0c                __divsf3
 .text          0x08000f44       0xec c:/progra~2/gnuarm~1/102021~1.10/bin/../lib/gcc/arm-none-eabi/10.3.1/thumb/v7-m/nofp\libgcc.a(_arm_cmpsf2.o)
                0x08000f44                __gesf2
                0x08000f44                __gtsf2
                0x08000f4c                __lesf2
                0x08000f4c                __ltsf2
                0x08000f54                __nesf2
                0x08000f54                __eqsf2
                0x08000f54                __cmpsf2
                0x08000fb4                __aeabi_cfrcmple
                0x08000fbc                __aeabi_cfcmpeq
                0x08000fbc                __aeabi_cfcmple
                0x08000fcc                __aeabi_fcmpeq
                0x08000fe0                __aeabi_fcmplt
                0x08000ff4                __aeabi_fcmple
                0x08001008                __aeabi_fcmpge
                0x0800101c                __aeabi_fcmpgt
 .text          0x08001030       0xa0 c:/progra~2/gnuarm~1/102021~1.10/bin/../lib/gcc/arm-none-eabi/10.3.1/thumb/v7-m/nofp\libgcc.a(_aeabi_ldivmod.o)
                0x08001030                __aeabi_ldivmod
 .text          0x080010d0      0x2d4 c:/progra~2/gnuarm~1/102021~1.10/bin/../lib/gcc/arm-none-eabi/10.3.1/thumb/v7-m/nofp\libgcc.a(_udivmoddi4.o)
                0x080010d0                __udivmoddi4
 .text          0x080013a4        0x4 c:/progra~2/gnuarm~1/102021~1.10/bin/../lib/gcc/arm-none-eabi/10.3.1/thumb/v7-m/nofp\libgcc.a(_dvmd_tls.o)
                0x080013a4                __aeabi_idiv0
                0x080013a4                __aeabi_ldiv0
 *(.text*)
 .text.__libc_init_array
                0x080013a8       0x48 c:/progra~2/gnuarm~1/102021~1.10/bin/../lib/gcc/arm-none-eabi/10.3.1/../../../../arm-none-eabi/lib/thumb/v7-m/nofp\libc_nano.a(lib_a-init.o)
                0x080013a8                __libc_init_array
 .text.memset   0x080013f0       0x10 c:/progra~2/gnuarm~1/102021~1.10/bin/../lib/gcc/arm-none-eabi/10.3.1/../../../../arm-none-eabi/lib/thumb/v7-m/nofp\libc_nano.a(lib_a-memset.o)
                0x080013f0                memset
 .text.__cvt    0x08001400       0xbe c:/progra~2/gnuarm~1/102021~1.10/bin/../lib/gcc/arm-none-eabi/10.3.1/../../../../arm-none-eabi/lib/thumb/v7-m/nofp\libc_nano.a(lib_a-nano-vfprintf_float.o)
                0x08001400                __cvt
 .text.__exponent
                0x080014be       0x7c c:/progra~2/gnuarm~1/102021~1.10/bin/../lib/gcc/arm-none-eabi/10.3.1/../../../../arm-none-eabi/lib/thumb/v7-m/nofp\libc_nano.a(lib_a-nano-vfprintf_float.o)
                0x080014be                __exponent
 *fill*         0x0800153a        0x2 
 .text._printf_float
                0x0800153c      0x458 c:/progra~2/gnuarm~1/102021~1.10/bin/../lib/gcc/arm-none-eabi/10.3.1/../../../../arm-none-eabi/lib/thumb/v7-m/nofp\libc_nano.a(lib_a-nano-vfprintf_float.o)
                0x0800153c                _printf_float
 .text._printf_common
                0x08001994       0xde c:/progra~2/gnuarm~1/102021~1.10/bin/../lib/gcc/arm-none-eabi/10.3.1/../../../../arm-none-eabi/lib/thumb/v7-m/nofp\libc_nano.a(lib_a-nano-vfprintf_i.o)
                0x08001994                _printf_common
 *fill*         0x08001a72        0x2 
 .text._printf_i
                0x08001a74      0x24c c:/progra~2/gnuarm~1/102021~1.10/bin/../lib/gcc/arm-none-eabi/10.3.1/../../../../arm-none-eabi/lib/thumb/v7-m/nofp\libc_nano.a(lib_a-nano-vfprintf_i.o)
                0x08001a74                _printf_i
 .text.quorem   0x08001cc0      0x118 c:/progra~2/gnuarm~1/102021~1.10/bin/../lib/gcc/arm-none-eabi/10.3.1/../../../../arm-none-eabi/lib/thumb/v7-m/nofp\libc_nano.a(lib_a-dtoa.o)
 .text._dtoa_r  0x08001dd8      0xbdc c:/progra~2/gnuarm~1/102021~1.10/bin/../lib/gcc/arm-none-eabi/10.3.1/../../../../arm-none-eabi/lib/thumb/v7-m/nofp\libc_nano.a(lib_a-dtoa.o)
                0x08001dd8                _dtoa_r
 .text._localeconv_r
                0x080029b4        0x8 c:/progra~2/gnuarm~1/102021~1.10/bin/../lib/gcc/arm-none-eabi/10.3.1/../../../../arm-none-eabi/lib/thumb/v7-m/nofp\libc_nano.a(lib_a-localeconv.o)
                0x080029b4                _localeconv_r
 .text.malloc   0x080029bc       0x10 c:/progra~2/gnuarm~1/102021~1.10/bin/../lib/gcc/arm-none-eabi/10.3.1/../../../../arm-none-eabi/lib/thumb/v7-m/nofp\libc_nano.a(lib_a-malloc.o)
                0x080029bc                malloc
 .text.memchr   0x080029cc       0x1c c:/progra~2/gnuarm~1/102021~1.10/bin/../lib/gcc/arm-none-eabi/10.3.1/../../../../arm-none-eabi/lib/thumb/v7-m/nofp\libc_nano.a(lib_a-memchr-stub.o)
                0x080029cc                memchr
 .text.memcpy   0x080029e8       0x1c c:/progra~2/gnuarm~1/102021~1.10/bin/../lib/gcc/arm-none-eabi/10.3.1/../../../../arm-none-eabi/lib/thumb/v7-m/nofp\libc_nano.a(lib_a-memcpy-stub.o)
                0x080029e8                memcpy
 .text._Balloc  0x08002a04       0x80 c:/progra~2/gnuarm~1/102021~1.10/bin/../lib/gcc/arm-none-eabi/10.3.1/../../../../arm-none-eabi/lib/thumb/v7-m/nofp\libc_nano.a(lib_a-mprec.o)
                0x08002a04                _Balloc
 .text._Bfree   0x08002a84       0x44 c:/progra~2/gnuarm~1/102021~1.10/bin/../lib/gcc/arm-none-eabi/10.3.1/../../../../arm-none-eabi/lib/thumb/v7-m/nofp\libc_nano.a(lib_a-mprec.o)
                0x08002a84                _Bfree
 .text.__multadd
                0x08002ac8       0x8c c:/progra~2/gnuarm~1/102021~1.10/bin/../lib/gcc/arm-none-eabi/10.3.1/../../../../arm-none-eabi/lib/thumb/v7-m/nofp\libc_nano.a(lib_a-mprec.o)
                0x08002ac8                __multadd
 .text.__hi0bits
                0x08002b54       0x40 c:/progra~2/gnuarm~1/102021~1.10/bin/../lib/gcc/arm-none-eabi/10.3.1/../../../../arm-none-eabi/lib/thumb/v7-m/nofp\libc_nano.a(lib_a-mprec.o)
                0x08002b54                __hi0bits
 .text.__lo0bits
                0x08002b94       0x5a c:/progra~2/gnuarm~1/102021~1.10/bin/../lib/gcc/arm-none-eabi/10.3.1/../../../../arm-none-eabi/lib/thumb/v7-m/nofp\libc_nano.a(lib_a-mprec.o)
                0x08002b94                __lo0bits
 *fill*         0x08002bee        0x2 
 .text.__i2b    0x08002bf0       0x2c c:/progra~2/gnuarm~1/102021~1.10/bin/../lib/gcc/arm-none-eabi/10.3.1/../../../../arm-none-eabi/lib/thumb/v7-m/nofp\libc_nano.a(lib_a-mprec.o)
                0x08002bf0                __i2b
 .text.__multiply
                0x08002c1c      0x150 c:/progra~2/gnuarm~1/102021~1.10/bin/../lib/gcc/arm-none-eabi/10.3.1/../../../../arm-none-eabi/lib/thumb/v7-m/nofp\libc_nano.a(lib_a-mprec.o)
                0x08002c1c                __multiply
 .text.__pow5mult
                0x08002d6c       0xb4 c:/progra~2/gnuarm~1/102021~1.10/bin/../lib/gcc/arm-none-eabi/10.3.1/../../../../arm-none-eabi/lib/thumb/v7-m/nofp\libc_nano.a(lib_a-mprec.o)
                0x08002d6c                __pow5mult
 .text.__lshift
                0x08002e20       0xe0 c:/progra~2/gnuarm~1/102021~1.10/bin/../lib/gcc/arm-none-eabi/10.3.1/../../../../arm-none-eabi/lib/thumb/v7-m/nofp\libc_nano.a(lib_a-mprec.o)
                0x08002e20                __lshift
 .text.__mcmp   0x08002f00       0x36 c:/progra~2/gnuarm~1/102021~1.10/bin/../lib/gcc/arm-none-eabi/10.3.1/../../../../arm-none-eabi/lib/thumb/v7-m/nofp\libc_nano.a(lib_a-mprec.o)
                0x08002f00                __mcmp
 *fill*         0x08002f36        0x2 
 .text.__mdiff  0x08002f38      0x118 c:/progra~2/gnuarm~1/102021~1.10/bin/../lib/gcc/arm-none-eabi/10.3.1/../../../../arm-none-eabi/lib/thumb/v7-m/nofp\libc_nano.a(lib_a-mprec.o)
                0x08002f38                __mdiff
 .text.__d2b    0x08003050       0xb8 c:/progra~2/gnuarm~1/102021~1.10/bin/../lib/gcc/arm-none-eabi/10.3.1/../../../../arm-none-eabi/lib/thumb/v7-m/nofp\libc_nano.a(lib_a-mprec.o)
                0x08003050                __d2b
 .text._calloc_r
                0x08003108       0x28 c:/progra~2/gnuarm~1/102021~1.10/bin/../lib/gcc/arm-none-eabi/10.3.1/../../../../arm-none-eabi/lib/thumb/v7-m/nofp\libc_nano.a(lib_a-nano-callocr.o)
                0x08003108                _calloc_r
 .text._free_r  0x08003130       0x90 c:/progra~2/gnuarm~1/102021~1.10/bin/../lib/gcc/arm-none-eabi/10.3.1/../../../../arm-none-eabi/lib/thumb/v7-m/nofp\libc_nano.a(lib_a-nano-freer.o)
                0x08003130                _free_r
 .text.sbrk_aligned
                0x080031c0       0x40 c:/progra~2/gnuarm~1/102021~1.10/bin/../lib/gcc/arm-none-eabi/10.3.1/../../../../arm-none-eabi/lib/thumb/v7-m/nofp\libc_nano.a(lib_a-nano-mallocr.o)
 .text._malloc_r
                0x08003200       0xe8 c:/progra~2/gnuarm~1/102021~1.10/bin/../lib/gcc/arm-none-eabi/10.3.1/../../../../arm-none-eabi/lib/thumb/v7-m/nofp\libc_nano.a(lib_a-nano-mallocr.o)
                0x08003200                _malloc_r
 .text._sbrk_r  0x080032e8       0x20 c:/progra~2/gnuarm~1/102021~1.10/bin/../lib/gcc/arm-none-eabi/10.3.1/../../../../arm-none-eabi/lib/thumb/v7-m/nofp\libc_nano.a(lib_a-sbrkr.o)
                0x080032e8                _sbrk_r
 .text.__assert_func
                0x08003308       0x3c c:/progra~2/gnuarm~1/102021~1.10/bin/../lib/gcc/arm-none-eabi/10.3.1/../../../../arm-none-eabi/lib/thumb/v7-m/nofp\libc_nano.a(lib_a-assert.o)
                0x08003308                __assert_func
 .text.fprintf  0x08003344       0x24 c:/progra~2/gnuarm~1/102021~1.10/bin/../lib/gcc/arm-none-eabi/10.3.1/../../../../arm-none-eabi/lib/thumb/v7-m/nofp\libc_nano.a(lib_a-fprintf.o)
                0x08003344                fiprintf
                0x08003344                fprintf
 .text.__ascii_mbtowc
                0x08003368       0x24 c:/progra~2/gnuarm~1/102021~1.10/bin/../lib/gcc/arm-none-eabi/10.3.1/../../../../arm-none-eabi/lib/thumb/v7-m/nofp\libc_nano.a(lib_a-mbtowc_r.o)
                0x08003368                __ascii_mbtowc
 .text.__malloc_lock
                0x0800338c        0xc c:/progra~2/gnuarm~1/102021~1.10/bin/../lib/gcc/arm-none-eabi/10.3.1/../../../../arm-none-eabi/lib/thumb/v7-m/nofp\libc_nano.a(lib_a-mlock.o)
                0x0800338c                __malloc_lock
 .text.__malloc_unlock
                0x08003398        0xc c:/progra~2/gnuarm~1/102021~1.10/bin/../lib/gcc/arm-none-eabi/10.3.1/../../../../arm-none-eabi/lib/thumb/v7-m/nofp\libc_nano.a(lib_a-mlock.o)
                0x08003398                __malloc_unlock
 .text.__sfputc_r
                0x080033a4       0x2a c:/progra~2/gnuarm~1/102021~1.10/bin/../lib/gcc/arm-none-eabi/10.3.1/../../../../arm-none-eabi/lib/thumb/v7-m/nofp\libc_nano.a(lib_a-nano-vfprintf.o)
 .text.__sfputs_r
                0x080033ce       0x24 c:/progra~2/gnuarm~1/102021~1.10/bin/../lib/gcc/arm-none-eabi/10.3.1/../../../../arm-none-eabi/lib/thumb/v7-m/nofp\libc_nano.a(lib_a-nano-vfprintf.o)
                0x080033ce                __sfputs_r
 *fill*         0x080033f2        0x2 
 .text._vfprintf_r
                0x080033f4      0x260 c:/progra~2/gnuarm~1/102021~1.10/bin/../lib/gcc/arm-none-eabi/10.3.1/../../../../arm-none-eabi/lib/thumb/v7-m/nofp\libc_nano.a(lib_a-nano-vfprintf.o)
                0x080033f4                _vfprintf_r
                0x080033f4                _vfiprintf_r
 .text.__swbuf_r
                0x08003654       0xa4 c:/progra~2/gnuarm~1/102021~1.10/bin/../lib/gcc/arm-none-eabi/10.3.1/../../../../arm-none-eabi/lib/thumb/v7-m/nofp\libc_nano.a(lib_a-wbuf.o)
                0x08003654                __swbuf_r
 .text.__ascii_wctomb
                0x080036f8       0x1a c:/progra~2/gnuarm~1/102021~1.10/bin/../lib/gcc/arm-none-eabi/10.3.1/../../../../arm-none-eabi/lib/thumb/v7-m/nofp\libc_nano.a(lib_a-wctomb_r.o)
                0x080036f8                __ascii_wctomb
 *fill*         0x08003712        0x2 
 .text.__swsetup_r
                0x08003714       0xdc c:/progra~2/gnuarm~1/102021~1.10/bin/../lib/gcc/arm-none-eabi/10.3.1/../../../../arm-none-eabi/lib/thumb/v7-m/nofp\libc_nano.a(lib_a-wsetup.o)
                0x08003714                __swsetup_r
 .text.abort    0x080037f0        0xe c:/progra~2/gnuarm~1/102021~1.10/bin/../lib/gcc/arm-none-eabi/10.3.1/../../../../arm-none-eabi/lib/thumb/v7-m/nofp\libc_nano.a(lib_a-abort.o)
                0x080037f0                abort
 *fill*         0x080037fe        0x2 
 .text.__sflush_r
                0x08003800      0x104 c:/progra~2/gnuarm~1/102021~1.10/bin/../lib/gcc/arm-none-eabi/10.3.1/../../../../arm-none-eabi/lib/thumb/v7-m/nofp\libc_nano.a(lib_a-fflush.o)
                0x08003800                __sflush_r
 .text._fflush_r
                0x08003904       0x78 c:/progra~2/gnuarm~1/102021~1.10/bin/../lib/gcc/arm-none-eabi/10.3.1/../../../../arm-none-eabi/lib/thumb/v7-m/nofp\libc_nano.a(lib_a-fflush.o)
                0x08003904                _fflush_r
 .text.std      0x0800397c       0x48 c:/progra~2/gnuarm~1/102021~1.10/bin/../lib/gcc/arm-none-eabi/10.3.1/../../../../arm-none-eabi/lib/thumb/v7-m/nofp\libc_nano.a(lib_a-findfp.o)
 .text._cleanup_r
                0x080039c4        0xc c:/progra~2/gnuarm~1/102021~1.10/bin/../lib/gcc/arm-none-eabi/10.3.1/../../../../arm-none-eabi/lib/thumb/v7-m/nofp\libc_nano.a(lib_a-findfp.o)
                0x080039c4                _cleanup_r
 .text.__sfmoreglue
                0x080039d0       0x2c c:/progra~2/gnuarm~1/102021~1.10/bin/../lib/gcc/arm-none-eabi/10.3.1/../../../../arm-none-eabi/lib/thumb/v7-m/nofp\libc_nano.a(lib_a-findfp.o)
                0x080039d0                __sfmoreglue
 .text.__sfp_lock_acquire
                0x080039fc        0xc c:/progra~2/gnuarm~1/102021~1.10/bin/../lib/gcc/arm-none-eabi/10.3.1/../../../../arm-none-eabi/lib/thumb/v7-m/nofp\libc_nano.a(lib_a-findfp.o)
                0x080039fc                __sfp_lock_acquire
 .text.__sfp_lock_release
                0x08003a08        0xc c:/progra~2/gnuarm~1/102021~1.10/bin/../lib/gcc/arm-none-eabi/10.3.1/../../../../arm-none-eabi/lib/thumb/v7-m/nofp\libc_nano.a(lib_a-findfp.o)
                0x08003a08                __sfp_lock_release
 .text.__sinit_lock_acquire
                0x08003a14        0xc c:/progra~2/gnuarm~1/102021~1.10/bin/../lib/gcc/arm-none-eabi/10.3.1/../../../../arm-none-eabi/lib/thumb/v7-m/nofp\libc_nano.a(lib_a-findfp.o)
                0x08003a14                __sinit_lock_acquire
 .text.__sinit_lock_release
                0x08003a20        0xc c:/progra~2/gnuarm~1/102021~1.10/bin/../lib/gcc/arm-none-eabi/10.3.1/../../../../arm-none-eabi/lib/thumb/v7-m/nofp\libc_nano.a(lib_a-findfp.o)
                0x08003a20                __sinit_lock_release
 .text.__sinit  0x08003a2c       0x70 c:/progra~2/gnuarm~1/102021~1.10/bin/../lib/gcc/arm-none-eabi/10.3.1/../../../../arm-none-eabi/lib/thumb/v7-m/nofp\libc_nano.a(lib_a-findfp.o)
                0x08003a2c                __sinit
 .text.__sfp    0x08003a9c       0x8c c:/progra~2/gnuarm~1/102021~1.10/bin/../lib/gcc/arm-none-eabi/10.3.1/../../../../arm-none-eabi/lib/thumb/v7-m/nofp\libc_nano.a(lib_a-findfp.o)
                0x08003a9c                __sfp
 .text._fwalk_reent
                0x08003b28       0x3e c:/progra~2/gnuarm~1/102021~1.10/bin/../lib/gcc/arm-none-eabi/10.3.1/../../../../arm-none-eabi/lib/thumb/v7-m/nofp\libc_nano.a(lib_a-fwalk.o)
                0x08003b28                _fwalk_reent
 .text.__retarget_lock_init_recursive
                0x08003b66        0x2 c:/progra~2/gnuarm~1/102021~1.10/bin/../lib/gcc/arm-none-eabi/10.3.1/../../../../arm-none-eabi/lib/thumb/v7-m/nofp\libc_nano.a(lib_a-lock.o)
                0x08003b66                __retarget_lock_init_recursive
 .text.__retarget_lock_acquire_recursive
                0x08003b68        0x2 c:/progra~2/gnuarm~1/102021~1.10/bin/../lib/gcc/arm-none-eabi/10.3.1/../../../../arm-none-eabi/lib/thumb/v7-m/nofp\libc_nano.a(lib_a-lock.o)
                0x08003b68                __retarget_lock_acquire_recursive
 .text.__retarget_lock_release_recursive
                0x08003b6a        0x2 c:/progra~2/gnuarm~1/102021~1.10/bin/../lib/gcc/arm-none-eabi/10.3.1/../../../../arm-none-eabi/lib/thumb/v7-m/nofp\libc_nano.a(lib_a-lock.o)
                0x08003b6a                __retarget_lock_release_recursive
 .text.__swhatbuf_r
                0x08003b6c       0x4a c:/progra~2/gnuarm~1/102021~1.10/bin/../lib/gcc/arm-none-eabi/10.3.1/../../../../arm-none-eabi/lib/thumb/v7-m/nofp\libc_nano.a(lib_a-makebuf.o)
                0x08003b6c                __swhatbuf_r
 *fill*         0x08003bb6        0x2 
 .text.__smakebuf_r
                0x08003bb8       0x80 c:/progra~2/gnuarm~1/102021~1.10/bin/../lib/gcc/arm-none-eabi/10.3.1/../../../../arm-none-eabi/lib/thumb/v7-m/nofp\libc_nano.a(lib_a-makebuf.o)
                0x08003bb8                __smakebuf_r
 .text.memmove  0x08003c38       0x34 c:/progra~2/gnuarm~1/102021~1.10/bin/../lib/gcc/arm-none-eabi/10.3.1/../../../../arm-none-eabi/lib/thumb/v7-m/nofp\libc_nano.a(lib_a-memmove.o)
                0x08003c38                memmove
 .text._realloc_r
                0x08003c6c       0x5e c:/progra~2/gnuarm~1/102021~1.10/bin/../lib/gcc/arm-none-eabi/10.3.1/../../../../arm-none-eabi/lib/thumb/v7-m/nofp\libc_nano.a(lib_a-nano-reallocr.o)
                0x08003c6c                _realloc_r
 .text._raise_r
                0x08003cca       0x50 c:/progra~2/gnuarm~1/102021~1.10/bin/../lib/gcc/arm-none-eabi/10.3.1/../../../../arm-none-eabi/lib/thumb/v7-m/nofp\libc_nano.a(lib_a-signal.o)
                0x08003cca                _raise_r
 *fill*         0x08003d1a        0x2 
 .text.raise    0x08003d1c       0x10 c:/progra~2/gnuarm~1/102021~1.10/bin/../lib/gcc/arm-none-eabi/10.3.1/../../../../arm-none-eabi/lib/thumb/v7-m/nofp\libc_nano.a(lib_a-signal.o)
                0x08003d1c                raise
 .text._kill_r  0x08003d2c       0x24 c:/progra~2/gnuarm~1/102021~1.10/bin/../lib/gcc/arm-none-eabi/10.3.1/../../../../arm-none-eabi/lib/thumb/v7-m/nofp\libc_nano.a(lib_a-signalr.o)
                0x08003d2c                _kill_r
 .text._getpid_r
                0x08003d50        0x4 c:/progra~2/gnuarm~1/102021~1.10/bin/../lib/gcc/arm-none-eabi/10.3.1/../../../../arm-none-eabi/lib/thumb/v7-m/nofp\libc_nano.a(lib_a-signalr.o)
                0x08003d50                _getpid_r
 .text.__sread  0x08003d54       0x22 c:/progra~2/gnuarm~1/102021~1.10/bin/../lib/gcc/arm-none-eabi/10.3.1/../../../../arm-none-eabi/lib/thumb/v7-m/nofp\libc_nano.a(lib_a-stdio.o)
                0x08003d54                __sread
 .text.__swrite
                0x08003d76       0x38 c:/progra~2/gnuarm~1/102021~1.10/bin/../lib/gcc/arm-none-eabi/10.3.1/../../../../arm-none-eabi/lib/thumb/v7-m/nofp\libc_nano.a(lib_a-stdio.o)
                0x08003d76                __swrite
 .text.__sseek  0x08003dae       0x24 c:/progra~2/gnuarm~1/102021~1.10/bin/../lib/gcc/arm-none-eabi/10.3.1/../../../../arm-none-eabi/lib/thumb/v7-m/nofp\libc_nano.a(lib_a-stdio.o)
                0x08003dae                __sseek
 .text.__sclose
                0x08003dd2        0x8 c:/progra~2/gnuarm~1/102021~1.10/bin/../lib/gcc/arm-none-eabi/10.3.1/../../../../arm-none-eabi/lib/thumb/v7-m/nofp\libc_nano.a(lib_a-stdio.o)
                0x08003dd2                __sclose
 *fill*         0x08003dda        0x2 
 .text._write_r
                0x08003ddc       0x24 c:/progra~2/gnuarm~1/102021~1.10/bin/../lib/gcc/arm-none-eabi/10.3.1/../../../../arm-none-eabi/lib/thumb/v7-m/nofp\libc_nano.a(lib_a-writer.o)
                0x08003ddc                _write_r
 .text._close_r
                0x08003e00       0x20 c:/progra~2/gnuarm~1/102021~1.10/bin/../lib/gcc/arm-none-eabi/10.3.1/../../../../arm-none-eabi/lib/thumb/v7-m/nofp\libc_nano.a(lib_a-closer.o)
                0x08003e00                _close_r
 .text._fstat_r
                0x08003e20       0x24 c:/progra~2/gnuarm~1/102021~1.10/bin/../lib/gcc/arm-none-eabi/10.3.1/../../../../arm-none-eabi/lib/thumb/v7-m/nofp\libc_nano.a(lib_a-fstatr.o)
                0x08003e20                _fstat_r
 .text._isatty_r
                0x08003e44       0x20 c:/progra~2/gnuarm~1/102021~1.10/bin/../lib/gcc/arm-none-eabi/10.3.1/../../../../arm-none-eabi/lib/thumb/v7-m/nofp\libc_nano.a(lib_a-isattyr.o)
                0x08003e44                _isatty_r
 .text._lseek_r
                0x08003e64       0x24 c:/progra~2/gnuarm~1/102021~1.10/bin/../lib/gcc/arm-none-eabi/10.3.1/../../../../arm-none-eabi/lib/thumb/v7-m/nofp\libc_nano.a(lib_a-lseekr.o)
                0x08003e64                _lseek_r
 .text._malloc_usable_size_r
                0x08003e88       0x10 c:/progra~2/gnuarm~1/102021~1.10/bin/../lib/gcc/arm-none-eabi/10.3.1/../../../../arm-none-eabi/lib/thumb/v7-m/nofp\libc_nano.a(lib_a-nano-msizer.o)
                0x08003e88                _malloc_usable_size_r
 .text._read_r  0x08003e98       0x24 c:/progra~2/gnuarm~1/102021~1.10/bin/../lib/gcc/arm-none-eabi/10.3.1/../../../../arm-none-eabi/lib/thumb/v7-m/nofp\libc_nano.a(lib_a-readr.o)
                0x08003e98                _read_r
 .text.Reset_Handler
                0x08003ebc       0x48 CMakeFiles/STM32_Bear.dir/Startup/startup_stm32f103t8ux.S.obj
                0x08003ebc                Reset_Handler
 .text.Default_Handler
                0x08003f04        0x2 CMakeFiles/STM32_Bear.dir/Startup/startup_stm32f103t8ux.S.obj
                0x08003f04                RTC_Alarm_IRQHandler
                0x08003f04                EXTI2_IRQHandler
                0x08003f04                TIM1_CC_IRQHandler
                0x08003f04                PVD_IRQHandler
                0x08003f04                EXTI3_IRQHandler
                0x08003f04                EXTI0_IRQHandler
                0x08003f04                I2C2_EV_IRQHandler
                0x08003f04                ADC1_2_IRQHandler
                0x08003f04                SPI1_IRQHandler
                0x08003f04                TAMPER_IRQHandler
                0x08003f04                DMA1_Channel4_IRQHandler
                0x08003f04                USART3_IRQHandler
                0x08003f04                RTC_IRQHandler
                0x08003f04                DMA1_Channel7_IRQHandler
                0x08003f04                CAN1_RX1_IRQHandler
                0x08003f04                TIM4_IRQHandler
                0x08003f04                DMA1_Channel6_IRQHandler
                0x08003f04                TIM3_IRQHandler
                0x08003f04                RCC_IRQHandler
                0x08003f04                TIM1_TRG_COM_IRQHandler
                0x08003f04                DMA1_Channel1_IRQHandler
                0x08003f04                Default_Handler
                0x08003f04                EXTI15_10_IRQHandler
                0x08003f04                EXTI9_5_IRQHandler
                0x08003f04                SPI2_IRQHandler
                0x08003f04                DMA1_Channel5_IRQHandler
                0x08003f04                EXTI4_IRQHandler
                0x08003f04                USB_LP_CAN1_RX0_IRQHandler
                0x08003f04                USB_HP_CAN1_TX_IRQHandler
                0x08003f04                DMA1_Channel3_IRQHandler
                0x08003f04                TIM1_UP_IRQHandler
                0x08003f04                WWDG_IRQHandler
                0x08003f04                TIM2_IRQHandler
                0x08003f04                TIM1_BRK_IRQHandler
                0x08003f04                EXTI1_IRQHandler
                0x08003f04                USART2_IRQHandler
                0x08003f04                I2C2_ER_IRQHandler
                0x08003f04                DMA1_Channel2_IRQHandler
                0x08003f04                CAN1_SCE_IRQHandler
                0x08003f04                FLASH_IRQHandler
                0x08003f04                I2C1_ER_IRQHandler
                0x08003f04                USBWakeUp_IRQHandler
 .text.bmp280_init_default_params
                0x08003f06       0x12 CMakeFiles/STM32_Bear.dir/Lib/Src/bmp280.c.obj
                0x08003f06                bmp280_init_default_params
 .text.Error    0x08003f18       0x14 CMakeFiles/STM32_Bear.dir/Lib/Src/BME280.c.obj
                0x08003f18                Error
 .text.I2Cx_WriteData
                0x08003f2c       0x34 CMakeFiles/STM32_Bear.dir/Lib/Src/BME280.c.obj
 .text.I2Cx_ReadData
                0x08003f60       0x3c CMakeFiles/STM32_Bear.dir/Lib/Src/BME280.c.obj
 .text.I2Cx_ReadData16
                0x08003f9c       0x30 CMakeFiles/STM32_Bear.dir/Lib/Src/BME280.c.obj
 .text.I2Cx_ReadData24
                0x08003fcc       0x30 CMakeFiles/STM32_Bear.dir/Lib/Src/BME280.c.obj
 .text.BME280_WriteReg
                0x08003ffc        0xe CMakeFiles/STM32_Bear.dir/Lib/Src/BME280.c.obj
                0x08003ffc                BME280_WriteReg
 .text.BME280_ReadReg
                0x0800400a        0xc CMakeFiles/STM32_Bear.dir/Lib/Src/BME280.c.obj
                0x0800400a                BME280_ReadReg
 .text.BME280_ReadReg_U16
                0x08004016        0xe CMakeFiles/STM32_Bear.dir/Lib/Src/BME280.c.obj
                0x08004016                BME280_ReadReg_U16
 .text.BME280_ReadReg_S16
                0x08004024        0xe CMakeFiles/STM32_Bear.dir/Lib/Src/BME280.c.obj
                0x08004024                BME280_ReadReg_S16
 .text.BME280_ReadReg_BE_U24
                0x08004032       0x26 CMakeFiles/STM32_Bear.dir/Lib/Src/BME280.c.obj
                0x08004032                BME280_ReadReg_BE_U24
 .text.BME280_ReadStatus
                0x08004058        0xe CMakeFiles/STM32_Bear.dir/Lib/Src/BME280.c.obj
                0x08004058                BME280_ReadStatus
 *fill*         0x08004066        0x2 
 .text.BME280_ReadCoefficients
                0x08004068       0xcc CMakeFiles/STM32_Bear.dir/Lib/Src/BME280.c.obj
                0x08004068                BME280_ReadCoefficients
 .text.BME280_SetStandby
                0x08004134       0x20 CMakeFiles/STM32_Bear.dir/Lib/Src/BME280.c.obj
                0x08004134                BME280_SetStandby
 .text.BME280_SetFilter
                0x08004154       0x1c CMakeFiles/STM32_Bear.dir/Lib/Src/BME280.c.obj
                0x08004154                BME280_SetFilter
 .text.BME280_SetOversamplingTemper
                0x08004170       0x20 CMakeFiles/STM32_Bear.dir/Lib/Src/BME280.c.obj
                0x08004170                BME280_SetOversamplingTemper
 .text.BME280_SetOversamplingPressure
                0x08004190       0x1c CMakeFiles/STM32_Bear.dir/Lib/Src/BME280.c.obj
                0x08004190                BME280_SetOversamplingPressure
 .text.BME280_SetOversamplingHum
                0x080041ac       0x2a CMakeFiles/STM32_Bear.dir/Lib/Src/BME280.c.obj
                0x080041ac                BME280_SetOversamplingHum
 .text.BME280_SetMode
                0x080041d6       0x1c CMakeFiles/STM32_Bear.dir/Lib/Src/BME280.c.obj
                0x080041d6                BME280_SetMode
 *fill*         0x080041f2        0x2 
 .text.BME280_ReadTemperature
                0x080041f4       0x64 CMakeFiles/STM32_Bear.dir/Lib/Src/BME280.c.obj
                0x080041f4                BME280_ReadTemperature
 .text.BME280_ReadPressure
                0x08004258      0x1f4 CMakeFiles/STM32_Bear.dir/Lib/Src/BME280.c.obj
                0x08004258                BME280_ReadPressure
 .text.BME280_Init
                0x0800444c       0x5a CMakeFiles/STM32_Bear.dir/Lib/Src/BME280.c.obj
                0x0800444c                BME280_Init
 *fill*         0x080044a6        0x2 
 .text.BMP085_testConnection
                0x080044a8       0x24 CMakeFiles/STM32_Bear.dir/Lib/Src/BMP085.c.obj
                0x080044a8                BMP085_testConnection
 .text.BMP085_loadCalibration
                0x080044cc      0x108 CMakeFiles/STM32_Bear.dir/Lib/Src/BMP085.c.obj
                0x080044cc                BMP085_loadCalibration
 .text.BMP085_initialize
                0x080045d4       0x18 CMakeFiles/STM32_Bear.dir/Lib/Src/BMP085.c.obj
                0x080045d4                BMP085_initialize
 .text.BMP085_setControl
                0x080045ec       0x20 CMakeFiles/STM32_Bear.dir/Lib/Src/BMP085.c.obj
                0x080045ec                BMP085_setControl
 .text.BMP085_getMeasurement3
                0x0800460c       0x34 CMakeFiles/STM32_Bear.dir/Lib/Src/BMP085.c.obj
                0x0800460c                BMP085_getMeasurement3
 .text.BMP085_getMeasureDelayMilliseconds
                0x08004640       0x34 CMakeFiles/STM32_Bear.dir/Lib/Src/BMP085.c.obj
                0x08004640                BMP085_getMeasureDelayMilliseconds
 .text.BMP085_getRawPressure
                0x08004674       0x28 CMakeFiles/STM32_Bear.dir/Lib/Src/BMP085.c.obj
                0x08004674                BMP085_getRawPressure
 .text.BMP085_getPressure
                0x0800469c       0xe4 CMakeFiles/STM32_Bear.dir/Lib/Src/BMP085.c.obj
                0x0800469c                BMP085_getPressure
 .text.Send_cmd
                0x08004780       0x64 CMakeFiles/STM32_Bear.dir/Lib/Src/dfplayer.c.obj
                0x08004780                Send_cmd
 .text.DF_Init  0x080047e4       0x28 CMakeFiles/STM32_Bear.dir/Lib/Src/dfplayer.c.obj
                0x080047e4                DF_Init
 .text.DF_MP3_Play
                0x0800480c       0x2c CMakeFiles/STM32_Bear.dir/Lib/Src/dfplayer.c.obj
                0x0800480c                DF_MP3_Play
 .text.I2Cdev_init
                0x08004838        0xc CMakeFiles/STM32_Bear.dir/Lib/Src/I2Cdev.c.obj
                0x08004838                I2Cdev_init
 .text.I2Cdev_readBytes
                0x08004844       0x54 CMakeFiles/STM32_Bear.dir/Lib/Src/I2Cdev.c.obj
                0x08004844                I2Cdev_readBytes
 .text.I2Cdev_readByte
                0x08004898       0x14 CMakeFiles/STM32_Bear.dir/Lib/Src/I2Cdev.c.obj
                0x08004898                I2Cdev_readByte
 .text.I2Cdev_writeBytes
                0x080048ac       0x2c CMakeFiles/STM32_Bear.dir/Lib/Src/I2Cdev.c.obj
                0x080048ac                I2Cdev_writeBytes
 .text.I2Cdev_writeByte
                0x080048d8       0x18 CMakeFiles/STM32_Bear.dir/Lib/Src/I2Cdev.c.obj
                0x080048d8                I2Cdev_writeByte
 .text.GetPage  0x080048f0       0x2a CMakeFiles/STM32_Bear.dir/Lib/Src/FlASH_PAGE_F1.c.obj
 .text.float2Bytes
                0x0800491a       0x20 CMakeFiles/STM32_Bear.dir/Lib/Src/FlASH_PAGE_F1.c.obj
                0x0800491a                float2Bytes
 .text.Bytes2float
                0x0800493a       0x20 CMakeFiles/STM32_Bear.dir/Lib/Src/FlASH_PAGE_F1.c.obj
                0x0800493a                Bytes2float
 *fill*         0x0800495a        0x2 
 .text.Flash_Write_Data
                0x0800495c       0x70 CMakeFiles/STM32_Bear.dir/Lib/Src/FlASH_PAGE_F1.c.obj
                0x0800495c                Flash_Write_Data
 .text.Flash_Read_Data
                0x080049cc       0x14 CMakeFiles/STM32_Bear.dir/Lib/Src/FlASH_PAGE_F1.c.obj
                0x080049cc                Flash_Read_Data
 .text.Flash_Write_NUM
                0x080049e0       0x1c CMakeFiles/STM32_Bear.dir/Lib/Src/FlASH_PAGE_F1.c.obj
                0x080049e0                Flash_Write_NUM
 .text.Flash_Read_NUM
                0x080049fc       0x18 CMakeFiles/STM32_Bear.dir/Lib/Src/FlASH_PAGE_F1.c.obj
                0x080049fc                Flash_Read_NUM
 .text.MX_GPIO_Init
                0x08004a14       0x84 CMakeFiles/STM32_Bear.dir/Src/main.c.obj
 .text.MX_I2C1_Init
                0x08004a98       0x34 CMakeFiles/STM32_Bear.dir/Src/main.c.obj
 .text.MX_USART1_UART_Init
                0x08004acc       0x2c CMakeFiles/STM32_Bear.dir/Src/main.c.obj
 .text.check_rx
                0x08004af8       0x34 CMakeFiles/STM32_Bear.dir/Src/main.c.obj
                0x08004af8                check_rx
 .text.status_led
                0x08004b2c       0x9c CMakeFiles/STM32_Bear.dir/Src/main.c.obj
                0x08004b2c                status_led
 .text.i2c_scanner
                0x08004bc8       0x54 CMakeFiles/STM32_Bear.dir/Src/main.c.obj
                0x08004bc8                i2c_scanner
 .text.get_pressure
                0x08004c1c       0x58 CMakeFiles/STM32_Bear.dir/Src/main.c.obj
                0x08004c1c                get_pressure
 .text.pressure_sensor_INIT
                0x08004c74       0x94 CMakeFiles/STM32_Bear.dir/Src/main.c.obj
                0x08004c74                pressure_sensor_INIT
 .text.presure_delta_calibration
                0x08004d08       0xd4 CMakeFiles/STM32_Bear.dir/Src/main.c.obj
                0x08004d08                presure_delta_calibration
 .text.SystemClock_Config
                0x08004ddc       0x50 CMakeFiles/STM32_Bear.dir/Src/main.c.obj
                0x08004ddc                SystemClock_Config
 .text.main     0x08004e2c      0x128 CMakeFiles/STM32_Bear.dir/Src/main.c.obj
                0x08004e2c                main
 .text.HAL_MspInit
                0x08004f54       0x44 CMakeFiles/STM32_Bear.dir/Src/stm32f1xx_hal_msp.c.obj
                0x08004f54                HAL_MspInit
 .text.HAL_I2C_MspInit
                0x08004f98       0x74 CMakeFiles/STM32_Bear.dir/Src/stm32f1xx_hal_msp.c.obj
                0x08004f98                HAL_I2C_MspInit
 .text.HAL_UART_MspInit
                0x0800500c       0x88 CMakeFiles/STM32_Bear.dir/Src/stm32f1xx_hal_msp.c.obj
                0x0800500c                HAL_UART_MspInit
 .text.NMI_Handler
                0x08005094        0x2 CMakeFiles/STM32_Bear.dir/Src/stm32f1xx_it.c.obj
                0x08005094                NMI_Handler
 .text.HardFault_Handler
                0x08005096        0x2 CMakeFiles/STM32_Bear.dir/Src/stm32f1xx_it.c.obj
                0x08005096                HardFault_Handler
 .text.MemManage_Handler
                0x08005098        0x2 CMakeFiles/STM32_Bear.dir/Src/stm32f1xx_it.c.obj
                0x08005098                MemManage_Handler
 .text.BusFault_Handler
                0x0800509a        0x2 CMakeFiles/STM32_Bear.dir/Src/stm32f1xx_it.c.obj
                0x0800509a                BusFault_Handler
 .text.UsageFault_Handler
                0x0800509c        0x2 CMakeFiles/STM32_Bear.dir/Src/stm32f1xx_it.c.obj
                0x0800509c                UsageFault_Handler
 .text.SVC_Handler
                0x0800509e        0x2 CMakeFiles/STM32_Bear.dir/Src/stm32f1xx_it.c.obj
                0x0800509e                SVC_Handler
 .text.DebugMon_Handler
                0x080050a0        0x2 CMakeFiles/STM32_Bear.dir/Src/stm32f1xx_it.c.obj
                0x080050a0                DebugMon_Handler
 .text.PendSV_Handler
                0x080050a2        0x2 CMakeFiles/STM32_Bear.dir/Src/stm32f1xx_it.c.obj
                0x080050a2                PendSV_Handler
 .text.SysTick_Handler
                0x080050a4        0x8 CMakeFiles/STM32_Bear.dir/Src/stm32f1xx_it.c.obj
                0x080050a4                SysTick_Handler
 .text.I2C1_EV_IRQHandler
                0x080050ac       0x10 CMakeFiles/STM32_Bear.dir/Src/stm32f1xx_it.c.obj
                0x080050ac                I2C1_EV_IRQHandler
 .text.USART1_IRQHandler
                0x080050bc       0x10 CMakeFiles/STM32_Bear.dir/Src/stm32f1xx_it.c.obj
                0x080050bc                USART1_IRQHandler
 .text._getpid  0x080050cc        0x4 CMakeFiles/STM32_Bear.dir/Src/syscalls.c.obj
                0x080050cc                _getpid
 .text._kill    0x080050d0       0x10 CMakeFiles/STM32_Bear.dir/Src/syscalls.c.obj
                0x080050d0                _kill
 .text._exit    0x080050e0        0xc CMakeFiles/STM32_Bear.dir/Src/syscalls.c.obj
                0x080050e0                _exit
 .text._read    0x080050ec       0x20 CMakeFiles/STM32_Bear.dir/Src/syscalls.c.obj
                0x080050ec                _read
 .text._write   0x0800510c       0x1c CMakeFiles/STM32_Bear.dir/Src/syscalls.c.obj
                0x0800510c                _write
 .text._close   0x08005128        0x6 CMakeFiles/STM32_Bear.dir/Src/syscalls.c.obj
                0x08005128                _close
 .text._fstat   0x0800512e        0xa CMakeFiles/STM32_Bear.dir/Src/syscalls.c.obj
                0x0800512e                _fstat
 .text._isatty  0x08005138        0x4 CMakeFiles/STM32_Bear.dir/Src/syscalls.c.obj
                0x08005138                _isatty
 .text._lseek   0x0800513c        0x4 CMakeFiles/STM32_Bear.dir/Src/syscalls.c.obj
                0x0800513c                _lseek
 .text._sbrk    0x08005140       0x48 CMakeFiles/STM32_Bear.dir/Src/sysmem.c.obj
                0x08005140                _sbrk
 .text.SystemInit
                0x08005188        0x2 CMakeFiles/STM32_Bear.dir/Src/system_stm32f1xx.c.obj
                0x08005188                SystemInit
 *fill*         0x0800518a        0x2 
 .text.HAL_InitTick
                0x0800518c       0x4c CMakeFiles/STM32_Bear.dir/Drivers/STM32F1xx_HAL_Driver/Src/stm32f1xx_hal.c.obj
                0x0800518c                HAL_InitTick
 .text.HAL_Init
                0x080051d8       0x24 CMakeFiles/STM32_Bear.dir/Drivers/STM32F1xx_HAL_Driver/Src/stm32f1xx_hal.c.obj
                0x080051d8                HAL_Init
 .text.HAL_IncTick
                0x080051fc       0x18 CMakeFiles/STM32_Bear.dir/Drivers/STM32F1xx_HAL_Driver/Src/stm32f1xx_hal.c.obj
                0x080051fc                HAL_IncTick
 .text.HAL_GetTick
                0x08005214        0xc CMakeFiles/STM32_Bear.dir/Drivers/STM32F1xx_HAL_Driver/Src/stm32f1xx_hal.c.obj
                0x08005214                HAL_GetTick
 .text.HAL_Delay
                0x08005220       0x28 CMakeFiles/STM32_Bear.dir/Drivers/STM32F1xx_HAL_Driver/Src/stm32f1xx_hal.c.obj
                0x08005220                HAL_Delay
 .text.HAL_NVIC_SetPriorityGrouping
                0x08005248       0x24 CMakeFiles/STM32_Bear.dir/Drivers/STM32F1xx_HAL_Driver/Src/stm32f1xx_hal_cortex.c.obj
                0x08005248                HAL_NVIC_SetPriorityGrouping
 .text.HAL_NVIC_SetPriority
                0x0800526c       0x70 CMakeFiles/STM32_Bear.dir/Drivers/STM32F1xx_HAL_Driver/Src/stm32f1xx_hal_cortex.c.obj
                0x0800526c                HAL_NVIC_SetPriority
 .text.HAL_NVIC_EnableIRQ
                0x080052dc       0x1c CMakeFiles/STM32_Bear.dir/Drivers/STM32F1xx_HAL_Driver/Src/stm32f1xx_hal_cortex.c.obj
                0x080052dc                HAL_NVIC_EnableIRQ
 .text.HAL_SYSTICK_Config
                0x080052f8       0x28 CMakeFiles/STM32_Bear.dir/Drivers/STM32F1xx_HAL_Driver/Src/stm32f1xx_hal_cortex.c.obj
                0x080052f8                HAL_SYSTICK_Config
 .text.HAL_DMA_Abort
                0x08005320       0x44 CMakeFiles/STM32_Bear.dir/Drivers/STM32F1xx_HAL_Driver/Src/stm32f1xx_hal_dma.c.obj
                0x08005320                HAL_DMA_Abort
 .text.HAL_DMA_Abort_IT
                0x08005364       0x98 CMakeFiles/STM32_Bear.dir/Drivers/STM32F1xx_HAL_Driver/Src/stm32f1xx_hal_dma.c.obj
                0x08005364                HAL_DMA_Abort_IT
 .text.HAL_DMA_GetState
                0x080053fc        0x6 CMakeFiles/STM32_Bear.dir/Drivers/STM32F1xx_HAL_Driver/Src/stm32f1xx_hal_dma.c.obj
                0x080053fc                HAL_DMA_GetState
 *fill*         0x08005402        0x2 
 .text.FLASH_Program_HalfWord
                0x08005404       0x1c CMakeFiles/STM32_Bear.dir/Drivers/STM32F1xx_HAL_Driver/Src/stm32f1xx_hal_flash.c.obj
 .text.FLASH_SetErrorCode
                0x08005420       0x70 CMakeFiles/STM32_Bear.dir/Drivers/STM32F1xx_HAL_Driver/Src/stm32f1xx_hal_flash.c.obj
 .text.HAL_FLASH_Unlock
                0x08005490       0x34 CMakeFiles/STM32_Bear.dir/Drivers/STM32F1xx_HAL_Driver/Src/stm32f1xx_hal_flash.c.obj
                0x08005490                HAL_FLASH_Unlock
 .text.HAL_FLASH_Lock
                0x080054c4       0x14 CMakeFiles/STM32_Bear.dir/Drivers/STM32F1xx_HAL_Driver/Src/stm32f1xx_hal_flash.c.obj
                0x080054c4                HAL_FLASH_Lock
 .text.HAL_FLASH_GetError
                0x080054d8        0xc CMakeFiles/STM32_Bear.dir/Drivers/STM32F1xx_HAL_Driver/Src/stm32f1xx_hal_flash.c.obj
                0x080054d8                HAL_FLASH_GetError
 .text.FLASH_WaitForLastOperation
                0x080054e4       0x68 CMakeFiles/STM32_Bear.dir/Drivers/STM32F1xx_HAL_Driver/Src/stm32f1xx_hal_flash.c.obj
                0x080054e4                FLASH_WaitForLastOperation
 .text.HAL_FLASH_Program
                0x0800554c       0xa0 CMakeFiles/STM32_Bear.dir/Drivers/STM32F1xx_HAL_Driver/Src/stm32f1xx_hal_flash.c.obj
                0x0800554c                HAL_FLASH_Program
 .text.FLASH_MassErase
                0x080055ec       0x24 CMakeFiles/STM32_Bear.dir/Drivers/STM32F1xx_HAL_Driver/Src/stm32f1xx_hal_flash_ex.c.obj
 .text.FLASH_PageErase
                0x08005610       0x24 CMakeFiles/STM32_Bear.dir/Drivers/STM32F1xx_HAL_Driver/Src/stm32f1xx_hal_flash_ex.c.obj
                0x08005610                FLASH_PageErase
 .text.HAL_FLASHEx_Erase
                0x08005634       0xa4 CMakeFiles/STM32_Bear.dir/Drivers/STM32F1xx_HAL_Driver/Src/stm32f1xx_hal_flash_ex.c.obj
                0x08005634                HAL_FLASHEx_Erase
 .text.HAL_GPIO_Init
                0x080056d8      0x224 CMakeFiles/STM32_Bear.dir/Drivers/STM32F1xx_HAL_Driver/Src/stm32f1xx_hal_gpio.c.obj
                0x080056d8                HAL_GPIO_Init
 .text.HAL_GPIO_WritePin
                0x080058fc        0xc CMakeFiles/STM32_Bear.dir/Drivers/STM32F1xx_HAL_Driver/Src/stm32f1xx_hal_gpio.c.obj
                0x080058fc                HAL_GPIO_WritePin
 .text.I2C_Master_SB
                0x08005908       0xa8 CMakeFiles/STM32_Bear.dir/Drivers/STM32F1xx_HAL_Driver/Src/stm32f1xx_hal_i2c.c.obj
 .text.I2C_Master_ADD10
                0x080059b0       0x2a CMakeFiles/STM32_Bear.dir/Drivers/STM32F1xx_HAL_Driver/Src/stm32f1xx_hal_i2c.c.obj
 .text.I2C_Master_ADDR
                0x080059da      0x216 CMakeFiles/STM32_Bear.dir/Drivers/STM32F1xx_HAL_Driver/Src/stm32f1xx_hal_i2c.c.obj
 .text.I2C_SlaveTransmit_BTF
                0x08005bf0       0x20 CMakeFiles/STM32_Bear.dir/Drivers/STM32F1xx_HAL_Driver/Src/stm32f1xx_hal_i2c.c.obj
 .text.I2C_SlaveReceive_BTF
                0x08005c10       0x20 CMakeFiles/STM32_Bear.dir/Drivers/STM32F1xx_HAL_Driver/Src/stm32f1xx_hal_i2c.c.obj
 .text.I2C_WaitOnSTOPRequestThroughIT
                0x08005c30       0x48 CMakeFiles/STM32_Bear.dir/Drivers/STM32F1xx_HAL_Driver/Src/stm32f1xx_hal_i2c.c.obj
 .text.I2C_IsAcknowledgeFailed
                0x08005c78       0x32 CMakeFiles/STM32_Bear.dir/Drivers/STM32F1xx_HAL_Driver/Src/stm32f1xx_hal_i2c.c.obj
 .text.I2C_ConvertOtherXferOptions
                0x08005caa       0x1e CMakeFiles/STM32_Bear.dir/Drivers/STM32F1xx_HAL_Driver/Src/stm32f1xx_hal_i2c.c.obj
 .text.I2C_WaitOnFlagUntilTimeout
                0x08005cc8       0x7c CMakeFiles/STM32_Bear.dir/Drivers/STM32F1xx_HAL_Driver/Src/stm32f1xx_hal_i2c.c.obj
 .text.I2C_WaitOnMasterAddressFlagUntilTimeout
                0x08005d44       0xaa CMakeFiles/STM32_Bear.dir/Drivers/STM32F1xx_HAL_Driver/Src/stm32f1xx_hal_i2c.c.obj
 *fill*         0x08005dee        0x2 
 .text.I2C_MasterRequestWrite
                0x08005df0       0xb4 CMakeFiles/STM32_Bear.dir/Drivers/STM32F1xx_HAL_Driver/Src/stm32f1xx_hal_i2c.c.obj
 .text.I2C_MasterRequestRead
                0x08005ea4      0x120 CMakeFiles/STM32_Bear.dir/Drivers/STM32F1xx_HAL_Driver/Src/stm32f1xx_hal_i2c.c.obj
 .text.I2C_WaitOnTXEFlagUntilTimeout
                0x08005fc4       0x54 CMakeFiles/STM32_Bear.dir/Drivers/STM32F1xx_HAL_Driver/Src/stm32f1xx_hal_i2c.c.obj
 .text.I2C_RequestMemoryWrite
                0x08006018       0xd8 CMakeFiles/STM32_Bear.dir/Drivers/STM32F1xx_HAL_Driver/Src/stm32f1xx_hal_i2c.c.obj
 .text.I2C_RequestMemoryRead
                0x080060f0      0x154 CMakeFiles/STM32_Bear.dir/Drivers/STM32F1xx_HAL_Driver/Src/stm32f1xx_hal_i2c.c.obj
 .text.I2C_WaitOnBTFFlagUntilTimeout
                0x08006244       0x54 CMakeFiles/STM32_Bear.dir/Drivers/STM32F1xx_HAL_Driver/Src/stm32f1xx_hal_i2c.c.obj
 .text.I2C_WaitOnRXNEFlagUntilTimeout
                0x08006298       0x6a CMakeFiles/STM32_Bear.dir/Drivers/STM32F1xx_HAL_Driver/Src/stm32f1xx_hal_i2c.c.obj
 *fill*         0x08006302        0x2 
 .text.HAL_I2C_Init
                0x08006304      0x1bc CMakeFiles/STM32_Bear.dir/Drivers/STM32F1xx_HAL_Driver/Src/stm32f1xx_hal_i2c.c.obj
                0x08006304                HAL_I2C_Init
 .text.HAL_I2C_Master_Transmit
                0x080064c0      0x178 CMakeFiles/STM32_Bear.dir/Drivers/STM32F1xx_HAL_Driver/Src/stm32f1xx_hal_i2c.c.obj
                0x080064c0                HAL_I2C_Master_Transmit
 .text.HAL_I2C_Master_Receive
                0x08006638      0x344 CMakeFiles/STM32_Bear.dir/Drivers/STM32F1xx_HAL_Driver/Src/stm32f1xx_hal_i2c.c.obj
                0x08006638                HAL_I2C_Master_Receive
 .text.HAL_I2C_Mem_Write
                0x0800697c      0x164 CMakeFiles/STM32_Bear.dir/Drivers/STM32F1xx_HAL_Driver/Src/stm32f1xx_hal_i2c.c.obj
                0x0800697c                HAL_I2C_Mem_Write
 .text.HAL_I2C_Mem_Read
                0x08006ae0      0x348 CMakeFiles/STM32_Bear.dir/Drivers/STM32F1xx_HAL_Driver/Src/stm32f1xx_hal_i2c.c.obj
                0x08006ae0                HAL_I2C_Mem_Read
 .text.HAL_I2C_IsDeviceReady
                0x08006e28      0x194 CMakeFiles/STM32_Bear.dir/Drivers/STM32F1xx_HAL_Driver/Src/stm32f1xx_hal_i2c.c.obj
                0x08006e28                HAL_I2C_IsDeviceReady
 .text.HAL_I2C_MasterTxCpltCallback
                0x08006fbc        0x2 CMakeFiles/STM32_Bear.dir/Drivers/STM32F1xx_HAL_Driver/Src/stm32f1xx_hal_i2c.c.obj
                0x08006fbc                HAL_I2C_MasterTxCpltCallback
 .text.HAL_I2C_MasterRxCpltCallback
                0x08006fbe        0x2 CMakeFiles/STM32_Bear.dir/Drivers/STM32F1xx_HAL_Driver/Src/stm32f1xx_hal_i2c.c.obj
                0x08006fbe                HAL_I2C_MasterRxCpltCallback
 .text.HAL_I2C_SlaveTxCpltCallback
                0x08006fc0        0x2 CMakeFiles/STM32_Bear.dir/Drivers/STM32F1xx_HAL_Driver/Src/stm32f1xx_hal_i2c.c.obj
                0x08006fc0                HAL_I2C_SlaveTxCpltCallback
 .text.I2C_SlaveTransmit_TXE
                0x08006fc2       0x4c CMakeFiles/STM32_Bear.dir/Drivers/STM32F1xx_HAL_Driver/Src/stm32f1xx_hal_i2c.c.obj
 .text.HAL_I2C_SlaveRxCpltCallback
                0x0800700e        0x2 CMakeFiles/STM32_Bear.dir/Drivers/STM32F1xx_HAL_Driver/Src/stm32f1xx_hal_i2c.c.obj
                0x0800700e                HAL_I2C_SlaveRxCpltCallback
 .text.I2C_SlaveReceive_RXNE
                0x08007010       0x4c CMakeFiles/STM32_Bear.dir/Drivers/STM32F1xx_HAL_Driver/Src/stm32f1xx_hal_i2c.c.obj
 .text.HAL_I2C_AddrCallback
                0x0800705c        0x2 CMakeFiles/STM32_Bear.dir/Drivers/STM32F1xx_HAL_Driver/Src/stm32f1xx_hal_i2c.c.obj
                0x0800705c                HAL_I2C_AddrCallback
 .text.I2C_Slave_ADDR
                0x0800705e       0x5a CMakeFiles/STM32_Bear.dir/Drivers/STM32F1xx_HAL_Driver/Src/stm32f1xx_hal_i2c.c.obj
 .text.HAL_I2C_ListenCpltCallback
                0x080070b8        0x2 CMakeFiles/STM32_Bear.dir/Drivers/STM32F1xx_HAL_Driver/Src/stm32f1xx_hal_i2c.c.obj
                0x080070b8                HAL_I2C_ListenCpltCallback
 .text.HAL_I2C_MemTxCpltCallback
                0x080070ba        0x2 CMakeFiles/STM32_Bear.dir/Drivers/STM32F1xx_HAL_Driver/Src/stm32f1xx_hal_i2c.c.obj
                0x080070ba                HAL_I2C_MemTxCpltCallback
 .text.I2C_MasterTransmit_BTF
                0x080070bc       0x9e CMakeFiles/STM32_Bear.dir/Drivers/STM32F1xx_HAL_Driver/Src/stm32f1xx_hal_i2c.c.obj
 .text.I2C_MemoryTransmit_TXE_BTF
                0x0800715a       0xbe CMakeFiles/STM32_Bear.dir/Drivers/STM32F1xx_HAL_Driver/Src/stm32f1xx_hal_i2c.c.obj
 .text.I2C_MasterTransmit_TXE
                0x08007218       0xd0 CMakeFiles/STM32_Bear.dir/Drivers/STM32F1xx_HAL_Driver/Src/stm32f1xx_hal_i2c.c.obj
 .text.HAL_I2C_MemRxCpltCallback
                0x080072e8        0x2 CMakeFiles/STM32_Bear.dir/Drivers/STM32F1xx_HAL_Driver/Src/stm32f1xx_hal_i2c.c.obj
                0x080072e8                HAL_I2C_MemRxCpltCallback
 .text.I2C_MasterReceive_BTF
                0x080072ea      0x128 CMakeFiles/STM32_Bear.dir/Drivers/STM32F1xx_HAL_Driver/Src/stm32f1xx_hal_i2c.c.obj
 .text.HAL_I2C_ErrorCallback
                0x08007412        0x2 CMakeFiles/STM32_Bear.dir/Drivers/STM32F1xx_HAL_Driver/Src/stm32f1xx_hal_i2c.c.obj
                0x08007412                HAL_I2C_ErrorCallback
 .text.I2C_MasterReceive_RXNE
                0x08007414       0xec CMakeFiles/STM32_Bear.dir/Drivers/STM32F1xx_HAL_Driver/Src/stm32f1xx_hal_i2c.c.obj
 .text.HAL_I2C_AbortCpltCallback
                0x08007500        0x2 CMakeFiles/STM32_Bear.dir/Drivers/STM32F1xx_HAL_Driver/Src/stm32f1xx_hal_i2c.c.obj
                0x08007500                HAL_I2C_AbortCpltCallback
 *fill*         0x08007502        0x2 
 .text.I2C_DMAAbort
                0x08007504       0xe4 CMakeFiles/STM32_Bear.dir/Drivers/STM32F1xx_HAL_Driver/Src/stm32f1xx_hal_i2c.c.obj
 .text.I2C_ITError
                0x080075e8      0x174 CMakeFiles/STM32_Bear.dir/Drivers/STM32F1xx_HAL_Driver/Src/stm32f1xx_hal_i2c.c.obj
 .text.I2C_Slave_STOPF
                0x0800775c      0x18c CMakeFiles/STM32_Bear.dir/Drivers/STM32F1xx_HAL_Driver/Src/stm32f1xx_hal_i2c.c.obj
 .text.HAL_I2C_EV_IRQHandler
                0x080078e8      0x1a0 CMakeFiles/STM32_Bear.dir/Drivers/STM32F1xx_HAL_Driver/Src/stm32f1xx_hal_i2c.c.obj
                0x080078e8                HAL_I2C_EV_IRQHandler
 .text.RCC_Delay
                0x08007a88       0x2c CMakeFiles/STM32_Bear.dir/Drivers/STM32F1xx_HAL_Driver/Src/stm32f1xx_hal_rcc.c.obj
 .text.HAL_RCC_OscConfig
                0x08007ab4      0x410 CMakeFiles/STM32_Bear.dir/Drivers/STM32F1xx_HAL_Driver/Src/stm32f1xx_hal_rcc.c.obj
                0x08007ab4                HAL_RCC_OscConfig
 .text.HAL_RCC_GetSysClockFreq
                0x08007ec4       0x70 CMakeFiles/STM32_Bear.dir/Drivers/STM32F1xx_HAL_Driver/Src/stm32f1xx_hal_rcc.c.obj
                0x08007ec4                HAL_RCC_GetSysClockFreq
 .text.HAL_RCC_ClockConfig
                0x08007f34      0x16c CMakeFiles/STM32_Bear.dir/Drivers/STM32F1xx_HAL_Driver/Src/stm32f1xx_hal_rcc.c.obj
                0x08007f34                HAL_RCC_ClockConfig
 .text.HAL_RCC_GetHCLKFreq
                0x080080a0        0xc CMakeFiles/STM32_Bear.dir/Drivers/STM32F1xx_HAL_Driver/Src/stm32f1xx_hal_rcc.c.obj
                0x080080a0                HAL_RCC_GetHCLKFreq
 .text.HAL_RCC_GetPCLK1Freq
                0x080080ac       0x20 CMakeFiles/STM32_Bear.dir/Drivers/STM32F1xx_HAL_Driver/Src/stm32f1xx_hal_rcc.c.obj
                0x080080ac                HAL_RCC_GetPCLK1Freq
 .text.HAL_RCC_GetPCLK2Freq
                0x080080cc       0x20 CMakeFiles/STM32_Bear.dir/Drivers/STM32F1xx_HAL_Driver/Src/stm32f1xx_hal_rcc.c.obj
                0x080080cc                HAL_RCC_GetPCLK2Freq
 .text.UART_EndRxTransfer
                0x080080ec       0x32 CMakeFiles/STM32_Bear.dir/Drivers/STM32F1xx_HAL_Driver/Src/stm32f1xx_hal_uart.c.obj
 .text.UART_Transmit_IT
                0x0800811e       0x60 CMakeFiles/STM32_Bear.dir/Drivers/STM32F1xx_HAL_Driver/Src/stm32f1xx_hal_uart.c.obj
 *fill*         0x0800817e        0x2 
 .text.UART_SetConfig
                0x08008180       0x94 CMakeFiles/STM32_Bear.dir/Drivers/STM32F1xx_HAL_Driver/Src/stm32f1xx_hal_uart.c.obj
 .text.UART_WaitOnFlagUntilTimeout
                0x08008214       0x6c CMakeFiles/STM32_Bear.dir/Drivers/STM32F1xx_HAL_Driver/Src/stm32f1xx_hal_uart.c.obj
 .text.HAL_UART_Init
                0x08008280       0x5e CMakeFiles/STM32_Bear.dir/Drivers/STM32F1xx_HAL_Driver/Src/stm32f1xx_hal_uart.c.obj
                0x08008280                HAL_UART_Init
 .text.HAL_UART_Transmit
                0x080082de       0xd8 CMakeFiles/STM32_Bear.dir/Drivers/STM32F1xx_HAL_Driver/Src/stm32f1xx_hal_uart.c.obj
                0x080082de                HAL_UART_Transmit
 .text.HAL_UART_TxCpltCallback
                0x080083b6        0x2 CMakeFiles/STM32_Bear.dir/Drivers/STM32F1xx_HAL_Driver/Src/stm32f1xx_hal_uart.c.obj
                0x080083b6                HAL_UART_TxCpltCallback
 .text.UART_EndTransmit_IT
                0x080083b8       0x1a CMakeFiles/STM32_Bear.dir/Drivers/STM32F1xx_HAL_Driver/Src/stm32f1xx_hal_uart.c.obj
 .text.HAL_UART_RxCpltCallback
                0x080083d2        0x2 CMakeFiles/STM32_Bear.dir/Drivers/STM32F1xx_HAL_Driver/Src/stm32f1xx_hal_uart.c.obj
                0x080083d2                HAL_UART_RxCpltCallback
 .text.HAL_UART_ErrorCallback
                0x080083d4        0x2 CMakeFiles/STM32_Bear.dir/Drivers/STM32F1xx_HAL_Driver/Src/stm32f1xx_hal_uart.c.obj
                0x080083d4                HAL_UART_ErrorCallback
 .text.UART_DMAAbortOnError
                0x080083d6       0x10 CMakeFiles/STM32_Bear.dir/Drivers/STM32F1xx_HAL_Driver/Src/stm32f1xx_hal_uart.c.obj
 .text.HAL_UARTEx_RxEventCallback
                0x080083e6        0x2 CMakeFiles/STM32_Bear.dir/Drivers/STM32F1xx_HAL_Driver/Src/stm32f1xx_hal_uart.c.obj
                0x080083e6                HAL_UARTEx_RxEventCallback
 .text.UART_Receive_IT
                0x080083e8       0xd4 CMakeFiles/STM32_Bear.dir/Drivers/STM32F1xx_HAL_Driver/Src/stm32f1xx_hal_uart.c.obj
 .text.HAL_UART_IRQHandler
                0x080084bc      0x204 CMakeFiles/STM32_Bear.dir/Drivers/STM32F1xx_HAL_Driver/Src/stm32f1xx_hal_uart.c.obj
                0x080084bc                HAL_UART_IRQHandler
 .text.__errno  0x080086c0        0xc c:/progra~2/gnuarm~1/102021~1.10/bin/../lib/gcc/arm-none-eabi/10.3.1/../../../../arm-none-eabi/lib/thumb/v7-m/nofp\libg_nano.a(lib_a-errno.o)
                0x080086c0                __errno
 .text.sprintf  0x080086cc       0x40 c:/progra~2/gnuarm~1/102021~1.10/bin/../lib/gcc/arm-none-eabi/10.3.1/../../../../arm-none-eabi/lib/thumb/v7-m/nofp\libg_nano.a(lib_a-sprintf.o)
                0x080086cc                siprintf
                0x080086cc                sprintf
 .text.strcat   0x0800870c       0x1e c:/progra~2/gnuarm~1/102021~1.10/bin/../lib/gcc/arm-none-eabi/10.3.1/../../../../arm-none-eabi/lib/thumb/v7-m/nofp\libg_nano.a(lib_a-strcat.o)
                0x0800870c                strcat
 .text.__ssputs_r
                0x0800872a       0xb6 c:/progra~2/gnuarm~1/102021~1.10/bin/../lib/gcc/arm-none-eabi/10.3.1/../../../../arm-none-eabi/lib/thumb/v7-m/nofp\libg_nano.a(lib_a-nano-svfprintf.o)
                0x0800872a                __ssputs_r
 .text._svfprintf_r
                0x080087e0      0x200 c:/progra~2/gnuarm~1/102021~1.10/bin/../lib/gcc/arm-none-eabi/10.3.1/../../../../arm-none-eabi/lib/thumb/v7-m/nofp\libg_nano.a(lib_a-nano-svfprintf.o)
                0x080087e0                _svfiprintf_r
                0x080087e0                _svfprintf_r
 *(.glue_7)
 .glue_7        0x080089e0        0x0 linker stubs
 *(.glue_7t)
 .glue_7t       0x080089e0        0x0 linker stubs
 *(.eh_frame)
 .eh_frame      0x080089e0        0x0 c:/progra~2/gnuarm~1/102021~1.10/bin/../lib/gcc/arm-none-eabi/10.3.1/thumb/v7-m/nofp/crtbegin.o
 *(.init)
 .init          0x080089e0        0x4 c:/progra~2/gnuarm~1/102021~1.10/bin/../lib/gcc/arm-none-eabi/10.3.1/thumb/v7-m/nofp/crti.o
                0x080089e0                _init
 .init          0x080089e4        0x8 c:/progra~2/gnuarm~1/102021~1.10/bin/../lib/gcc/arm-none-eabi/10.3.1/thumb/v7-m/nofp/crtn.o
 *(.fini)
 .fini          0x080089ec        0x4 c:/progra~2/gnuarm~1/102021~1.10/bin/../lib/gcc/arm-none-eabi/10.3.1/thumb/v7-m/nofp/crti.o
                0x080089ec                _fini
 .fini          0x080089f0        0x8 c:/progra~2/gnuarm~1/102021~1.10/bin/../lib/gcc/arm-none-eabi/10.3.1/thumb/v7-m/nofp/crtn.o
                0x080089f8                . = ALIGN (0x4)
                0x080089f8                _etext = .

.vfp11_veneer   0x080089f8        0x0
 .vfp11_veneer  0x080089f8        0x0 linker stubs

.v4_bx          0x080089f8        0x0
 .v4_bx         0x080089f8        0x0 linker stubs

.iplt           0x080089f8        0x0
 .iplt          0x080089f8        0x0 c:/progra~2/gnuarm~1/102021~1.10/bin/../lib/gcc/arm-none-eabi/10.3.1/thumb/v7-m/nofp/crtbegin.o

.rodata         0x080089f8      0x458
                0x080089f8                . = ALIGN (0x4)
 *(.rodata)
 *(.rodata*)
 .rodata._global_impure_ptr
                0x080089f8        0x4 c:/progra~2/gnuarm~1/102021~1.10/bin/../lib/gcc/arm-none-eabi/10.3.1/../../../../arm-none-eabi/lib/thumb/v7-m/nofp\libc_nano.a(lib_a-impure.o)
                0x080089f8                _global_impure_ptr
 .rodata._printf_float.str1.1
                0x080089fc       0x12 c:/progra~2/gnuarm~1/102021~1.10/bin/../lib/gcc/arm-none-eabi/10.3.1/../../../../arm-none-eabi/lib/thumb/v7-m/nofp\libc_nano.a(lib_a-nano-vfprintf_float.o)
 .rodata._printf_i.str1.1
                0x08008a0e       0x22 c:/progra~2/gnuarm~1/102021~1.10/bin/../lib/gcc/arm-none-eabi/10.3.1/../../../../arm-none-eabi/lib/thumb/v7-m/nofp\libc_nano.a(lib_a-nano-vfprintf_i.o)
 .rodata._dtoa_r.str1.1
                0x08008a30       0xb3 c:/progra~2/gnuarm~1/102021~1.10/bin/../lib/gcc/arm-none-eabi/10.3.1/../../../../arm-none-eabi/lib/thumb/v7-m/nofp\libc_nano.a(lib_a-dtoa.o)
                                 0xb5 (size before relaxing)
 .rodata._Balloc.str1.1
                0x08008ae3       0x7f c:/progra~2/gnuarm~1/102021~1.10/bin/../lib/gcc/arm-none-eabi/10.3.1/../../../../arm-none-eabi/lib/thumb/v7-m/nofp\libc_nano.a(lib_a-mprec.o)
                                 0x96 (size before relaxing)
 .rodata.__multadd.str1.1
                0x08008b62       0x11 c:/progra~2/gnuarm~1/102021~1.10/bin/../lib/gcc/arm-none-eabi/10.3.1/../../../../arm-none-eabi/lib/thumb/v7-m/nofp\libc_nano.a(lib_a-mprec.o)
 *fill*         0x08008b62        0x6 
 .rodata.__mprec_bigtens
                0x08008b68       0x28 c:/progra~2/gnuarm~1/102021~1.10/bin/../lib/gcc/arm-none-eabi/10.3.1/../../../../arm-none-eabi/lib/thumb/v7-m/nofp\libc_nano.a(lib_a-mprec.o)
                0x08008b68                __mprec_bigtens
 .rodata.__mprec_tens
                0x08008b90       0xc8 c:/progra~2/gnuarm~1/102021~1.10/bin/../lib/gcc/arm-none-eabi/10.3.1/../../../../arm-none-eabi/lib/thumb/v7-m/nofp\libc_nano.a(lib_a-mprec.o)
                0x08008b90                __mprec_tens
 .rodata.p05.0  0x08008c58        0xc c:/progra~2/gnuarm~1/102021~1.10/bin/../lib/gcc/arm-none-eabi/10.3.1/../../../../arm-none-eabi/lib/thumb/v7-m/nofp\libc_nano.a(lib_a-mprec.o)
 .rodata.__assert_func.str1.1
                0x08008c64       0x3c c:/progra~2/gnuarm~1/102021~1.10/bin/../lib/gcc/arm-none-eabi/10.3.1/../../../../arm-none-eabi/lib/thumb/v7-m/nofp\libc_nano.a(lib_a-assert.o)
                                 0x3d (size before relaxing)
 .rodata._setlocale_r.str1.1
                0x08008ca0        0x8 c:/progra~2/gnuarm~1/102021~1.10/bin/../lib/gcc/arm-none-eabi/10.3.1/../../../../arm-none-eabi/lib/thumb/v7-m/nofp\libc_nano.a(lib_a-locale.o)
                                  0x9 (size before relaxing)
 .rodata.str1.1
                0x08008ca8        0x2 c:/progra~2/gnuarm~1/102021~1.10/bin/../lib/gcc/arm-none-eabi/10.3.1/../../../../arm-none-eabi/lib/thumb/v7-m/nofp\libc_nano.a(lib_a-locale.o)
 .rodata._vfprintf_r.str1.1
                0x08008caa       0x11 c:/progra~2/gnuarm~1/102021~1.10/bin/../lib/gcc/arm-none-eabi/10.3.1/../../../../arm-none-eabi/lib/thumb/v7-m/nofp\libc_nano.a(lib_a-nano-vfprintf.o)
 .rodata._ctype_
                0x08008cbb      0x101 c:/progra~2/gnuarm~1/102021~1.10/bin/../lib/gcc/arm-none-eabi/10.3.1/../../../../arm-none-eabi/lib/thumb/v7-m/nofp\libc_nano.a(lib_a-ctype_.o)
                0x08008cbb                _ctype_
 .rodata.__sf_fake_stderr
                0x08008dbc       0x20 c:/progra~2/gnuarm~1/102021~1.10/bin/../lib/gcc/arm-none-eabi/10.3.1/../../../../arm-none-eabi/lib/thumb/v7-m/nofp\libc_nano.a(lib_a-findfp.o)
                0x08008dbc                __sf_fake_stderr
 .rodata.__sf_fake_stdin
                0x08008ddc       0x20 c:/progra~2/gnuarm~1/102021~1.10/bin/../lib/gcc/arm-none-eabi/10.3.1/../../../../arm-none-eabi/lib/thumb/v7-m/nofp\libc_nano.a(lib_a-findfp.o)
                0x08008ddc                __sf_fake_stdin
 .rodata.__sf_fake_stdout
                0x08008dfc       0x20 c:/progra~2/gnuarm~1/102021~1.10/bin/../lib/gcc/arm-none-eabi/10.3.1/../../../../arm-none-eabi/lib/thumb/v7-m/nofp\libc_nano.a(lib_a-findfp.o)
                0x08008dfc                __sf_fake_stdout
 .rodata.i2c_scanner.str1.4
                0x08008e1c        0x6 CMakeFiles/STM32_Bear.dir/Src/main.c.obj
 *fill*         0x08008e22        0x2 
 .rodata.AHBPrescTable
                0x08008e24       0x10 CMakeFiles/STM32_Bear.dir/Src/system_stm32f1xx.c.obj
                0x08008e24                AHBPrescTable
 .rodata.APBPrescTable
                0x08008e34        0x8 CMakeFiles/STM32_Bear.dir/Src/system_stm32f1xx.c.obj
                0x08008e34                APBPrescTable
 .rodata.HAL_RCC_GetSysClockFreq.str1.4
                0x08008e3c       0x11 CMakeFiles/STM32_Bear.dir/Drivers/STM32F1xx_HAL_Driver/Src/stm32f1xx_hal_rcc.c.obj
 .rodata._svfprintf_r.str1.1
                0x08008e4d       0x11 c:/progra~2/gnuarm~1/102021~1.10/bin/../lib/gcc/arm-none-eabi/10.3.1/../../../../arm-none-eabi/lib/thumb/v7-m/nofp\libg_nano.a(lib_a-nano-svfprintf.o)
                0x08008e60                . = ALIGN (0x4)
 *fill*         0x08008e4d        0x3 

.ARM.extab      0x08008e50        0x0
                0x08008e50                . = ALIGN (0x4)
 *(.ARM.extab* .gnu.linkonce.armextab.*)
                0x08008e50                . = ALIGN (0x4)

.ARM            0x08008e50        0x8
                0x08008e50                . = ALIGN (0x4)
                0x08008e50                __exidx_start = .
 *(.ARM.exidx*)
 .ARM.exidx     0x08008e50        0x8 c:/progra~2/gnuarm~1/102021~1.10/bin/../lib/gcc/arm-none-eabi/10.3.1/thumb/v7-m/nofp\libgcc.a(_udivmoddi4.o)
                0x08008e58                __exidx_end = .
                0x08008e58                . = ALIGN (0x4)

.rel.dyn        0x08008e58        0x0
 .rel.iplt      0x08008e58        0x0 c:/progra~2/gnuarm~1/102021~1.10/bin/../lib/gcc/arm-none-eabi/10.3.1/thumb/v7-m/nofp/crtbegin.o

.preinit_array  0x08008e58        0x0
                0x08008e58                . = ALIGN (0x4)
                0x08008e58                PROVIDE (__preinit_array_start = .)
 *(.preinit_array*)
                0x08008e58                PROVIDE (__preinit_array_end = .)
                0x08008e58                . = ALIGN (0x4)

.init_array     0x08008e58        0x4
                0x08008e58                . = ALIGN (0x4)
                0x08008e58                PROVIDE (__init_array_start = .)
 *(SORT_BY_NAME(.init_array.*))
 *(.init_array*)
 .init_array    0x08008e58        0x4 c:/progra~2/gnuarm~1/102021~1.10/bin/../lib/gcc/arm-none-eabi/10.3.1/thumb/v7-m/nofp/crtbegin.o
                0x08008e5c                PROVIDE (__init_array_end = .)
                0x08008e5c                . = ALIGN (0x4)

.fini_array     0x08008e5c        0x4
                0x08008e5c                . = ALIGN (0x4)
                [!provide]                PROVIDE (__fini_array_start = .)
 *(SORT_BY_NAME(.fini_array.*))
 *(.fini_array*)
 .fini_array    0x08008e5c        0x4 c:/progra~2/gnuarm~1/102021~1.10/bin/../lib/gcc/arm-none-eabi/10.3.1/thumb/v7-m/nofp/crtbegin.o
                [!provide]                PROVIDE (__fini_array_end = .)
                0x08008e60                . = ALIGN (0x4)
                0x08008e60                _sidata = LOADADDR (.data)

.data           0x20000000      0x1e0 load address 0x08008e60
                0x20000000                . = ALIGN (0x4)
                0x20000000                _sdata = .
 *(.data)
 *(.data*)
 .data._impure_ptr
                0x20000000        0x4 c:/progra~2/gnuarm~1/102021~1.10/bin/../lib/gcc/arm-none-eabi/10.3.1/../../../../arm-none-eabi/lib/thumb/v7-m/nofp\libc_nano.a(lib_a-impure.o)
                0x20000000                _impure_ptr
 .data.impure_data
                0x20000004       0x60 c:/progra~2/gnuarm~1/102021~1.10/bin/../lib/gcc/arm-none-eabi/10.3.1/../../../../arm-none-eabi/lib/thumb/v7-m/nofp\libc_nano.a(lib_a-impure.o)
 .data.__global_locale
                0x20000064      0x16c c:/progra~2/gnuarm~1/102021~1.10/bin/../lib/gcc/arm-none-eabi/10.3.1/../../../../arm-none-eabi/lib/thumb/v7-m/nofp\libc_nano.a(lib_a-locale.o)
                0x20000064                __global_locale
 .data.devAddr  0x200001d0        0x1 CMakeFiles/STM32_Bear.dir/Lib/Src/BMP085.c.obj
 .data.mp3_number
                0x200001d1        0x1 CMakeFiles/STM32_Bear.dir/Src/main.c.obj
                0x200001d1                mp3_number
 *fill*         0x200001d2        0x2 
 .data.SystemCoreClock
                0x200001d4        0x4 CMakeFiles/STM32_Bear.dir/Src/system_stm32f1xx.c.obj
                0x200001d4                SystemCoreClock
 .data.uwTickFreq
                0x200001d8        0x1 CMakeFiles/STM32_Bear.dir/Drivers/STM32F1xx_HAL_Driver/Src/stm32f1xx_hal.c.obj
                0x200001d8                uwTickFreq
 *fill*         0x200001d9        0x3 
 .data.uwTickPrio
                0x200001dc        0x4 CMakeFiles/STM32_Bear.dir/Drivers/STM32F1xx_HAL_Driver/Src/stm32f1xx_hal.c.obj
                0x200001dc                uwTickPrio
 *(.RamFunc)
 *(.RamFunc*)
                0x200001e0                . = ALIGN (0x4)
                0x200001e0                _edata = .

.igot.plt       0x200001e0        0x0 load address 0x08009040
 .igot.plt      0x200001e0        0x0 c:/progra~2/gnuarm~1/102021~1.10/bin/../lib/gcc/arm-none-eabi/10.3.1/thumb/v7-m/nofp/crtbegin.o
                0x200001e0                . = ALIGN (0x4)

.bss            0x200001e0      0x218 load address 0x08009040
                0x200001e0                _sbss = .
                0x200001e0                __bss_start__ = _sbss
 *(.bss)
 .bss           0x200001e0       0x1c c:/progra~2/gnuarm~1/102021~1.10/bin/../lib/gcc/arm-none-eabi/10.3.1/thumb/v7-m/nofp/crtbegin.o
 *(.bss*)
 .bss.__malloc_free_list
                0x200001fc        0x4 c:/progra~2/gnuarm~1/102021~1.10/bin/../lib/gcc/arm-none-eabi/10.3.1/../../../../arm-none-eabi/lib/thumb/v7-m/nofp\libc_nano.a(lib_a-nano-mallocr.o)
                0x200001fc                __malloc_free_list
 .bss.__malloc_sbrk_start
                0x20000200        0x4 c:/progra~2/gnuarm~1/102021~1.10/bin/../lib/gcc/arm-none-eabi/10.3.1/../../../../arm-none-eabi/lib/thumb/v7-m/nofp\libc_nano.a(lib_a-nano-mallocr.o)
                0x20000200                __malloc_sbrk_start
 .bss.errno     0x20000204        0x4 c:/progra~2/gnuarm~1/102021~1.10/bin/../lib/gcc/arm-none-eabi/10.3.1/../../../../arm-none-eabi/lib/thumb/v7-m/nofp\libc_nano.a(lib_a-reent.o)
                0x20000204                errno
 .bss.__lock___malloc_recursive_mutex
                0x20000208        0x1 c:/progra~2/gnuarm~1/102021~1.10/bin/../lib/gcc/arm-none-eabi/10.3.1/../../../../arm-none-eabi/lib/thumb/v7-m/nofp\libc_nano.a(lib_a-lock.o)
                0x20000208                __lock___malloc_recursive_mutex
 .bss.__lock___sfp_recursive_mutex
                0x20000209        0x1 c:/progra~2/gnuarm~1/102021~1.10/bin/../lib/gcc/arm-none-eabi/10.3.1/../../../../arm-none-eabi/lib/thumb/v7-m/nofp\libc_nano.a(lib_a-lock.o)
                0x20000209                __lock___sfp_recursive_mutex
 .bss.__lock___sinit_recursive_mutex
                0x2000020a        0x1 c:/progra~2/gnuarm~1/102021~1.10/bin/../lib/gcc/arm-none-eabi/10.3.1/../../../../arm-none-eabi/lib/thumb/v7-m/nofp\libc_nano.a(lib_a-lock.o)
                0x2000020a                __lock___sinit_recursive_mutex
 *fill*         0x2000020b        0x1 
 .bss.CalibData
                0x2000020c       0x24 CMakeFiles/STM32_Bear.dir/Lib/Src/BME280.c.obj
                0x2000020c                CalibData
 .bss.temper_int
                0x20000230        0x4 CMakeFiles/STM32_Bear.dir/Lib/Src/BME280.c.obj
                0x20000230                temper_int
 .bss.ac1       0x20000234        0x2 CMakeFiles/STM32_Bear.dir/Lib/Src/BMP085.c.obj
 .bss.ac2       0x20000236        0x2 CMakeFiles/STM32_Bear.dir/Lib/Src/BMP085.c.obj
 .bss.ac3       0x20000238        0x2 CMakeFiles/STM32_Bear.dir/Lib/Src/BMP085.c.obj
 .bss.ac4       0x2000023a        0x2 CMakeFiles/STM32_Bear.dir/Lib/Src/BMP085.c.obj
 .bss.ac5       0x2000023c        0x2 CMakeFiles/STM32_Bear.dir/Lib/Src/BMP085.c.obj
 .bss.ac6       0x2000023e        0x2 CMakeFiles/STM32_Bear.dir/Lib/Src/BMP085.c.obj
 .bss.b1        0x20000240        0x2 CMakeFiles/STM32_Bear.dir/Lib/Src/BMP085.c.obj
 .bss.b2        0x20000242        0x2 CMakeFiles/STM32_Bear.dir/Lib/Src/BMP085.c.obj
 .bss.b5        0x20000244        0x4 CMakeFiles/STM32_Bear.dir/Lib/Src/BMP085.c.obj
 .bss.buffer    0x20000248        0x3 CMakeFiles/STM32_Bear.dir/Lib/Src/BMP085.c.obj
 *fill*         0x2000024b        0x1 
 .bss.calibrationLoaded
                0x2000024c        0x4 CMakeFiles/STM32_Bear.dir/Lib/Src/BMP085.c.obj
 .bss.mb        0x20000250        0x2 CMakeFiles/STM32_Bear.dir/Lib/Src/BMP085.c.obj
 .bss.mc        0x20000252        0x2 CMakeFiles/STM32_Bear.dir/Lib/Src/BMP085.c.obj
 .bss.md        0x20000254        0x2 CMakeFiles/STM32_Bear.dir/Lib/Src/BMP085.c.obj
 .bss.measureMode
                0x20000256        0x1 CMakeFiles/STM32_Bear.dir/Lib/Src/BMP085.c.obj
 *fill*         0x20000257        0x1 
 .bss.I2Cdev_hi2c
                0x20000258        0x4 CMakeFiles/STM32_Bear.dir/Lib/Src/I2Cdev.c.obj
 .bss.EraseInitStruct.0
                0x2000025c       0x10 CMakeFiles/STM32_Bear.dir/Lib/Src/FlASH_PAGE_F1.c.obj
 .bss.bytes_temp
                0x2000026c        0x4 CMakeFiles/STM32_Bear.dir/Lib/Src/FlASH_PAGE_F1.c.obj
                0x2000026c                bytes_temp
 .bss.bmp280    0x20000270       0x34 CMakeFiles/STM32_Bear.dir/Src/main.c.obj
                0x20000270                bmp280
 .bss.delta     0x200002a4        0x4 CMakeFiles/STM32_Bear.dir/Src/main.c.obj
                0x200002a4                delta
 .bss.error     0x200002a8        0x1 CMakeFiles/STM32_Bear.dir/Src/main.c.obj
                0x200002a8                error
 *fill*         0x200002a9        0x3 
 .bss.hi2c1     0x200002ac       0x54 CMakeFiles/STM32_Bear.dir/Src/main.c.obj
                0x200002ac                hi2c1
 .bss.huart1    0x20000300       0x44 CMakeFiles/STM32_Bear.dir/Src/main.c.obj
                0x20000300                huart1
 .bss.i2c_ports
                0x20000344       0x80 CMakeFiles/STM32_Bear.dir/Src/main.c.obj
                0x20000344                i2c_ports
 .bss.init_preasure
                0x200003c4        0x4 CMakeFiles/STM32_Bear.dir/Src/main.c.obj
                0x200003c4                init_preasure
 .bss.pressure  0x200003c8        0x4 CMakeFiles/STM32_Bear.dir/Src/main.c.obj
                0x200003c8                pressure
 .bss.result    0x200003cc        0x1 CMakeFiles/STM32_Bear.dir/Src/main.c.obj
                0x200003cc                result
 .bss.touch_counter
                0x200003cd        0x1 CMakeFiles/STM32_Bear.dir/Src/main.c.obj
                0x200003cd                touch_counter
 *fill*         0x200003ce        0x2 
 .bss.__sbrk_heap_end
                0x200003d0        0x4 CMakeFiles/STM32_Bear.dir/Src/sysmem.c.obj
 .bss.uwTick    0x200003d4        0x4 CMakeFiles/STM32_Bear.dir/Drivers/STM32F1xx_HAL_Driver/Src/stm32f1xx_hal.c.obj
                0x200003d4                uwTick
 .bss.pFlash    0x200003d8       0x20 CMakeFiles/STM32_Bear.dir/Drivers/STM32F1xx_HAL_Driver/Src/stm32f1xx_hal_flash.c.obj
                0x200003d8                pFlash
 *(COMMON)
                0x200003f8                . = ALIGN (0x4)
                0x200003f8                _ebss = .
                0x200003f8                __bss_end__ = _ebss

._user_heap_stack
                0x200003f8      0x600 load address 0x08009040
                0x200003f8                . = ALIGN (0x8)
                [!provide]                PROVIDE (end = .)
                0x200003f8                PROVIDE (_end = .)
                0x200005f8                . = (. + _Min_Heap_Size)
 *fill*         0x200003f8      0x200 
                0x200009f8                . = (. + _Min_Stack_Size)
 *fill*         0x200005f8      0x400 
                0x200009f8                . = ALIGN (0x8)

/DISCARD/
 libc.a(*)
 libm.a(*)
 libgcc.a(*)

.ARM.attributes
                0x00000000       0x29
 *(.ARM.attributes)
 .ARM.attributes
                0x00000000       0x1d c:/progra~2/gnuarm~1/102021~1.10/bin/../lib/gcc/arm-none-eabi/10.3.1/thumb/v7-m/nofp/crti.o
 .ARM.attributes
                0x0000001d       0x2d c:/progra~2/gnuarm~1/102021~1.10/bin/../lib/gcc/arm-none-eabi/10.3.1/thumb/v7-m/nofp/crtbegin.o
 .ARM.attributes
                0x0000004a       0x2d c:/progra~2/gnuarm~1/102021~1.10/bin/../lib/gcc/arm-none-eabi/10.3.1/../../../../arm-none-eabi/lib/thumb/v7-m/nofp\libc_nano.a(lib_a-impure.o)
 .ARM.attributes
                0x00000077       0x2d c:/progra~2/gnuarm~1/102021~1.10/bin/../lib/gcc/arm-none-eabi/10.3.1/../../../../arm-none-eabi/lib/thumb/v7-m/nofp\libc_nano.a(lib_a-init.o)
 .ARM.attributes
                0x000000a4       0x2d c:/progra~2/gnuarm~1/102021~1.10/bin/../lib/gcc/arm-none-eabi/10.3.1/../../../../arm-none-eabi/lib/thumb/v7-m/nofp\libc_nano.a(lib_a-memset.o)
 .ARM.attributes
                0x000000d1       0x2d c:/progra~2/gnuarm~1/102021~1.10/bin/../lib/gcc/arm-none-eabi/10.3.1/../../../../arm-none-eabi/lib/thumb/v7-m/nofp\libc_nano.a(lib_a-nano-vfprintf_float.o)
 .ARM.attributes
                0x000000fe       0x2d c:/progra~2/gnuarm~1/102021~1.10/bin/../lib/gcc/arm-none-eabi/10.3.1/../../../../arm-none-eabi/lib/thumb/v7-m/nofp\libc_nano.a(lib_a-nano-vfprintf_i.o)
 .ARM.attributes
                0x0000012b       0x17 c:/progra~2/gnuarm~1/102021~1.10/bin/../lib/gcc/arm-none-eabi/10.3.1/../../../../arm-none-eabi/lib/thumb/v7-m/nofp\libc_nano.a(lib_a-strlen.o)
 .ARM.attributes
                0x00000142       0x2d c:/progra~2/gnuarm~1/102021~1.10/bin/../lib/gcc/arm-none-eabi/10.3.1/../../../../arm-none-eabi/lib/thumb/v7-m/nofp\libc_nano.a(lib_a-dtoa.o)
 .ARM.attributes
                0x0000016f       0x2d c:/progra~2/gnuarm~1/102021~1.10/bin/../lib/gcc/arm-none-eabi/10.3.1/../../../../arm-none-eabi/lib/thumb/v7-m/nofp\libc_nano.a(lib_a-localeconv.o)
 .ARM.attributes
                0x0000019c       0x2d c:/progra~2/gnuarm~1/102021~1.10/bin/../lib/gcc/arm-none-eabi/10.3.1/../../../../arm-none-eabi/lib/thumb/v7-m/nofp\libc_nano.a(lib_a-malloc.o)
 .ARM.attributes
                0x000001c9       0x2d c:/progra~2/gnuarm~1/102021~1.10/bin/../lib/gcc/arm-none-eabi/10.3.1/../../../../arm-none-eabi/lib/thumb/v7-m/nofp\libc_nano.a(lib_a-memchr-stub.o)
 .ARM.attributes
                0x000001f6       0x2d c:/progra~2/gnuarm~1/102021~1.10/bin/../lib/gcc/arm-none-eabi/10.3.1/../../../../arm-none-eabi/lib/thumb/v7-m/nofp\libc_nano.a(lib_a-memcpy-stub.o)
 .ARM.attributes
                0x00000223       0x2d c:/progra~2/gnuarm~1/102021~1.10/bin/../lib/gcc/arm-none-eabi/10.3.1/../../../../arm-none-eabi/lib/thumb/v7-m/nofp\libc_nano.a(lib_a-mprec.o)
 .ARM.attributes
                0x00000250       0x2d c:/progra~2/gnuarm~1/102021~1.10/bin/../lib/gcc/arm-none-eabi/10.3.1/../../../../arm-none-eabi/lib/thumb/v7-m/nofp\libc_nano.a(lib_a-nano-callocr.o)
 .ARM.attributes
                0x0000027d       0x2d c:/progra~2/gnuarm~1/102021~1.10/bin/../lib/gcc/arm-none-eabi/10.3.1/../../../../arm-none-eabi/lib/thumb/v7-m/nofp\libc_nano.a(lib_a-nano-freer.o)
 .ARM.attributes
                0x000002aa       0x2d c:/progra~2/gnuarm~1/102021~1.10/bin/../lib/gcc/arm-none-eabi/10.3.1/../../../../arm-none-eabi/lib/thumb/v7-m/nofp\libc_nano.a(lib_a-nano-mallocr.o)
 .ARM.attributes
                0x000002d7       0x2d c:/progra~2/gnuarm~1/102021~1.10/bin/../lib/gcc/arm-none-eabi/10.3.1/../../../../arm-none-eabi/lib/thumb/v7-m/nofp\libc_nano.a(lib_a-sbrkr.o)
 .ARM.attributes
                0x00000304       0x2d c:/progra~2/gnuarm~1/102021~1.10/bin/../lib/gcc/arm-none-eabi/10.3.1/../../../../arm-none-eabi/lib/thumb/v7-m/nofp\libc_nano.a(lib_a-assert.o)
 .ARM.attributes
                0x00000331       0x2d c:/progra~2/gnuarm~1/102021~1.10/bin/../lib/gcc/arm-none-eabi/10.3.1/../../../../arm-none-eabi/lib/thumb/v7-m/nofp\libc_nano.a(lib_a-fprintf.o)
 .ARM.attributes
                0x0000035e       0x2d c:/progra~2/gnuarm~1/102021~1.10/bin/../lib/gcc/arm-none-eabi/10.3.1/../../../../arm-none-eabi/lib/thumb/v7-m/nofp\libc_nano.a(lib_a-locale.o)
 .ARM.attributes
                0x0000038b       0x2d c:/progra~2/gnuarm~1/102021~1.10/bin/../lib/gcc/arm-none-eabi/10.3.1/../../../../arm-none-eabi/lib/thumb/v7-m/nofp\libc_nano.a(lib_a-mbtowc_r.o)
 .ARM.attributes
                0x000003b8       0x2d c:/progra~2/gnuarm~1/102021~1.10/bin/../lib/gcc/arm-none-eabi/10.3.1/../../../../arm-none-eabi/lib/thumb/v7-m/nofp\libc_nano.a(lib_a-mlock.o)
 .ARM.attributes
                0x000003e5       0x2d c:/progra~2/gnuarm~1/102021~1.10/bin/../lib/gcc/arm-none-eabi/10.3.1/../../../../arm-none-eabi/lib/thumb/v7-m/nofp\libc_nano.a(lib_a-nano-vfprintf.o)
 .ARM.attributes
                0x00000412       0x2d c:/progra~2/gnuarm~1/102021~1.10/bin/../lib/gcc/arm-none-eabi/10.3.1/../../../../arm-none-eabi/lib/thumb/v7-m/nofp\libc_nano.a(lib_a-reent.o)
 .ARM.attributes
                0x0000043f       0x2d c:/progra~2/gnuarm~1/102021~1.10/bin/../lib/gcc/arm-none-eabi/10.3.1/../../../../arm-none-eabi/lib/thumb/v7-m/nofp\libc_nano.a(lib_a-wbuf.o)
 .ARM.attributes
                0x0000046c       0x2d c:/progra~2/gnuarm~1/102021~1.10/bin/../lib/gcc/arm-none-eabi/10.3.1/../../../../arm-none-eabi/lib/thumb/v7-m/nofp\libc_nano.a(lib_a-wctomb_r.o)
 .ARM.attributes
                0x00000499       0x2d c:/progra~2/gnuarm~1/102021~1.10/bin/../lib/gcc/arm-none-eabi/10.3.1/../../../../arm-none-eabi/lib/thumb/v7-m/nofp\libc_nano.a(lib_a-wsetup.o)
 .ARM.attributes
                0x000004c6       0x2d c:/progra~2/gnuarm~1/102021~1.10/bin/../lib/gcc/arm-none-eabi/10.3.1/../../../../arm-none-eabi/lib/thumb/v7-m/nofp\libc_nano.a(lib_a-abort.o)
 .ARM.attributes
                0x000004f3       0x2d c:/progra~2/gnuarm~1/102021~1.10/bin/../lib/gcc/arm-none-eabi/10.3.1/../../../../arm-none-eabi/lib/thumb/v7-m/nofp\libc_nano.a(lib_a-ctype_.o)
 .ARM.attributes
                0x00000520       0x2d c:/progra~2/gnuarm~1/102021~1.10/bin/../lib/gcc/arm-none-eabi/10.3.1/../../../../arm-none-eabi/lib/thumb/v7-m/nofp\libc_nano.a(lib_a-fflush.o)
 .ARM.attributes
                0x0000054d       0x2d c:/progra~2/gnuarm~1/102021~1.10/bin/../lib/gcc/arm-none-eabi/10.3.1/../../../../arm-none-eabi/lib/thumb/v7-m/nofp\libc_nano.a(lib_a-findfp.o)
 .ARM.attributes
                0x0000057a       0x2d c:/progra~2/gnuarm~1/102021~1.10/bin/../lib/gcc/arm-none-eabi/10.3.1/../../../../arm-none-eabi/lib/thumb/v7-m/nofp\libc_nano.a(lib_a-fwalk.o)
 .ARM.attributes
                0x000005a7       0x2d c:/progra~2/gnuarm~1/102021~1.10/bin/../lib/gcc/arm-none-eabi/10.3.1/../../../../arm-none-eabi/lib/thumb/v7-m/nofp\libc_nano.a(lib_a-lock.o)
 .ARM.attributes
                0x000005d4       0x2d c:/progra~2/gnuarm~1/102021~1.10/bin/../lib/gcc/arm-none-eabi/10.3.1/../../../../arm-none-eabi/lib/thumb/v7-m/nofp\libc_nano.a(lib_a-makebuf.o)
 .ARM.attributes
                0x00000601       0x2d c:/progra~2/gnuarm~1/102021~1.10/bin/../lib/gcc/arm-none-eabi/10.3.1/../../../../arm-none-eabi/lib/thumb/v7-m/nofp\libc_nano.a(lib_a-memmove.o)
 .ARM.attributes
                0x0000062e       0x2d c:/progra~2/gnuarm~1/102021~1.10/bin/../lib/gcc/arm-none-eabi/10.3.1/../../../../arm-none-eabi/lib/thumb/v7-m/nofp\libc_nano.a(lib_a-nano-reallocr.o)
 .ARM.attributes
                0x0000065b       0x2d c:/progra~2/gnuarm~1/102021~1.10/bin/../lib/gcc/arm-none-eabi/10.3.1/../../../../arm-none-eabi/lib/thumb/v7-m/nofp\libc_nano.a(lib_a-signal.o)
 .ARM.attributes
                0x00000688       0x2d c:/progra~2/gnuarm~1/102021~1.10/bin/../lib/gcc/arm-none-eabi/10.3.1/../../../../arm-none-eabi/lib/thumb/v7-m/nofp\libc_nano.a(lib_a-signalr.o)
 .ARM.attributes
                0x000006b5       0x2d c:/progra~2/gnuarm~1/102021~1.10/bin/../lib/gcc/arm-none-eabi/10.3.1/../../../../arm-none-eabi/lib/thumb/v7-m/nofp\libc_nano.a(lib_a-stdio.o)
 .ARM.attributes
                0x000006e2       0x2d c:/progra~2/gnuarm~1/102021~1.10/bin/../lib/gcc/arm-none-eabi/10.3.1/../../../../arm-none-eabi/lib/thumb/v7-m/nofp\libc_nano.a(lib_a-writer.o)
 .ARM.attributes
                0x0000070f       0x2d c:/progra~2/gnuarm~1/102021~1.10/bin/../lib/gcc/arm-none-eabi/10.3.1/../../../../arm-none-eabi/lib/thumb/v7-m/nofp\libc_nano.a(lib_a-closer.o)
 .ARM.attributes
                0x0000073c       0x2d c:/progra~2/gnuarm~1/102021~1.10/bin/../lib/gcc/arm-none-eabi/10.3.1/../../../../arm-none-eabi/lib/thumb/v7-m/nofp\libc_nano.a(lib_a-fstatr.o)
 .ARM.attributes
                0x00000769       0x2d c:/progra~2/gnuarm~1/102021~1.10/bin/../lib/gcc/arm-none-eabi/10.3.1/../../../../arm-none-eabi/lib/thumb/v7-m/nofp\libc_nano.a(lib_a-isattyr.o)
 .ARM.attributes
                0x00000796       0x2d c:/progra~2/gnuarm~1/102021~1.10/bin/../lib/gcc/arm-none-eabi/10.3.1/../../../../arm-none-eabi/lib/thumb/v7-m/nofp\libc_nano.a(lib_a-lseekr.o)
 .ARM.attributes
                0x000007c3       0x2d c:/progra~2/gnuarm~1/102021~1.10/bin/../lib/gcc/arm-none-eabi/10.3.1/../../../../arm-none-eabi/lib/thumb/v7-m/nofp\libc_nano.a(lib_a-nano-msizer.o)
 .ARM.attributes
                0x000007f0       0x2d c:/progra~2/gnuarm~1/102021~1.10/bin/../lib/gcc/arm-none-eabi/10.3.1/../../../../arm-none-eabi/lib/thumb/v7-m/nofp\libc_nano.a(lib_a-readr.o)
 .ARM.attributes
                0x0000081d       0x21 CMakeFiles/STM32_Bear.dir/Startup/startup_stm32f103t8ux.S.obj
 .ARM.attributes
                0x0000083e       0x2d CMakeFiles/STM32_Bear.dir/Lib/Src/bmp280.c.obj
 .ARM.attributes
                0x0000086b       0x2d CMakeFiles/STM32_Bear.dir/Lib/Src/BME280.c.obj
 .ARM.attributes
                0x00000898       0x2d CMakeFiles/STM32_Bear.dir/Lib/Src/BMP085.c.obj
 .ARM.attributes
                0x000008c5       0x2d CMakeFiles/STM32_Bear.dir/Lib/Src/dfplayer.c.obj
 .ARM.attributes
                0x000008f2       0x2d CMakeFiles/STM32_Bear.dir/Lib/Src/I2Cdev.c.obj
 .ARM.attributes
                0x0000091f       0x2d CMakeFiles/STM32_Bear.dir/Lib/Src/FlASH_PAGE_F1.c.obj
 .ARM.attributes
                0x0000094c       0x2d CMakeFiles/STM32_Bear.dir/Src/main.c.obj
 .ARM.attributes
                0x00000979       0x2d CMakeFiles/STM32_Bear.dir/Src/stm32f1xx_hal_msp.c.obj
 .ARM.attributes
                0x000009a6       0x2d CMakeFiles/STM32_Bear.dir/Src/stm32f1xx_it.c.obj
 .ARM.attributes
                0x000009d3       0x2d CMakeFiles/STM32_Bear.dir/Src/syscalls.c.obj
 .ARM.attributes
                0x00000a00       0x2d CMakeFiles/STM32_Bear.dir/Src/sysmem.c.obj
 .ARM.attributes
                0x00000a2d       0x2d CMakeFiles/STM32_Bear.dir/Src/system_stm32f1xx.c.obj
 .ARM.attributes
                0x00000a5a       0x2d CMakeFiles/STM32_Bear.dir/Drivers/STM32F1xx_HAL_Driver/Src/stm32f1xx_hal.c.obj
 .ARM.attributes
                0x00000a87       0x2d CMakeFiles/STM32_Bear.dir/Drivers/STM32F1xx_HAL_Driver/Src/stm32f1xx_hal_cortex.c.obj
 .ARM.attributes
                0x00000ab4       0x2d CMakeFiles/STM32_Bear.dir/Drivers/STM32F1xx_HAL_Driver/Src/stm32f1xx_hal_dma.c.obj
 .ARM.attributes
                0x00000ae1       0x2d CMakeFiles/STM32_Bear.dir/Drivers/STM32F1xx_HAL_Driver/Src/stm32f1xx_hal_flash.c.obj
 .ARM.attributes
                0x00000b0e       0x2d CMakeFiles/STM32_Bear.dir/Drivers/STM32F1xx_HAL_Driver/Src/stm32f1xx_hal_flash_ex.c.obj
 .ARM.attributes
                0x00000b3b       0x2d CMakeFiles/STM32_Bear.dir/Drivers/STM32F1xx_HAL_Driver/Src/stm32f1xx_hal_gpio.c.obj
 .ARM.attributes
                0x00000b68       0x2d CMakeFiles/STM32_Bear.dir/Drivers/STM32F1xx_HAL_Driver/Src/stm32f1xx_hal_i2c.c.obj
 .ARM.attributes
                0x00000b95       0x2d CMakeFiles/STM32_Bear.dir/Drivers/STM32F1xx_HAL_Driver/Src/stm32f1xx_hal_rcc.c.obj
 .ARM.attributes
                0x00000bc2       0x2d CMakeFiles/STM32_Bear.dir/Drivers/STM32F1xx_HAL_Driver/Src/stm32f1xx_hal_uart.c.obj
 .ARM.attributes
                0x00000bef       0x1d c:/progra~2/gnuarm~1/102021~1.10/bin/../lib/gcc/arm-none-eabi/10.3.1/thumb/v7-m/nofp\libgcc.a(_arm_addsubdf3.o)
 .ARM.attributes
                0x00000c0c       0x1d c:/progra~2/gnuarm~1/102021~1.10/bin/../lib/gcc/arm-none-eabi/10.3.1/thumb/v7-m/nofp\libgcc.a(_arm_muldivdf3.o)
 .ARM.attributes
                0x00000c29       0x1d c:/progra~2/gnuarm~1/102021~1.10/bin/../lib/gcc/arm-none-eabi/10.3.1/thumb/v7-m/nofp\libgcc.a(_arm_cmpdf2.o)
 .ARM.attributes
                0x00000c46       0x1d c:/progra~2/gnuarm~1/102021~1.10/bin/../lib/gcc/arm-none-eabi/10.3.1/thumb/v7-m/nofp\libgcc.a(_arm_unorddf2.o)
 .ARM.attributes
                0x00000c63       0x1d c:/progra~2/gnuarm~1/102021~1.10/bin/../lib/gcc/arm-none-eabi/10.3.1/thumb/v7-m/nofp\libgcc.a(_arm_fixdfsi.o)
 .ARM.attributes