Component: ARM Compiler 5.06 update 6 (build 750) Tool: armlink [4d35ed]

==============================================================================

Section Cross References

    startup_stm32f103xb.o(RESET) refers to startup_stm32f103xb.o(STACK) for __initial_sp
    startup_stm32f103xb.o(RESET) refers to startup_stm32f103xb.o(.text) for Reset_Handler
    startup_stm32f103xb.o(RESET) refers to stm32f1xx_it.o(i.NMI_Handler) for NMI_Handler
    startup_stm32f103xb.o(RESET) refers to stm32f1xx_it.o(i.HardFault_Handler) for HardFault_Handler
    startup_stm32f103xb.o(RESET) refers to stm32f1xx_it.o(i.MemManage_Handler) for MemManage_Handler
    startup_stm32f103xb.o(RESET) refers to stm32f1xx_it.o(i.BusFault_Handler) for BusFault_Handler
    startup_stm32f103xb.o(RESET) refers to stm32f1xx_it.o(i.UsageFault_Handler) for UsageFault_Handler
    startup_stm32f103xb.o(RESET) refers to stm32f1xx_it.o(i.SVC_Handler) for SVC_Handler
    startup_stm32f103xb.o(RESET) refers to stm32f1xx_it.o(i.DebugMon_Handler) for DebugMon_Handler
    startup_stm32f103xb.o(RESET) refers to stm32f1xx_it.o(i.PendSV_Handler) for PendSV_Handler
    startup_stm32f103xb.o(RESET) refers to stm32f1xx_it.o(i.SysTick_Handler) for SysTick_Handler
    startup_stm32f103xb.o(RESET) refers to stm32f1xx_it.o(i.I2C1_EV_IRQHandler) for I2C1_EV_IRQHandler
    startup_stm32f103xb.o(RESET) refers to stm32f1xx_it.o(i.USART1_IRQHandler) for USART1_IRQHandler
    startup_stm32f103xb.o(.text) refers to system_stm32f1xx.o(i.SystemInit) for SystemInit
    startup_stm32f103xb.o(.text) refers to entry.o(.ARM.Collect$$$$00000000) for __main
    bmp085.o(i.BMP085_getAltitude) refers to fdiv.o(.text) for __aeabi_fdiv
    bmp085.o(i.BMP085_getAltitude) refers to f2d.o(.text) for __aeabi_f2d
    bmp085.o(i.BMP085_getAltitude) refers to pow.o(i.pow) for pow
    bmp085.o(i.BMP085_getAltitude) refers to dadd.o(.text) for __aeabi_drsub
    bmp085.o(i.BMP085_getAltitude) refers to dmul.o(.text) for __aeabi_dmul
    bmp085.o(i.BMP085_getAltitude) refers to d2f.o(.text) for __aeabi_d2f
    bmp085.o(i.BMP085_getControl) refers to i2cdev.o(i.I2Cdev_readByte) for I2Cdev_readByte
    bmp085.o(i.BMP085_getControl) refers to bmp085.o(.data) for .data
    bmp085.o(i.BMP085_getMeasureDelayMicroseconds) refers to bmp085.o(.data) for .data
    bmp085.o(i.BMP085_getMeasureDelayMilliseconds) refers to bmp085.o(.data) for .data
    bmp085.o(i.BMP085_getMeasurement2) refers to i2cdev.o(i.I2Cdev_readBytes) for I2Cdev_readBytes
    bmp085.o(i.BMP085_getMeasurement2) refers to bmp085.o(.data) for .data
    bmp085.o(i.BMP085_getMeasurement3) refers to i2cdev.o(i.I2Cdev_readBytes) for I2Cdev_readBytes
    bmp085.o(i.BMP085_getMeasurement3) refers to bmp085.o(.data) for .data
    bmp085.o(i.BMP085_getPressure) refers to bmp085.o(i.BMP085_getRawPressure) for BMP085_getRawPressure
    bmp085.o(i.BMP085_getPressure) refers to fflti.o(.text) for __aeabi_i2f
    bmp085.o(i.BMP085_getPressure) refers to bmp085.o(.data) for .data
    bmp085.o(i.BMP085_getRawPressure) refers to bmp085.o(i.BMP085_getMeasurement3) for BMP085_getMeasurement3
    bmp085.o(i.BMP085_getRawPressure) refers to bmp085.o(.data) for .data
    bmp085.o(i.BMP085_getRawTemperature) refers to bmp085.o(i.BMP085_getMeasurement2) for BMP085_getMeasurement2
    bmp085.o(i.BMP085_getRawTemperature) refers to bmp085.o(.data) for .data
    bmp085.o(i.BMP085_getTemperatureC) refers to bmp085.o(i.BMP085_getRawTemperature) for BMP085_getRawTemperature
    bmp085.o(i.BMP085_getTemperatureC) refers to fflti.o(.text) for __aeabi_i2f
    bmp085.o(i.BMP085_getTemperatureC) refers to fdiv.o(.text) for __aeabi_fdiv
    bmp085.o(i.BMP085_getTemperatureC) refers to bmp085.o(.data) for .data
    bmp085.o(i.BMP085_getTemperatureF) refers to bmp085.o(i.BMP085_getTemperatureC) for BMP085_getTemperatureC
    bmp085.o(i.BMP085_getTemperatureF) refers to fmul.o(.text) for __aeabi_fmul
    bmp085.o(i.BMP085_getTemperatureF) refers to fdiv.o(.text) for __aeabi_fdiv
    bmp085.o(i.BMP085_getTemperatureF) refers to fadd.o(.text) for __aeabi_fadd
    bmp085.o(i.BMP085_initialize) refers to bmp085.o(i.BMP085_loadCalibration) for BMP085_loadCalibration
    bmp085.o(i.BMP085_initialize) refers to bmp085.o(.data) for .data
    bmp085.o(i.BMP085_loadCalibration) refers to i2cdev.o(i.I2Cdev_readBytes) for I2Cdev_readBytes
    bmp085.o(i.BMP085_loadCalibration) refers to bmp085.o(.data) for .data
    bmp085.o(i.BMP085_setAddress) refers to bmp085.o(.data) for .data
    bmp085.o(i.BMP085_setControl) refers to i2cdev.o(i.I2Cdev_writeByte) for I2Cdev_writeByte
    bmp085.o(i.BMP085_setControl) refers to bmp085.o(.data) for .data
    bmp085.o(i.BMP085_testConnection) refers to i2cdev.o(i.I2Cdev_readByte) for I2Cdev_readByte
    bmp085.o(i.BMP085_testConnection) refers to bmp085.o(.data) for .data
    i2cdev.o(i.I2Cdev_init) refers to i2cdev.o(.data) for .data
    i2cdev.o(i.I2Cdev_readBit) refers to i2cdev.o(i.I2Cdev_readByte) for I2Cdev_readByte
[...]
    Removing stm32f1xx_hal_gpio.o(.rev16_text), (4 bytes).
    Removing stm32f1xx_hal_gpio.o(.revsh_text), (4 bytes).
    Removing stm32f1xx_hal_gpio.o(.rrx_text), (6 bytes).
    Removing stm32f1xx_hal_gpio.o(i.HAL_GPIO_DeInit), (252 bytes).
    Removing stm32f1xx_hal_gpio.o(i.HAL_GPIO_EXTI_Callback), (2 bytes).
    Removing stm32f1xx_hal_gpio.o(i.HAL_GPIO_EXTI_IRQHandler), (24 bytes).
    Removing stm32f1xx_hal_gpio.o(i.HAL_GPIO_LockPin), (34 bytes).
    Removing stm32f1xx_hal_gpio.o(i.HAL_GPIO_ReadPin), (10 bytes).
    Removing stm32f1xx_hal_gpio.o(i.HAL_GPIO_TogglePin), (14 bytes).
    Removing stm32f1xx_hal_gpio.o(i.HAL_GPIO_WritePin), (10 bytes).
    Removing stm32f1xx_hal_dma.o(.rev16_text), (4 bytes).
    Removing stm32f1xx_hal_dma.o(.revsh_text), (4 bytes).
    Removing stm32f1xx_hal_dma.o(.rrx_text), (6 bytes).
    Removing stm32f1xx_hal_dma.o(i.DMA_SetConfig), (42 bytes).
    Removing stm32f1xx_hal_dma.o(i.HAL_DMA_Abort), (70 bytes).
    Removing stm32f1xx_hal_dma.o(i.HAL_DMA_DeInit), (92 bytes).
    Removing stm32f1xx_hal_dma.o(i.HAL_DMA_GetError), (4 bytes).
    Removing stm32f1xx_hal_dma.o(i.HAL_DMA_IRQHandler), (340 bytes).
    Removing stm32f1xx_hal_dma.o(i.HAL_DMA_Init), (92 bytes).
    Removing stm32f1xx_hal_dma.o(i.HAL_DMA_PollForTransfer), (532 bytes).
    Removing stm32f1xx_hal_dma.o(i.HAL_DMA_RegisterCallback), (74 bytes).
    Removing stm32f1xx_hal_dma.o(i.HAL_DMA_Start), (80 bytes).
    Removing stm32f1xx_hal_dma.o(i.HAL_DMA_Start_IT), (112 bytes).
    Removing stm32f1xx_hal_dma.o(i.HAL_DMA_UnRegisterCallback), (82 bytes).
    Removing stm32f1xx_hal_cortex.o(.rev16_text), (4 bytes).
    Removing stm32f1xx_hal_cortex.o(.revsh_text), (4 bytes).
    Removing stm32f1xx_hal_cortex.o(.rrx_text), (6 bytes).
    Removing stm32f1xx_hal_cortex.o(i.HAL_NVIC_ClearPendingIRQ), (26 bytes).
    Removing stm32f1xx_hal_cortex.o(i.HAL_NVIC_DisableIRQ), (34 bytes).
    Removing stm32f1xx_hal_cortex.o(i.HAL_NVIC_GetActive), (36 bytes).
    Removing stm32f1xx_hal_cortex.o(i.HAL_NVIC_GetPendingIRQ), (36 bytes).
    Removing stm32f1xx_hal_cortex.o(i.HAL_NVIC_GetPriority), (82 bytes).
    Removing stm32f1xx_hal_cortex.o(i.HAL_NVIC_GetPriorityGrouping), (16 bytes).
    Removing stm32f1xx_hal_cortex.o(i.HAL_NVIC_SetPendingIRQ), (26 bytes).
    Removing stm32f1xx_hal_cortex.o(i.HAL_NVIC_SystemReset), (36 bytes).
    Removing stm32f1xx_hal_cortex.o(i.HAL_SYSTICK_CLKSourceConfig), (24 bytes).
    Removing stm32f1xx_hal_cortex.o(i.HAL_SYSTICK_Callback), (2 bytes).
    Removing stm32f1xx_hal_cortex.o(i.HAL_SYSTICK_IRQHandler), (8 bytes).
    Removing stm32f1xx_hal_pwr.o(.rev16_text), (4 bytes).
    Removing stm32f1xx_hal_pwr.o(.revsh_text), (4 bytes).
    Removing stm32f1xx_hal_pwr.o(.rrx_text), (6 bytes).
    Removing stm32f1xx_hal_pwr.o(i.HAL_PWR_ConfigPVD), (124 bytes).
    Removing stm32f1xx_hal_pwr.o(i.HAL_PWR_DeInit), (24 bytes).
    Removing stm32f1xx_hal_pwr.o(i.HAL_PWR_DisableBkUpAccess), (12 bytes).
    Removing stm32f1xx_hal_pwr.o(i.HAL_PWR_DisablePVD), (12 bytes).
    Removing stm32f1xx_hal_pwr.o(i.HAL_PWR_DisableSEVOnPend), (16 bytes).
    Removing stm32f1xx_hal_pwr.o(i.HAL_PWR_DisableSleepOnExit), (16 bytes).
    Removing stm32f1xx_hal_pwr.o(i.HAL_PWR_DisableWakeUpPin), (28 bytes).
    Removing stm32f1xx_hal_pwr.o(i.HAL_PWR_EnableBkUpAccess), (12 bytes).
    Removing stm32f1xx_hal_pwr.o(i.HAL_PWR_EnablePVD), (12 bytes).
    Removing stm32f1xx_hal_pwr.o(i.HAL_PWR_EnableSEVOnPend), (16 bytes).
    Removing stm32f1xx_hal_pwr.o(i.HAL_PWR_EnableSleepOnExit), (16 bytes).
    Removing stm32f1xx_hal_pwr.o(i.HAL_PWR_EnableWakeUpPin), (28 bytes).
    Removing stm32f1xx_hal_pwr.o(i.HAL_PWR_EnterSLEEPMode), (32 bytes).
    Removing stm32f1xx_hal_pwr.o(i.HAL_PWR_EnterSTANDBYMode), (32 bytes).
    Removing stm32f1xx_hal_pwr.o(i.HAL_PWR_EnterSTOPMode), (68 bytes).
    Removing stm32f1xx_hal_pwr.o(i.HAL_PWR_PVDCallback), (2 bytes).
    Removing stm32f1xx_hal_pwr.o(i.HAL_PWR_PVD_IRQHandler), (28 bytes).
    Removing stm32f1xx_hal_pwr.o(i.PWR_OverloadWfe), (6 bytes).
    Removing stm32f1xx_hal_flash.o(.rev16_text), (4 bytes).
    Removing stm32f1xx_hal_flash.o(.revsh_text), (4 bytes).
    Removing stm32f1xx_hal_flash.o(.rrx_text), (6 bytes).
    Removing stm32f1xx_hal_flash.o(i.FLASH_Program_HalfWord), (28 bytes).
    Removing stm32f1xx_hal_flash.o(i.FLASH_SetErrorCode), (92 bytes).
    Removing stm32f1xx_hal_flash.o(i.FLASH_WaitForLastOperation), (84 bytes).
    Removing stm32f1xx_hal_flash.o(i.HAL_FLASH_EndOfOperationCallback), (2 bytes).
    Removing stm32f1xx_hal_flash.o(i.HAL_FLASH_GetError), (12 bytes).
    Removing stm32f1xx_hal_flash.o(i.HAL_FLASH_IRQHandler), (264 bytes).
    Removing stm32f1xx_hal_flash.o(i.HAL_FLASH_Lock), (20 bytes).
    Removing stm32f1xx_hal_flash.o(i.HAL_FLASH_OB_Launch), (4 bytes).
    Removing stm32f1xx_hal_flash.o(i.HAL_FLASH_OB_Lock), (20 bytes).
    Removing stm32f1xx_hal_flash.o(i.HAL_FLASH_OB_Unlock), (36 bytes).
    Removing stm32f1xx_hal_flash.o(i.HAL_FLASH_OperationErrorCallback), (2 bytes).
    Removing stm32f1xx_hal_flash.o(i.HAL_FLASH_Program), (128 bytes).
    Removing stm32f1xx_hal_flash.o(i.HAL_FLASH_Program_IT), (100 bytes).
    Removing stm32f1xx_hal_flash.o(i.HAL_FLASH_Unlock), (40 bytes).
    Removing stm32f1xx_hal_flash.o(.bss), (32 bytes).
    Removing stm32f1xx_hal_flash_ex.o(.rev16_text), (4 bytes).
    Removing stm32f1xx_hal_flash_ex.o(.revsh_text), (4 bytes).
    Removing stm32f1xx_hal_flash_ex.o(.rrx_text), (6 bytes).
    Removing stm32f1xx_hal_flash_ex.o(i.FLASH_MassErase), (36 bytes).
    Removing stm32f1xx_hal_flash_ex.o(i.FLASH_OB_DisableWRP), (176 bytes).
    Removing stm32f1xx_hal_flash_ex.o(i.FLASH_OB_EnableWRP), (176 bytes).
    Removing stm32f1xx_hal_flash_ex.o(i.FLASH_OB_GetRDP), (24 bytes).
    Removing stm32f1xx_hal_flash_ex.o(i.FLASH_OB_RDP_LevelConfig), (100 bytes).
    Removing stm32f1xx_hal_flash_ex.o(i.FLASH_PageErase), (36 bytes).
    Removing stm32f1xx_hal_flash_ex.o(i.HAL_FLASHEx_Erase), (168 bytes).
    Removing stm32f1xx_hal_flash_ex.o(i.HAL_FLASHEx_Erase_IT), (84 bytes).
    Removing stm32f1xx_hal_flash_ex.o(i.HAL_FLASHEx_OBErase), (84 bytes).
    Removing stm32f1xx_hal_flash_ex.o(i.HAL_FLASHEx_OBGetConfig), (36 bytes).
    Removing stm32f1xx_hal_flash_ex.o(i.HAL_FLASHEx_OBGetUserData), (32 bytes).
    Removing stm32f1xx_hal_flash_ex.o(i.HAL_FLASHEx_OBProgram), (200 bytes).
    Removing stm32f1xx_hal_exti.o(.rev16_text), (4 bytes).
    Removing stm32f1xx_hal_exti.o(.revsh_text), (4 bytes).
    Removing stm32f1xx_hal_exti.o(.rrx_text), (6 bytes).
    Removing stm32f1xx_hal_exti.o(i.HAL_EXTI_ClearConfigLine), (104 bytes).
    Removing stm32f1xx_hal_exti.o(i.HAL_EXTI_ClearPending), (20 bytes).
    Removing stm32f1xx_hal_exti.o(i.HAL_EXTI_GenerateSWI), (20 bytes).
    Removing stm32f1xx_hal_exti.o(i.HAL_EXTI_GetConfigLine), (152 bytes).
    Removing stm32f1xx_hal_exti.o(i.HAL_EXTI_GetHandle), (12 bytes).
    Removing stm32f1xx_hal_exti.o(i.HAL_EXTI_GetPending), (24 bytes).
    Removing stm32f1xx_hal_exti.o(i.HAL_EXTI_IRQHandler), (36 bytes).
    Removing stm32f1xx_hal_exti.o(i.HAL_EXTI_RegisterCallback), (14 bytes).
    Removing stm32f1xx_hal_exti.o(i.HAL_EXTI_SetConfigLine), (164 bytes).
    Removing stm32f1xx_hal_spi.o(.rev16_text), (4 bytes).
    Removing stm32f1xx_hal_spi.o(.revsh_text), (4 bytes).
    Removing stm32f1xx_hal_spi.o(.rrx_text), (6 bytes).
    Removing stm32f1xx_hal_spi.o(i.HAL_SPI_Abort), (288 bytes).
    Removing stm32f1xx_hal_spi.o(i.HAL_SPI_AbortCpltCallback), (2 bytes).
    Removing stm32f1xx_hal_spi.o(i.HAL_SPI_Abort_IT), (288 bytes).
    Removing stm32f1xx_hal_spi.o(i.HAL_SPI_DMAPause), (38 bytes).
    Removing stm32f1xx_hal_spi.o(i.HAL_SPI_DMAResume), (38 bytes).
    Removing stm32f1xx_hal_spi.o(i.HAL_SPI_DMAStop), (66 bytes).
    Removing stm32f1xx_hal_spi.o(i.HAL_SPI_DeInit), (46 bytes).
    Removing stm32f1xx_hal_spi.o(i.HAL_SPI_ErrorCallback), (2 bytes).
    Removing stm32f1xx_hal_spi.o(i.HAL_SPI_GetError), (4 bytes).
    Removing stm32f1xx_hal_spi.o(i.HAL_SPI_GetState), (6 bytes).
    Removing stm32f1xx_hal_spi.o(i.HAL_SPI_IRQHandler), (224 bytes).
    Removing stm32f1xx_hal_spi.o(i.HAL_SPI_MspDeInit), (2 bytes).
    Removing stm32f1xx_hal_spi.o(i.HAL_SPI_MspInit), (2 bytes).
    Removing stm32f1xx_hal_spi.o(i.HAL_SPI_Receive), (336 bytes).
    Removing stm32f1xx_hal_spi.o(i.HAL_SPI_Receive_DMA), (232 bytes).
    Removing stm32f1xx_hal_spi.o(i.HAL_SPI_Receive_IT), (164 bytes).
    Removing stm32f1xx_hal_spi.o(i.HAL_SPI_RxCpltCallback), (2 bytes).
    Removing stm32f1xx_hal_spi.o(i.HAL_SPI_RxHalfCpltCallback), (2 bytes).
    Removing stm32f1xx_hal_spi.o(i.HAL_SPI_Transmit), (348 bytes).
    Removing stm32f1xx_hal_spi.o(i.HAL_SPI_TransmitReceive), (482 bytes).
    Removing stm32f1xx_hal_spi.o(i.HAL_SPI_TransmitReceive_DMA), (292 bytes).
    Removing stm32f1xx_hal_spi.o(i.HAL_SPI_TransmitReceive_IT), (164 bytes).
    Removing stm32f1xx_hal_spi.o(i.HAL_SPI_Transmit_DMA), (204 bytes).
    Removing stm32f1xx_hal_spi.o(i.HAL_SPI_Transmit_IT), (140 bytes).
    Removing stm32f1xx_hal_spi.o(i.HAL_SPI_TxCpltCallback), (2 bytes).
    Removing stm32f1xx_hal_spi.o(i.HAL_SPI_TxHalfCpltCallback), (2 bytes).
    Removing stm32f1xx_hal_spi.o(i.HAL_SPI_TxRxCpltCallback), (2 bytes).
    Removing stm32f1xx_hal_spi.o(i.HAL_SPI_TxRxHalfCpltCallback), (2 bytes).
    Removing stm32f1xx_hal_spi.o(i.SPI_2linesRxISR_16BIT), (48 bytes).
    Removing stm32f1xx_hal_spi.o(i.SPI_2linesRxISR_8BIT), (48 bytes).
    Removing stm32f1xx_hal_spi.o(i.SPI_2linesTxISR_16BIT), (48 bytes).
    Removing stm32f1xx_hal_spi.o(i.SPI_2linesTxISR_8BIT), (48 bytes).
    Removing stm32f1xx_hal_spi.o(i.SPI_AbortRx_ISR), (80 bytes).
    Removing stm32f1xx_hal_spi.o(i.SPI_AbortTx_ISR), (28 bytes).
    Removing stm32f1xx_hal_spi.o(i.SPI_CloseRxTx_ISR), (144 bytes).
    Removing stm32f1xx_hal_spi.o(i.SPI_CloseRx_ISR), (76 bytes).
    Removing stm32f1xx_hal_spi.o(i.SPI_CloseTx_ISR), (124 bytes).
    Removing stm32f1xx_hal_spi.o(i.SPI_DMAAbortOnError), (16 bytes).
    Removing stm32f1xx_hal_spi.o(i.SPI_DMAError), (34 bytes).
    Removing stm32f1xx_hal_spi.o(i.SPI_DMAHalfReceiveCplt), (10 bytes).
    Removing stm32f1xx_hal_spi.o(i.SPI_DMAHalfTransmitCplt), (10 bytes).
    Removing stm32f1xx_hal_spi.o(i.SPI_DMAHalfTransmitReceiveCplt), (10 bytes).
    Removing stm32f1xx_hal_spi.o(i.SPI_DMAReceiveCplt), (84 bytes).
    Removing stm32f1xx_hal_spi.o(i.SPI_DMARxAbortCallback), (98 bytes).
    Removing stm32f1xx_hal_spi.o(i.SPI_DMATransmitCplt), (100 bytes).
    Removing stm32f1xx_hal_spi.o(i.SPI_DMATransmitReceiveCplt), (90 bytes).
    Removing stm32f1xx_hal_spi.o(i.SPI_DMATxAbortCallback), (112 bytes).
    Removing stm32f1xx_hal_spi.o(i.SPI_EndRxTransaction), (92 bytes).
    Removing stm32f1xx_hal_spi.o(i.SPI_EndRxTxTransaction), (32 bytes).
    Removing stm32f1xx_hal_spi.o(i.SPI_RxISR_16BIT), (32 bytes).
    Removing stm32f1xx_hal_spi.o(i.SPI_RxISR_8BIT), (32 bytes).
    Removing stm32f1xx_hal_spi.o(i.SPI_TxISR_16BIT), (32 bytes).
    Removing stm32f1xx_hal_spi.o(i.SPI_TxISR_8BIT), (32 bytes).
    Removing stm32f1xx_hal_spi.o(i.SPI_WaitFlagStateUntilTimeout), (148 bytes).
    Removing stm32f1xx_hal_tim.o(.rev16_text), (4 bytes).
    Removing stm32f1xx_hal_tim.o(.revsh_text), (4 bytes).
    Removing stm32f1xx_hal_tim.o(.rrx_text), (6 bytes).
    Removing stm32f1xx_hal_tim_ex.o(.rev16_text), (4 bytes).
    Removing stm32f1xx_hal_tim_ex.o(.revsh_text), (4 bytes).
    Removing stm32f1xx_hal_tim_ex.o(.rrx_text), (6 bytes).
    Removing stm32f1xx_hal_uart.o(.rev16_text), (4 bytes).
    Removing stm32f1xx_hal_uart.o(.revsh_text), (4 bytes).
    Removing stm32f1xx_hal_uart.o(.rrx_text), (6 bytes).
    Removing stm32f1xx_hal_uart.o(i.HAL_HalfDuplex_EnableReceiver), (50 bytes).
    Removing stm32f1xx_hal_uart.o(i.HAL_HalfDuplex_EnableTransmitter), (50 bytes).
    Removing stm32f1xx_hal_uart.o(i.HAL_HalfDuplex_Init), (108 bytes).
    Removing stm32f1xx_hal_uart.o(i.HAL_LIN_Init), (128 bytes).
    Removing stm32f1xx_hal_uart.o(i.HAL_LIN_SendBreak), (46 bytes).
    Removing stm32f1xx_hal_uart.o(i.HAL_MultiProcessor_EnterMuteMode), (46 bytes).
    Removing stm32f1xx_hal_uart.o(i.HAL_MultiProcessor_ExitMuteMode), (46 bytes).
    Removing stm32f1xx_hal_uart.o(i.HAL_MultiProcessor_Init), (142 bytes).
    Removing stm32f1xx_hal_uart.o(i.HAL_UART_Abort), (138 bytes).
    Removing stm32f1xx_hal_uart.o(i.HAL_UART_AbortCpltCallback), (2 bytes).
    Removing stm32f1xx_hal_uart.o(i.HAL_UART_AbortReceive), (88 bytes).
    Removing stm32f1xx_hal_uart.o(i.HAL_UART_AbortReceiveCpltCallback), (2 bytes).
    Removing stm32f1xx_hal_uart.o(i.HAL_UART_AbortReceive_IT), (92 bytes).
    Removing stm32f1xx_hal_uart.o(i.HAL_UART_AbortTransmit), (78 bytes).
    Removing stm32f1xx_hal_uart.o(i.HAL_UART_AbortTransmitCpltCallback), (2 bytes).
    Removing stm32f1xx_hal_uart.o(i.HAL_UART_AbortTransmit_IT), (84 bytes).
    Removing stm32f1xx_hal_uart.o(i.HAL_UART_Abort_IT), (172 bytes).
    Removing stm32f1xx_hal_uart.o(i.HAL_UART_DMAPause), (102 bytes).
    Removing stm32f1xx_hal_uart.o(i.HAL_UART_DMAResume), (94 bytes).
    Removing stm32f1xx_hal_uart.o(i.HAL_UART_DMAStop), (88 bytes).
    Removing stm32f1xx_hal_uart.o(i.HAL_UART_DeInit), (50 bytes).
    Removing stm32f1xx_hal_uart.o(i.HAL_UART_GetError), (4 bytes).
    Removing stm32f1xx_hal_uart.o(i.HAL_UART_GetState), (10 bytes).
    Removing stm32f1xx_hal_uart.o(i.HAL_UART_MspDeInit), (2 bytes).
    Removing stm32f1xx_hal_uart.o(i.HAL_UART_MspInit), (2 bytes).
    Removing stm32f1xx_hal_uart.o(i.HAL_UART_Receive), (184 bytes).
    Removing stm32f1xx_hal_uart.o(i.HAL_UART_Receive_DMA), (152 bytes).
    Removing stm32f1xx_hal_uart.o(i.HAL_UART_RxHalfCpltCallback), (2 bytes).
    Removing stm32f1xx_hal_uart.o(i.HAL_UART_Transmit_DMA), (128 bytes).
    Removing stm32f1xx_hal_uart.o(i.HAL_UART_Transmit_IT), (62 bytes).
    Removing stm32f1xx_hal_uart.o(i.HAL_UART_TxHalfCpltCallback), (2 bytes).
    Removing stm32f1xx_hal_uart.o(i.UART_DMAError), (74 bytes).
    Removing stm32f1xx_hal_uart.o(i.UART_DMAReceiveCplt), (60 bytes).
    Removing stm32f1xx_hal_uart.o(i.UART_DMARxAbortCallback), (42 bytes).
    Removing stm32f1xx_hal_uart.o(i.UART_DMARxHalfCplt), (10 bytes).
    Removing stm32f1xx_hal_uart.o(i.UART_DMARxOnlyAbortCallback), (20 bytes).
    Removing stm32f1xx_hal_uart.o(i.UART_DMATransmitCplt), (46 bytes).
    Removing stm32f1xx_hal_uart.o(i.UART_DMATxAbortCallback), (42 bytes).
    Removing stm32f1xx_hal_uart.o(i.UART_DMATxHalfCplt), (10 bytes).
    Removing stm32f1xx_hal_uart.o(i.UART_DMATxOnlyAbortCallback), (20 bytes).
    Removing stm32f1xx_hal_uart.o(i.UART_EndTxTransfer), (18 bytes).
    Removing system_stm32f1xx.o(.rev16_text), (4 bytes).
    Removing system_stm32f1xx.o(.revsh_text), (4 bytes).
    Removing system_stm32f1xx.o(.rrx_text), (6 bytes).
    Removing system_stm32f1xx.o(i.SystemCoreClockUpdate), (104 bytes).
    Removing fmul.o(.text), (100 bytes).
    Removing dadd.o(.text), (334 bytes).
    Removing dmul.o(.text), (228 bytes).
    Removing f2d.o(.text), (38 bytes).
    Removing d2f.o(.text), (56 bytes).
    Removing depilogue.o(.text), (186 bytes).
    Removing ddiv.o(.text), (222 bytes).
    Removing dscalb.o(.text), (46 bytes).
    Removing dflti.o(.text), (34 bytes).
    Removing dfixul.o(.text), (48 bytes).
    Removing cdrcmple.o(.text), (48 bytes).
    Removing dsqrt.o(.text), (162 bytes).
    Removing cdcmple.o(.text), (48 bytes).

360 unused section(s) (total 25174 bytes) removed from the image.

==============================================================================

Image Symbol Table

    Local Symbols

    Symbol Name                              Value     Ov Type        Size  Object(Section)

    ../Drivers/STM32F1xx_HAL_Driver/Src/stm32f1xx_hal.c 0x00000000   Number         0  stm32f1xx_hal.o ABSOLUTE
    ../Drivers/STM32F1xx_HAL_Driver/Src/stm32f1xx_hal_cortex.c 0x00000000   Number         0  stm32f1xx_hal_cortex.o ABSOLUTE
    ../Drivers/STM32F1xx_HAL_Driver/Src/stm32f1xx_hal_dma.c 0x00000000   Number         0  stm32f1xx_hal_dma.o ABSOLUTE
    ../Drivers/STM32F1xx_HAL_Driver/Src/stm32f1xx_hal_exti.c 0x00000000   Number         0  stm32f1xx_hal_exti.o ABSOLUTE
    ../Drivers/STM32F1xx_HAL_Driver/Src/stm32f1xx_hal_flash.c 0x00000000   Number         0  stm32f1xx_hal_flash.o ABSOLUTE
    ../Drivers/STM32F1xx_HAL_Driver/Src/stm32f1xx_hal_flash_ex.c 0x00000000   Number         0  stm32f1xx_hal_flash_ex.o ABSOLUTE
    ../Drivers/STM32F1xx_HAL_Driver/Src/stm32f1xx_hal_gpio.c 0x00000000   Number         0  stm32f1xx_hal_gpio.o ABSOLUTE
    ../Drivers/STM32F1xx_HAL_Driver/Src/stm32f1xx_hal_gpio_ex.c 0x00000000   Number         0  stm32f1xx_hal_gpio_ex.o ABSOLUTE
    ../Drivers/STM32F1xx_HAL_Driver/Src/stm32f1xx_hal_i2c.c 0x00000000   Number         0  stm32f1xx_hal_i2c.o ABSOLUTE
    ../Drivers/STM32F1xx_HAL_Driver/Src/stm32f1xx_hal_pwr.c 0x00000000   Number         0  stm32f1xx_hal_pwr.o ABSOLUTE
    ../Drivers/STM32F1xx_HAL_Driver/Src/stm32f1xx_hal_rcc.c 0x00000000   Number         0  stm32f1xx_hal_rcc.o ABSOLUTE
    ../Drivers/STM32F1xx_HAL_Driver/Src/stm32f1xx_hal_rcc_ex.c 0x00000000   Number         0  stm32f1xx_hal_rcc_ex.o ABSOLUTE
    ../Drivers/STM32F1xx_HAL_Driver/Src/stm32f1xx_hal_spi.c 0x00000000   Number         0  stm32f1xx_hal_spi.o ABSOLUTE
    ../Drivers/STM32F1xx_HAL_Driver/Src/stm32f1xx_hal_tim.c 0x00000000   Number         0  stm32f1xx_hal_tim.o ABSOLUTE
    ../Drivers/STM32F1xx_HAL_Driver/Src/stm32f1xx_hal_tim_ex.c 0x00000000   Number         0  stm32f1xx_hal_tim_ex.o ABSOLUTE
    ../Drivers/STM32F1xx_HAL_Driver/Src/stm32f1xx_hal_uart.c 0x00000000   Number         0  stm32f1xx_hal_uart.o ABSOLUTE
    ../Src/main.c                            0x00000000   Number         0  main.o ABSOLUTE
    ../Src/stm32f1xx_hal_msp.c               0x00000000   Number         0  stm32f1xx_hal_msp.o ABSOLUTE
    ../Src/stm32f1xx_it.c                    0x00000000   Number         0  stm32f1xx_it.o ABSOLUTE
    ../Src/system_stm32f1xx.c                0x00000000   Number         0  system_stm32f1xx.o ABSOLUTE
    ../clib/microlib/division.c              0x00000000   Number         0  uldiv.o ABSOLUTE
    ../clib/microlib/division.c              0x00000000   Number         0  uidiv.o ABSOLUTE
    ../clib/microlib/errno.c                 0x00000000   Number         0  errno.o ABSOLUTE
    ../clib/microlib/init/entry.s            0x00000000   Number         0  entry.o ABSOLUTE
    ../clib/microlib/init/entry.s            0x00000000   Number         0  entry10a.o ABSOLUTE
    ../clib/microlib/init/entry.s            0x00000000   Number         0  entry5.o ABSOLUTE
    ../clib/microlib/init/entry.s            0x00000000   Number         0  entry7a.o ABSOLUTE
    ../clib/microlib/init/entry.s            0x00000000   Number         0  entry2.o ABSOLUTE
    ../clib/microlib/init/entry.s            0x00000000   Number         0  entry7b.o ABSOLUTE
    ../clib/microlib/init/entry.s            0x00000000   Number         0  entry8a.o ABSOLUTE
    ../clib/microlib/init/entry.s            0x00000000   Number         0  entry11b.o ABSOLUTE
    ../clib/microlib/init/entry.s            0x00000000   Number         0  entry8b.o ABSOLUTE
    ../clib/microlib/init/entry.s            0x00000000   Number         0  entry11a.o ABSOLUTE
    ../clib/microlib/init/entry.s            0x00000000   Number         0  entry10b.o ABSOLUTE
    ../clib/microlib/init/entry.s            0x00000000   Number         0  entry9a.o ABSOLUTE
    ../clib/microlib/init/entry.s            0x00000000   Number         0  entry9b.o ABSOLUTE
    ../clib/microlib/longlong.c              0x00000000   Number         0  llushr.o ABSOLUTE
    ../clib/microlib/longlong.c              0x00000000   Number         0  llsshr.o ABSOLUTE
    ../clib/microlib/longlong.c              0x00000000   Number         0  llshl.o ABSOLUTE
    ../clib/microlib/printf/printf.c         0x00000000   Number         0  printfb.o ABSOLUTE
    ../clib/microlib/printf/printf.c         0x00000000   Number         0  printf0.o ABSOLUTE
    ../clib/microlib/printf/printf.c         0x00000000   Number         0  printf1.o ABSOLUTE
    ../clib/microlib/printf/printf.c         0x00000000   Number         0  printf3.o ABSOLUTE
    ../clib/microlib/printf/printf.c         0x00000000   Number         0  printf4.o ABSOLUTE
    ../clib/microlib/printf/printf.c         0x00000000   Number         0  printf8.o ABSOLUTE
    ../clib/microlib/printf/printf.c         0x00000000   Number         0  printfa.o ABSOLUTE
    ../clib/microlib/printf/printf.c         0x00000000   Number         0  printf2.o ABSOLUTE
    ../clib/microlib/printf/printf.c         0x00000000   Number         0  printf7.o ABSOLUTE
    ../clib/microlib/printf/printf.c         0x00000000   Number         0  printf6.o ABSOLUTE
    ../clib/microlib/printf/printf.c         0x00000000   Number         0  printf5.o ABSOLUTE
    ../clib/microlib/printf/stubs.s          0x00000000   Number         0  stubs.o ABSOLUTE
    ../clib/microlib/stdio/fputc.c           0x00000000   Number         0  fputc.o ABSOLUTE
    ../clib/microlib/stdio/semi.s            0x00000000   Number         0  semi.o ABSOLUTE
    ../clib/microlib/stdio/streams.c         0x00000000   Number         0  stdout.o ABSOLUTE
    ../clib/microlib/string/memset.c         0x00000000   Number         0  memseta.o ABSOLUTE
    ../clib/microlib/string/strcat.c         0x00000000   Number         0  strcat.o ABSOLUTE
    ../clib/microlib/stubs.s                 0x00000000   Number         0  iusefp.o ABSOLUTE
    ../clib/microlib/stubs.s                 0x00000000   Number         0  iusesemip.o ABSOLUTE
    ../fplib/microlib/d2f.c                  0x00000000   Number         0  d2f.o ABSOLUTE
    ../fplib/microlib/f2d.c                  0x00000000   Number         0  f2d.o ABSOLUTE
    ../fplib/microlib/fpadd.c                0x00000000   Number         0  fadd.o ABSOLUTE
    ../fplib/microlib/fpadd.c                0x00000000   Number         0  dadd.o ABSOLUTE
    ../fplib/microlib/fpdiv.c                0x00000000   Number         0  fdiv.o ABSOLUTE
    ../fplib/microlib/fpdiv.c                0x00000000   Number         0  ddiv.o ABSOLUTE
    ../fplib/microlib/fpepilogue.c           0x00000000   Number         0  depilogue.o ABSOLUTE
    ../fplib/microlib/fpepilogue.c           0x00000000   Number         0  fepilogue.o ABSOLUTE
    ../fplib/microlib/fpfix.c                0x00000000   Number         0  ffixi.o ABSOLUTE
    ../fplib/microlib/fpfix.c                0x00000000   Number         0  dfixul.o ABSOLUTE
    ../fplib/microlib/fpflt.c                0x00000000   Number         0  fflti.o ABSOLUTE
    ../fplib/microlib/fpflt.c                0x00000000   Number         0  dflti.o ABSOLUTE
    ../fplib/microlib/fpmul.c                0x00000000   Number         0  dmul.o ABSOLUTE
    ../fplib/microlib/fpmul.c                0x00000000   Number         0  fmul.o ABSOLUTE
    ../fplib/microlib/fpscalb.c              0x00000000   Number         0  dscalb.o ABSOLUTE
    ../fplib/microlib/fpsqrt.c               0x00000000   Number         0  dsqrt.o ABSOLUTE
    ../mathlib/dunder.c                      0x00000000   Number         0  dunder.o ABSOLUTE
    ../mathlib/fpclassify.c                  0x00000000   Number         0  fpclassify.o ABSOLUTE
    ../mathlib/poly.c                        0x00000000   Number         0  poly.o ABSOLUTE
    ../mathlib/pow.c                         0x00000000   Number         0  pow.o ABSOLUTE
    ../mathlib/pow.c                         0x00000000   Number         0  pow_x.o ABSOLUTE
    ../mathlib/qnan.c                        0x00000000   Number         0  qnan.o ABSOLUTE
    ../mathlib/sqrt.c                        0x00000000   Number         0  sqrt_x.o ABSOLUTE
    ../mathlib/sqrt.c                        0x00000000   Number         0  sqrt.o ABSOLUTE
    ..\Drivers\STM32F1xx_HAL_Driver\Src\stm32f1xx_hal.c 0x00000000   Number         0  stm32f1xx_hal.o ABSOLUTE
    ..\Drivers\STM32F1xx_HAL_Driver\Src\stm32f1xx_hal_cortex.c 0x00000000   Number         0  stm32f1xx_hal_cortex.o ABSOLUTE
    ..\Drivers\STM32F1xx_HAL_Driver\Src\stm32f1xx_hal_dma.c 0x00000000   Number         0  stm32f1xx_hal_dma.o ABSOLUTE
    ..\Drivers\STM32F1xx_HAL_Driver\Src\stm32f1xx_hal_exti.c 0x00000000   Number         0  stm32f1xx_hal_exti.o ABSOLUTE
    ..\Drivers\STM32F1xx_HAL_Driver\Src\stm32f1xx_hal_flash.c 0x00000000   Number         0  stm32f1xx_hal_flash.o ABSOLUTE
    ..\Drivers\STM32F1xx_HAL_Driver\Src\stm32f1xx_hal_flash_ex.c 0x00000000   Number         0  stm32f1xx_hal_flash_ex.o ABSOLUTE
    ..\Drivers\STM32F1xx_HAL_Driver\Src\stm32f1xx_hal_gpio.c 0x00000000   Number         0  stm32f1xx_hal_gpio.o ABSOLUTE
    ..\Drivers\STM32F1xx_HAL_Driver\Src\stm32f1xx_hal_gpio_ex.c 0x00000000   Number         0  stm32f1xx_hal_gpio_ex.o ABSOLUTE
    ..\Drivers\STM32F1xx_HAL_Driver\Src\stm32f1xx_hal_i2c.c 0x00000000   Number         0  stm32f1xx_hal_i2c.o ABSOLUTE
    ..\Drivers\STM32F1xx_HAL_Driver\Src\stm32f1xx_hal_pwr.c 0x00000000   Number         0  stm32f1xx_hal_pwr.o ABSOLUTE
    ..\Drivers\STM32F1xx_HAL_Driver\Src\stm32f1xx_hal_rcc.c 0x00000000   Number         0  stm32f1xx_hal_rcc.o ABSOLUTE
    ..\Drivers\STM32F1xx_HAL_Driver\Src\stm32f1xx_hal_rcc_ex.c 0x00000000   Number         0  stm32f1xx_hal_rcc_ex.o ABSOLUTE
    ..\Drivers\STM32F1xx_HAL_Driver\Src\stm32f1xx_hal_spi.c 0x00000000   Number         0  stm32f1xx_hal_spi.o ABSOLUTE
    ..\Drivers\STM32F1xx_HAL_Driver\Src\stm32f1xx_hal_tim.c 0x00000000   Number         0  stm32f1xx_hal_tim.o ABSOLUTE
    ..\Drivers\STM32F1xx_HAL_Driver\Src\stm32f1xx_hal_tim_ex.c 0x00000000   Number         0  stm32f1xx_hal_tim_ex.o ABSOLUTE
    ..\Drivers\STM32F1xx_HAL_Driver\Src\stm32f1xx_hal_uart.c 0x00000000   Number         0  stm32f1xx_hal_uart.o ABSOLUTE
    ..\Src\BMP085.c                          0x00000000   Number         0  bmp085.o ABSOLUTE
    ..\Src\I2Cdev.c                          0x00000000   Number         0  i2cdev.o ABSOLUTE
    ..\Src\dfplayer.c                        0x00000000   Number         0  dfplayer.o ABSOLUTE
    ..\Src\main.c                            0x00000000   Number         0  main.o ABSOLUTE
    ..\Src\stm32f1xx_hal_msp.c               0x00000000   Number         0  stm32f1xx_hal_msp.o ABSOLUTE
    ..\Src\stm32f1xx_it.c                    0x00000000   Number         0  stm32f1xx_it.o ABSOLUTE
    ..\Src\system_stm32f1xx.c                0x00000000   Number         0  system_stm32f1xx.o ABSOLUTE
    ..\\Src\\BMP085.c                        0x00000000   Number         0  bmp085.o ABSOLUTE
    ..\\Src\\I2Cdev.c                        0x00000000   Number         0  i2cdev.o ABSOLUTE
    ..\\Src\\dfplayer.c                      0x00000000   Number         0  dfplayer.o ABSOLUTE
    cdcmple.s                                0x00000000   Number         0  cdcmple.o ABSOLUTE
    cdrcmple.s                               0x00000000   Number         0  cdrcmple.o ABSOLUTE
    dc.s                                     0x00000000   Number         0  dc.o ABSOLUTE
    handlers.s                               0x00000000   Number         0  handlers.o ABSOLUTE
    init.s                                   0x00000000   Number         0  init.o ABSOLUTE
    startup_stm32f103xb.s                    0x00000000   Number         0  startup_stm32f103xb.o ABSOLUTE
    RESET                                    0x08000000   Section      236  startup_stm32f103xb.o(RESET)
    .ARM.Collect$$$$00000000                 0x080000ec   Section        0  entry.o(.ARM.Collect$$$$00000000)
    .ARM.Collect$$$$00000001                 0x080000ec   Section        4  entry2.o(.ARM.Collect$$$$00000001)
    .ARM.Collect$$$$00000004                 0x080000f0   Section        4  entry5.o(.ARM.Collect$$$$00000004)
    .ARM.Collect$$$$00000008                 0x080000f4   Section        0  entry7b.o(.ARM.Collect$$$$00000008)
    .ARM.Collect$$$$0000000A                 0x080000f4   Section        0  entry8b.o(.ARM.Collect$$$$0000000A)
    .ARM.Collect$$$$0000000B                 0x080000f4   Section        8  entry9a.o(.ARM.Collect$$$$0000000B)
    .ARM.Collect$$$$0000000D                 0x080000fc   Section        0  entry10a.o(.ARM.Collect$$$$0000000D)
    .ARM.Collect$$$$0000000F                 0x080000fc   Section        0  entry11a.o(.ARM.Collect$$$$0000000F)
    .ARM.Collect$$$$00002712                 0x080000fc   Section        4  entry2.o(.ARM.Collect$$$$00002712)
    __lit__00000000                          0x080000fc   Data           4  entry2.o(.ARM.Collect$$$$00002712)
    .text                                    0x08000100   Section       36  startup_stm32f103xb.o(.text)
    .text                                    0x08000124   Section        0  llushr.o(.text)
    .text                                    0x08000144   Section        0  memseta.o(.text)
    .text                                    0x08000168   Section        0  strcat.o(.text)
    .text                                    0x08000180   Section        0  fadd.o(.text)
    .text                                    0x08000230   Section        0  fdiv.o(.text)
    .text                                    0x080002ac   Section        0  fflti.o(.text)
    .text                                    0x080002be   Section        0  ffixi.o(.text)
    .text                                    0x080002f0   Section        0  uldiv.o(.text)
    .text                                    0x08000352   Section        0  llshl.o(.text)
    .text                                    0x08000370   Section        0  iusefp.o(.text)
    .text                                    0x08000370   Section        0  fepilogue.o(.text)
    .text                                    0x080003e0   Section       36  init.o(.text)
    i.BMP085_getMeasureDelayMilliseconds     0x08000404   Section        0  bmp085.o(i.BMP085_getMeasureDelayMilliseconds)
    i.BMP085_getMeasurement3                 0x08000434   Section        0  bmp085.o(i.BMP085_getMeasurement3)
    i.BMP085_getPressure                     0x08000464   Section        0  bmp085.o(i.BMP085_getPressure)
    i.BMP085_getRawPressure                  0x08000508   Section        0  bmp085.o(i.BMP085_getRawPressure)
    i.BMP085_initialize                      0x08000528   Section        0  bmp085.o(i.BMP085_initialize)
    i.BMP085_loadCalibration                 0x0800053c   Section        0  bmp085.o(i.BMP085_loadCalibration)
    i.BMP085_setControl                      0x080005fc   Section        0  bmp085.o(i.BMP085_setControl)
    i.BMP085_testConnection                  0x08000614   Section        0  bmp085.o(i.BMP085_testConnection)
    i.BusFault_Handler                       0x08000634   Section        0  stm32f1xx_it.o(i.BusFault_Handler)
    i.DebugMon_Handler                       0x08000636   Section        0  stm32f1xx_it.o(i.DebugMon_Handler)
    i.HAL_DMA_Abort_IT                       0x08000638   Section        0  stm32f1xx_hal_dma.o(i.HAL_DMA_Abort_IT)
    i.HAL_DMA_GetState                       0x080006d0   Section        0  stm32f1xx_hal_dma.o(i.HAL_DMA_GetState)
    i.HAL_Delay                              0x080006d8   Section        0  stm32f1xx_hal.o(i.HAL_Delay)
    i.HAL_GPIO_Init                          0x080006fc   Section        0  stm32f1xx_hal_gpio.o(i.HAL_GPIO_Init)
    i.HAL_GetTick                            0x080008dc   Section        0  stm32f1xx_hal.o(i.HAL_GetTick)
    i.HAL_I2C_AbortCpltCallback              0x080008e8   Section        0  stm32f1xx_hal_i2c.o(i.HAL_I2C_AbortCpltCallback)
    i.HAL_I2C_AddrCallback                   0x080008ea   Section        0  stm32f1xx_hal_i2c.o(i.HAL_I2C_AddrCallback)
    i.HAL_I2C_EV_IRQHandler                  0x080008ec   Section        0  stm32f1xx_hal_i2c.o(i.HAL_I2C_EV_IRQHandler)
    i.HAL_I2C_ErrorCallback                  0x08000b46   Section        0  stm32f1xx_hal_i2c.o(i.HAL_I2C_ErrorCallback)
    i.HAL_I2C_Init                           0x08000b48   Section        0  stm32f1xx_hal_i2c.o(i.HAL_I2C_Init)
    i.HAL_I2C_IsDeviceReady                  0x08000cbc   Section        0  stm32f1xx_hal_i2c.o(i.HAL_I2C_IsDeviceReady)
    i.HAL_I2C_ListenCpltCallback             0x08000e14   Section        0  stm32f1xx_hal_i2c.o(i.HAL_I2C_ListenCpltCallback)
    i.HAL_I2C_MasterRxCpltCallback           0x08000e16   Section        0  stm32f1xx_hal_i2c.o(i.HAL_I2C_MasterRxCpltCallback)
    i.HAL_I2C_MasterTxCpltCallback           0x08000e18   Section        0  stm32f1xx_hal_i2c.o(i.HAL_I2C_MasterTxCpltCallback)
    i.HAL_I2C_Master_Receive                 0x08000e1c   Section        0  stm32f1xx_hal_i2c.o(i.HAL_I2C_Master_Receive)
    i.HAL_I2C_Master_Transmit                0x08001028   Section        0  stm32f1xx_hal_i2c.o(i.HAL_I2C_Master_Transmit)
    i.HAL_I2C_MemRxCpltCallback              0x08001154   Section        0  stm32f1xx_hal_i2c.o(i.HAL_I2C_MemRxCpltCallback)
    i.HAL_I2C_MemTxCpltCallback              0x08001156   Section        0  stm32f1xx_hal_i2c.o(i.HAL_I2C_MemTxCpltCallback)
    i.HAL_I2C_Mem_Write                      0x08001158   Section        0  stm32f1xx_hal_i2c.o(i.HAL_I2C_Mem_Write)
    i.HAL_I2C_MspInit                        0x08001288   Section        0  stm32f1xx_hal_msp.o(i.HAL_I2C_MspInit)
    i.HAL_I2C_SlaveRxCpltCallback            0x080012f4   Section        0  stm32f1xx_hal_i2c.o(i.HAL_I2C_SlaveRxCpltCallback)
    i.HAL_I2C_SlaveTxCpltCallback            0x080012f6   Section        0  stm32f1xx_hal_i2c.o(i.HAL_I2C_SlaveTxCpltCallback)
    i.HAL_IncTick                            0x080012f8   Section        0  stm32f1xx_hal.o(i.HAL_IncTick)
    i.HAL_Init                               0x08001308   Section        0  stm32f1xx_hal.o(i.HAL_Init)
    i.HAL_InitTick                           0x0800132c   Section        0  stm32f1xx_hal.o(i.HAL_InitTick)
    i.HAL_MspInit                            0x0800136c   Section        0  stm32f1xx_hal_msp.o(i.HAL_MspInit)
    i.HAL_NVIC_EnableIRQ                     0x080013a8   Section        0  stm32f1xx_hal_cortex.o(i.HAL_NVIC_EnableIRQ)
    i.HAL_NVIC_SetPriority                   0x080013c4   Section        0  stm32f1xx_hal_cortex.o(i.HAL_NVIC_SetPriority)
    i.HAL_NVIC_SetPriorityGrouping           0x08001404   Section        0  stm32f1xx_hal_cortex.o(i.HAL_NVIC_SetPriorityGrouping)
    i.HAL_RCC_ClockConfig                    0x08001428   Section        0  stm32f1xx_hal_rcc.o(i.HAL_RCC_ClockConfig)
    i.HAL_RCC_GetPCLK1Freq                   0x08001554   Section        0  stm32f1xx_hal_rcc.o(i.HAL_RCC_GetPCLK1Freq)
    i.HAL_RCC_GetPCLK2Freq                   0x08001574   Section        0  stm32f1xx_hal_rcc.o(i.HAL_RCC_GetPCLK2Freq)
    i.HAL_RCC_GetSysClockFreq                0x08001594   Section        0  stm32f1xx_hal_rcc.o(i.HAL_RCC_GetSysClockFreq)
    i.HAL_RCC_OscConfig                      0x08001600   Section        0  stm32f1xx_hal_rcc.o(i.HAL_RCC_OscConfig)
    i.HAL_SPI_Init                           0x08001920   Section        0  stm32f1xx_hal_spi.o(i.HAL_SPI_Init)
    i.HAL_SPI_MspInit                        0x0800199c   Section        0  stm32f1xx_hal_msp.o(i.HAL_SPI_MspInit)
    i.HAL_SYSTICK_Config                     0x08001a0c   Section        0  stm32f1xx_hal_cortex.o(i.HAL_SYSTICK_Config)
    i.HAL_UART_ErrorCallback                 0x08001a34   Section        0  stm32f1xx_hal_uart.o(i.HAL_UART_ErrorCallback)
    i.HAL_UART_IRQHandler                    0x08001a38   Section        0  stm32f1xx_hal_uart.o(i.HAL_UART_IRQHandler)
    i.HAL_UART_Init                          0x08001b48   Section        0  stm32f1xx_hal_uart.o(i.HAL_UART_Init)
    i.HAL_UART_MspInit                       0x08001bac   Section        0  stm32f1xx_hal_msp.o(i.HAL_UART_MspInit)
    i.HAL_UART_Receive_IT                    0x08001c2c   Section        0  stm32f1xx_hal_uart.o(i.HAL_UART_Receive_IT)
    i.HAL_UART_RxCpltCallback                0x08001c7e   Section        0  stm32f1xx_hal_uart.o(i.HAL_UART_RxCpltCallback)
    i.HAL_UART_Transmit                      0x08001c80   Section        0  stm32f1xx_hal_uart.o(i.HAL_UART_Transmit)
    i.HAL_UART_TxCpltCallback                0x08001d3a   Section        0  stm32f1xx_hal_uart.o(i.HAL_UART_TxCpltCallback)
    i.HardFault_Handler                      0x08001d3c   Section        0  stm32f1xx_it.o(i.HardFault_Handler)
    i.I2C1_EV_IRQHandler                     0x08001d40   Section        0  stm32f1xx_it.o(i.I2C1_EV_IRQHandler)
    i.I2C_DMAAbort                           0x08001d4c   Section        0  stm32f1xx_hal_i2c.o(i.I2C_DMAAbort)
    I2C_DMAAbort                             0x08001d4d   Thumb Code   126  stm32f1xx_hal_i2c.o(i.I2C_DMAAbort)
    i.I2C_ITError                            0x08001dcc   Section        0  stm32f1xx_hal_i2c.o(i.I2C_ITError)
    I2C_ITError                              0x08001dcd   Thumb Code   312  stm32f1xx_hal_i2c.o(i.I2C_ITError)
    i.I2C_IsAcknowledgeFailed                0x08001f0c   Section        0  stm32f1xx_hal_i2c.o(i.I2C_IsAcknowledgeFailed)
    I2C_IsAcknowledgeFailed                  0x08001f0d   Thumb Code    46  stm32f1xx_hal_i2c.o(i.I2C_IsAcknowledgeFailed)
    i.I2C_MasterReceive_BTF                  0x08001f3a   Section        0  stm32f1xx_hal_i2c.o(i.I2C_MasterReceive_BTF)
    I2C_MasterReceive_BTF                    0x08001f3b   Thumb Code   210  stm32f1xx_hal_i2c.o(i.I2C_MasterReceive_BTF)
    i.I2C_MasterReceive_RXNE                 0x0800200c   Section        0  stm32f1xx_hal_i2c.o(i.I2C_MasterReceive_RXNE)
    I2C_MasterReceive_RXNE                   0x0800200d   Thumb Code   146  stm32f1xx_hal_i2c.o(i.I2C_MasterReceive_RXNE)
    i.I2C_MasterRequestRead                  0x0800209e   Section        0  stm32f1xx_hal_i2c.o(i.I2C_MasterRequestRead)
    I2C_MasterRequestRead                    0x0800209f   Thumb Code   212  stm32f1xx_hal_i2c.o(i.I2C_MasterRequestRead)
    i.I2C_MasterRequestWrite                 0x08002174   Section        0  stm32f1xx_hal_i2c.o(i.I2C_MasterRequestWrite)
    I2C_MasterRequestWrite                   0x08002175   Thumb Code   132  stm32f1xx_hal_i2c.o(i.I2C_MasterRequestWrite)
    i.I2C_MasterTransmit_BTF                 0x080021fc   Section        0  stm32f1xx_hal_i2c.o(i.I2C_MasterTransmit_BTF)
    I2C_MasterTransmit_BTF                   0x080021fd   Thumb Code   130  stm32f1xx_hal_i2c.o(i.I2C_MasterTransmit_BTF)
    i.I2C_MasterTransmit_TXE                 0x08002280   Section        0  stm32f1xx_hal_i2c.o(i.I2C_MasterTransmit_TXE)
    I2C_MasterTransmit_TXE                   0x08002281   Thumb Code   260  stm32f1xx_hal_i2c.o(i.I2C_MasterTransmit_TXE)
    i.I2C_Master_ADDR                        0x08002384   Section        0  stm32f1xx_hal_i2c.o(i.I2C_Master_ADDR)
    I2C_Master_ADDR                          0x08002385   Thumb Code   340  stm32f1xx_hal_i2c.o(i.I2C_Master_ADDR)
    i.I2C_Master_SB                          0x080024dc   Section        0  stm32f1xx_hal_i2c.o(i.I2C_Master_SB)
    I2C_Master_SB                            0x080024dd   Thumb Code   142  stm32f1xx_hal_i2c.o(i.I2C_Master_SB)
    i.I2C_RequestMemoryWrite                 0x0800256c   Section        0  stm32f1xx_hal_i2c.o(i.I2C_RequestMemoryWrite)
    I2C_RequestMemoryWrite                   0x0800256d   Thumb Code   144  stm32f1xx_hal_i2c.o(i.I2C_RequestMemoryWrite)
    i.I2C_Slave_STOPF                        0x08002600   Section        0  stm32f1xx_hal_i2c.o(i.I2C_Slave_STOPF)
    I2C_Slave_STOPF                          0x08002601   Thumb Code   338  stm32f1xx_hal_i2c.o(i.I2C_Slave_STOPF)
    i.I2C_WaitOnBTFFlagUntilTimeout          0x0800275c   Section        0  stm32f1xx_hal_i2c.o(i.I2C_WaitOnBTFFlagUntilTimeout)
    I2C_WaitOnBTFFlagUntilTimeout            0x0800275d   Thumb Code    76  stm32f1xx_hal_i2c.o(i.I2C_WaitOnBTFFlagUntilTimeout)
    i.I2C_WaitOnFlagUntilTimeout             0x080027a8   Section        0  stm32f1xx_hal_i2c.o(i.I2C_WaitOnFlagUntilTimeout)
    I2C_WaitOnFlagUntilTimeout               0x080027a9   Thumb Code   104  stm32f1xx_hal_i2c.o(i.I2C_WaitOnFlagUntilTimeout)
    i.I2C_WaitOnMasterAddressFlagUntilTimeout 0x08002810   Section        0  stm32f1xx_hal_i2c.o(i.I2C_WaitOnMasterAddressFlagUntilTimeout)
    I2C_WaitOnMasterAddressFlagUntilTimeout  0x08002811   Thumb Code   150  stm32f1xx_hal_i2c.o(i.I2C_WaitOnMasterAddressFlagUntilTimeout)
    i.I2C_WaitOnRXNEFlagUntilTimeout         0x080028a6   Section        0  stm32f1xx_hal_i2c.o(i.I2C_WaitOnRXNEFlagUntilTimeout)
    I2C_WaitOnRXNEFlagUntilTimeout           0x080028a7   Thumb Code   102  stm32f1xx_hal_i2c.o(i.I2C_WaitOnRXNEFlagUntilTimeout)
    i.I2C_WaitOnTXEFlagUntilTimeout          0x0800290c   Section        0  stm32f1xx_hal_i2c.o(i.I2C_WaitOnTXEFlagUntilTimeout)
    I2C_WaitOnTXEFlagUntilTimeout            0x0800290d   Thumb Code    76  stm32f1xx_hal_i2c.o(i.I2C_WaitOnTXEFlagUntilTimeout)
    i.I2Cdev_init                            0x08002958   Section        0  i2cdev.o(i.I2Cdev_init)
    i.I2Cdev_readByte                        0x08002964   Section        0  i2cdev.o(i.I2Cdev_readByte)
    i.I2Cdev_readBytes                       0x08002974   Section        0  i2cdev.o(i.I2Cdev_readBytes)
    i.I2Cdev_writeByte                       0x080029b8   Section        0  i2cdev.o(i.I2Cdev_writeByte)
    i.I2Cdev_writeBytes                      0x080029c4   Section        0  i2cdev.o(i.I2Cdev_writeBytes)
    i.MX_SPI1_Init                           0x080029f0   Section        0  main.o(i.MX_SPI1_Init)
    MX_SPI1_Init                             0x080029f1   Thumb Code    46  main.o(i.MX_SPI1_Init)
    i.MemManage_Handler                      0x08002a28   Section        0  stm32f1xx_it.o(i.MemManage_Handler)
    i.NMI_Handler                            0x08002a2a   Section        0  stm32f1xx_it.o(i.NMI_Handler)
    i.PendSV_Handler                         0x08002a2c   Section        0  stm32f1xx_it.o(i.PendSV_Handler)
    i.SVC_Handler                            0x08002a2e   Section        0  stm32f1xx_it.o(i.SVC_Handler)
    i.SysTick_Handler                        0x08002a30   Section        0  stm32f1xx_it.o(i.SysTick_Handler)
    i.SystemClock_Config                     0x08002a88   Section        0  main.o(i.SystemClock_Config)
    i.SystemInit                             0x08002ad4   Section        0  system_stm32f1xx.o(i.SystemInit)
    i.UART_DMAAbortOnError                   0x08002b1c   Section        0  stm32f1xx_hal_uart.o(i.UART_DMAAbortOnError)
    UART_DMAAbortOnError                     0x08002b1d   Thumb Code    16  stm32f1xx_hal_uart.o(i.UART_DMAAbortOnError)
    i.UART_EndRxTransfer                     0x08002b2c   Section        0  stm32f1xx_hal_uart.o(i.UART_EndRxTransfer)
    UART_EndRxTransfer                       0x08002b2d   Thumb Code    28  stm32f1xx_hal_uart.o(i.UART_EndRxTransfer)
    i.UART_Receive_IT                        0x08002b48   Section        0  stm32f1xx_hal_uart.o(i.UART_Receive_IT)
    UART_Receive_IT                          0x08002b49   Thumb Code   150  stm32f1xx_hal_uart.o(i.UART_Receive_IT)
    i.UART_SetConfig                         0x08002be0   Section        0  stm32f1xx_hal_uart.o(i.UART_SetConfig)
    UART_SetConfig                           0x08002be1   Thumb Code   178  stm32f1xx_hal_uart.o(i.UART_SetConfig)
    i.UART_Transmit_IT                       0x08002c98   Section        0  stm32f1xx_hal_uart.o(i.UART_Transmit_IT)
    UART_Transmit_IT                         0x08002c99   Thumb Code    98  stm32f1xx_hal_uart.o(i.UART_Transmit_IT)
    i.UART_WaitOnFlagUntilTimeout            0x08002cfa   Section        0  stm32f1xx_hal_uart.o(i.UART_WaitOnFlagUntilTimeout)
    UART_WaitOnFlagUntilTimeout              0x08002cfb   Thumb Code   100  stm32f1xx_hal_uart.o(i.UART_WaitOnFlagUntilTimeout)
    i.USART1_IRQHandler                      0x08002d60   Section        0  stm32f1xx_it.o(i.USART1_IRQHandler)
    i.UsageFault_Handler                     0x08002d6c   Section        0  stm32f1xx_it.o(i.UsageFault_Handler)
    i.__0sprintf$5                           0x08002d70   Section        0  printf5.o(i.__0sprintf$5)
    i.__NVIC_SetPriority                     0x08002d98   Section        0  stm32f1xx_hal_cortex.o(i.__NVIC_SetPriority)
    __NVIC_SetPriority                       0x08002d99   Thumb Code    32  stm32f1xx_hal_cortex.o(i.__NVIC_SetPriority)
    i.__scatterload_copy                     0x08002db8   Section       14  handlers.o(i.__scatterload_copy)
    i.__scatterload_null                     0x08002dc6   Section        2  handlers.o(i.__scatterload_null)
    i.__scatterload_zeroinit                 0x08002dc8   Section       14  handlers.o(i.__scatterload_zeroinit)
    i._printf_core                           0x08002dd8   Section        0  printf5.o(i._printf_core)
    _printf_core                             0x08002dd9   Thumb Code   658  printf5.o(i._printf_core)
    i._sputc                                 0x08003098   Section        0  printf5.o(i._sputc)
    _sputc                                   0x08003099   Thumb Code    10  printf5.o(i._sputc)
    i.avrg_measure                           0x080030a4   Section        0  main.o(i.avrg_measure)
    i.i2c_scanner                            0x08003100   Section        0  main.o(i.i2c_scanner)
    i.main                                   0x08003158   Section        0  main.o(i.main)
    i.mp3_play                               0x080032c4   Section        0  dfplayer.o(i.mp3_play)
    .constdata                               0x080032fc   Section       16  system_stm32f1xx.o(.constdata)
    .constdata                               0x0800330c   Section        8  system_stm32f1xx.o(.constdata)
    .data                                    0x20000000   Section       36  bmp085.o(.data)
    devAddr                                  0x20000000   Data           1  bmp085.o(.data)
    measureMode                              0x20000001   Data           1  bmp085.o(.data)
    ac1                                      0x20000002   Data           2  bmp085.o(.data)
    ac2                                      0x20000004   Data           2  bmp085.o(.data)
    ac3                                      0x20000006   Data           2  bmp085.o(.data)
    b1                                       0x20000008   Data           2  bmp085.o(.data)
    b2                                       0x2000000a   Data           2  bmp085.o(.data)
    mb                                       0x2000000c   Data           2  bmp085.o(.data)
    mc                                       0x2000000e   Data           2  bmp085.o(.data)
    md                                       0x20000010   Data           2  bmp085.o(.data)
    ac4                                      0x20000012   Data           2  bmp085.o(.data)
    ac5                                      0x20000014   Data           2  bmp085.o(.data)
    ac6                                      0x20000016   Data           2  bmp085.o(.data)
    buffer                                   0x20000018   Data           3  bmp085.o(.data)
    calibrationLoaded                        0x2000001c   Data           4  bmp085.o(.data)
    b5                                       0x20000020   Data           4  bmp085.o(.data)
    .data                                    0x20000024   Section        8  i2cdev.o(.data)
    I2Cdev_hi2c                              0x20000028   Data           4  i2cdev.o(.data)
    .data                                    0x2000002c   Section       24  main.o(.data)
    .data                                    0x20000044   Section        4  stm32f1xx_it.o(.data)
    second                                   0x20000044   Data           1  stm32f1xx_it.o(.data)
    minute                                   0x20000045   Data           1  stm32f1xx_it.o(.data)
    tick                                     0x20000046   Data           2  stm32f1xx_it.o(.data)
    .data                                    0x20000048   Section       10  dfplayer.o(.data)
    .data                                    0x20000054   Section       12  stm32f1xx_hal.o(.data)
    .data                                    0x20000060   Section        4  system_stm32f1xx.o(.data)
    .bss                                     0x20000064   Section      394  main.o(.bss)
    STACK                                    0x200001f0   Section     1024  startup_stm32f103xb.o(STACK)

    Global Symbols

    Symbol Name                              Value     Ov Type        Size  Object(Section)

    BuildAttributes$$THM_ISAv4$P$D$K$B$S$PE$A:L22UL41UL21$X:L11$S22US41US21$IEEE1$IW$USESV6$~STKCKD$USESV7$~SHL$OTIME$ROPI$IEEEX$EBA8$MICROLIB$REQ8$PRES8$EABIv2 0x00000000   Number         0  anon$$obj.o ABSOLUTE
    __ARM_use_no_argv                        0x00000000   Number         0  main.o ABSOLUTE
    _printf_a                                0x00000000   Number         0  stubs.o ABSOLUTE
    _printf_c                                0x00000000   Number         0  stubs.o ABSOLUTE
    _printf_charcount                        0x00000000   Number         0  stubs.o ABSOLUTE
    _printf_d                                0x00000000   Number         0  stubs.o ABSOLUTE
    _printf_e                                0x00000000   Number         0  stubs.o ABSOLUTE
    _printf_f                                0x00000000   Number         0  stubs.o ABSOLUTE
    _printf_flags                            0x00000000   Number         0  stubs.o ABSOLUTE
    _printf_fp_dec                           0x00000000   Number         0  stubs.o ABSOLUTE
    _printf_fp_hex                           0x00000000   Number         0  stubs.o ABSOLUTE
    _printf_g                                0x00000000   Number         0  stubs.o ABSOLUTE
    _printf_i                                0x00000000   Number         0  stubs.o ABSOLUTE
    _printf_int_dec                          0x00000000   Number         0  stubs.o ABSOLUTE
    _printf_l                                0x00000000   Number         0  stubs.o ABSOLUTE
    _printf_lc                               0x00000000   Number         0  stubs.o ABSOLUTE
    _printf_ll                               0x00000000   Number         0  stubs.o ABSOLUTE
    _printf_lld                              0x00000000   Number         0  stubs.o ABSOLUTE
    _printf_lli                              0x00000000   Number         0  stubs.o ABSOLUTE
    _printf_llo                              0x00000000   Number         0  stubs.o ABSOLUTE
    _printf_llu                              0x00000000   Number         0  stubs.o ABSOLUTE
    _printf_llx                              0x00000000   Number         0  stubs.o ABSOLUTE
    _printf_longlong_dec                     0x00000000   Number         0  stubs.o ABSOLUTE
    _printf_longlong_hex                     0x00000000   Number         0  stubs.o ABSOLUTE
    _printf_longlong_oct                     0x00000000   Number         0  stubs.o ABSOLUTE
    _printf_ls                               0x00000000   Number         0  stubs.o ABSOLUTE
    _printf_mbtowc                           0x00000000   Number         0  stubs.o ABSOLUTE
    _printf_n                                0x00000000   Number         0  stubs.o ABSOLUTE
    _printf_o                                0x00000000   Number         0  stubs.o ABSOLUTE
    _printf_p                                0x00000000   Number         0  stubs.o ABSOLUTE
    _printf_percent                          0x00000000   Number         0  stubs.o ABSOLUTE
    _printf_pre_padding                      0x00000000   Number         0  stubs.o ABSOLUTE
    _printf_return_value                     0x00000000   Number         0  stubs.o ABSOLUTE
    _printf_s                                0x00000000   Number         0  stubs.o ABSOLUTE
    _printf_sizespec                         0x00000000   Number         0  stubs.o ABSOLUTE
    _printf_str                              0x00000000   Number         0  stubs.o ABSOLUTE
    _printf_truncate_signed                  0x00000000   Number         0  stubs.o ABSOLUTE
    _printf_truncate_unsigned                0x00000000   Number         0  stubs.o ABSOLUTE
    _printf_u                                0x00000000   Number         0  stubs.o ABSOLUTE
    _printf_wc                               0x00000000   Number         0  stubs.o ABSOLUTE
    _printf_wctomb                           0x00000000   Number         0  stubs.o ABSOLUTE
    _printf_widthprec                        0x00000000   Number         0  stubs.o ABSOLUTE
    _printf_x                                0x00000000   Number         0  stubs.o ABSOLUTE
    __cpp_initialize__aeabi_                  - Undefined Weak Reference
    __cxa_finalize                            - Undefined Weak Reference
    __decompress                              - Undefined Weak Reference
    _clock_init                               - Undefined Weak Reference
    _microlib_exit                            - Undefined Weak Reference
    __Vectors_Size                           0x000000ec   Number         0  startup_stm32f103xb.o ABSOLUTE
    __Vectors                                0x08000000   Data           4  startup_stm32f103xb.o(RESET)
    __Vectors_End                            0x080000ec   Data           0  startup_stm32f103xb.o(RESET)
    __main                                   0x080000ed   Thumb Code     0  entry.o(.ARM.Collect$$$$00000000)
    _main_stk                                0x080000ed   Thumb Code     0  entry2.o(.ARM.Collect$$$$00000001)
    _main_scatterload                        0x080000f1   Thumb Code     0  entry5.o(.ARM.Collect$$$$00000004)
    __main_after_scatterload                 0x080000f5   Thumb Code     0  entry5.o(.ARM.Collect$$$$00000004)
    _main_clock                              0x080000f5   Thumb Code     0  entry7b.o(.ARM.Collect$$$$00000008)
    _main_cpp_init                           0x080000f5   Thumb Code     0  entry8b.o(.ARM.Collect$$$$0000000A)
    _main_init                               0x080000f5   Thumb Code     0  entry9a.o(.ARM.Collect$$$$0000000B)
    __rt_final_cpp                           0x080000fd   Thumb Code     0  entry10a.o(.ARM.Collect$$$$0000000D)
    __rt_final_exit                          0x080000fd   Thumb Code     0  entry11a.o(.ARM.Collect$$$$0000000F)
    Reset_Handler                            0x08000101   Thumb Code     8  startup_stm32f103xb.o(.text)
    ADC1_2_IRQHandler                        0x0800011b   Thumb Code     0  startup_stm32f103xb.o(.text)
    CAN1_RX1_IRQHandler                      0x0800011b   Thumb Code     0  startup_stm32f103xb.o(.text)
    CAN1_SCE_IRQHandler                      0x0800011b   Thumb Code     0  startup_stm32f103xb.o(.text)
    DMA1_Channel1_IRQHandler                 0x0800011b   Thumb Code     0  startup_stm32f103xb.o(.text)
    DMA1_Channel2_IRQHandler                 0x0800011b   Thumb Code     0  startup_stm32f103xb.o(.text)
    DMA1_Channel3_IRQHandler                 0x0800011b   Thumb Code     0  startup_stm32f103xb.o(.text)
    DMA1_Channel4_IRQHandler                 0x0800011b   Thumb Code     0  startup_stm32f103xb.o(.text)
    DMA1_Channel5_IRQHandler                 0x0800011b   Thumb Code     0  startup_stm32f103xb.o(.text)
    DMA1_Channel6_IRQHandler                 0x0800011b   Thumb Code     0  startup_stm32f103xb.o(.text)
    DMA1_Channel7_IRQHandler                 0x0800011b   Thumb Code     0  startup_stm32f103xb.o(.text)
    EXTI0_IRQHandler                         0x0800011b   Thumb Code     0  startup_stm32f103xb.o(.text)
    EXTI15_10_IRQHandler                     0x0800011b   Thumb Code     0  startup_stm32f103xb.o(.text)
    EXTI1_IRQHandler                         0x0800011b   Thumb Code     0  startup_stm32f103xb.o(.text)
    EXTI2_IRQHandler                         0x0800011b   Thumb Code     0  startup_stm32f103xb.o(.text)
    EXTI3_IRQHandler                         0x0800011b   Thumb Code     0  startup_stm32f103xb.o(.text)
    EXTI4_IRQHandler                         0x0800011b   Thumb Code     0  startup_stm32f103xb.o(.text)
    EXTI9_5_IRQHandler                       0x0800011b   Thumb Code     0  startup_stm32f103xb.o(.text)
    FLASH_IRQHandler                         0x0800011b   Thumb Code     0  startup_stm32f103xb.o(.text)
    I2C1_ER_IRQHandler                       0x0800011b   Thumb Code     0  startup_stm32f103xb.o(.text)
    I2C2_ER_IRQHandler                       0x0800011b   Thumb Code     0  startup_stm32f103xb.o(.text)
    I2C2_EV_IRQHandler                       0x0800011b   Thumb Code     0  startup_stm32f103xb.o(.text)
    PVD_IRQHandler                           0x0800011b   Thumb Code     0  startup_stm32f103xb.o(.text)
    RCC_IRQHandler                           0x0800011b   Thumb Code     0  startup_stm32f103xb.o(.text)
    RTC_Alarm_IRQHandler                     0x0800011b   Thumb Code     0  startup_stm32f103xb.o(.text)
    RTC_IRQHandler                           0x0800011b   Thumb Code     0  startup_stm32f103xb.o(.text)
    SPI1_IRQHandler                          0x0800011b   Thumb Code     0  startup_stm32f103xb.o(.text)
    SPI2_IRQHandler                          0x0800011b   Thumb Code     0  startup_stm32f103xb.o(.text)
    TAMPER_IRQHandler                        0x0800011b   Thumb Code     0  startup_stm32f103xb.o(.text)
    TIM1_BRK_IRQHandler                      0x0800011b   Thumb Code     0  startup_stm32f103xb.o(.text)
    TIM1_CC_IRQHandler                       0x0800011b   Thumb Code     0  startup_stm32f103xb.o(.text)
    TIM1_TRG_COM_IRQHandler                  0x0800011b   Thumb Code     0  startup_stm32f103xb.o(.text)
    TIM1_UP_IRQHandler                       0x0800011b   Thumb Code     0  startup_stm32f103xb.o(.text)
    TIM2_IRQHandler                          0x0800011b   Thumb Code     0  startup_stm32f103xb.o(.text)
    TIM3_IRQHandler                          0x0800011b   Thumb Code     0  startup_stm32f103xb.o(.text)
    TIM4_IRQHandler                          0x0800011b   Thumb Code     0  startup_stm32f103xb.o(.text)
    USART2_IRQHandler                        0x0800011b   Thumb Code     0  startup_stm32f103xb.o(.text)
    USART3_IRQHandler                        0x0800011b   Thumb Code     0  startup_stm32f103xb.o(.text)
    USBWakeUp_IRQHandler                     0x0800011b   Thumb Code     0  startup_stm32f103xb.o(.text)
    USB_HP_CAN1_TX_IRQHandler                0x0800011b   Thumb Code     0  startup_stm32f103xb.o(.text)
    USB_LP_CAN1_RX0_IRQHandler               0x0800011b   Thumb Code     0  startup_stm32f103xb.o(.text)
    WWDG_IRQHandler                          0x0800011b   Thumb Code     0  startup_stm32f103xb.o(.text)
    __aeabi_llsr                             0x08000125   Thumb Code    32  llushr.o(.text)
    _ll_ushift_r                             0x08000125   Thumb Code     0  llushr.o(.text)
    __aeabi_memset                           0x08000145   Thumb Code    14  memseta.o(.text)
    __aeabi_memset4                          0x08000145   Thumb Code     0  memseta.o(.text)
    __aeabi_memset8                          0x08000145   Thumb Code     0  memseta.o(.text)
    __aeabi_memclr                           0x08000153   Thumb Code     4  memseta.o(.text)
    __aeabi_memclr4                          0x08000153   Thumb Code     0  memseta.o(.text)
    __aeabi_memclr8                          0x08000153   Thumb Code     0  memseta.o(.text)
    _memset$wrapper                          0x08000157   Thumb Code    18  memseta.o(.text)
    strcat                                   0x08000169   Thumb Code    24  strcat.o(.text)
    __aeabi_fadd                             0x08000181   Thumb Code   164  fadd.o(.text)
    __aeabi_fsub                             0x08000225   Thumb Code     6  fadd.o(.text)
    __aeabi_frsub                            0x0800022b   Thumb Code     6  fadd.o(.text)
    __aeabi_fdiv                             0x08000231   Thumb Code   124  fdiv.o(.text)
    __aeabi_i2f                              0x080002ad   Thumb Code    18  fflti.o(.text)
    __aeabi_f2iz                             0x080002bf   Thumb Code    50  ffixi.o(.text)
    __aeabi_uldivmod                         0x080002f1   Thumb Code    98  uldiv.o(.text)
    __aeabi_llsl                             0x08000353   Thumb Code    30  llshl.o(.text)
    _ll_shift_l                              0x08000353   Thumb Code     0  llshl.o(.text)
    __I$use$fp                               0x08000371   Thumb Code     0  iusefp.o(.text)
    _float_round                             0x08000371   Thumb Code    18  fepilogue.o(.text)
    _float_epilogue                          0x08000383   Thumb Code    92  fepilogue.o(.text)
    __scatterload                            0x080003e1   Thumb Code    28  init.o(.text)
    __scatterload_rt2                        0x080003e1   Thumb Code     0  init.o(.text)
    BMP085_getMeasureDelayMilliseconds       0x08000405   Thumb Code    44  bmp085.o(i.BMP085_getMeasureDelayMilliseconds)
    BMP085_getMeasurement3                   0x08000435   Thumb Code    42  bmp085.o(i.BMP085_getMeasurement3)
    BMP085_getPressure                       0x08000465   Thumb Code   154  bmp085.o(i.BMP085_getPressure)
    BMP085_getRawPressure                    0x08000509   Thumb Code    28  bmp085.o(i.BMP085_getRawPressure)
    BMP085_initialize                        0x08000529   Thumb Code    14  bmp085.o(i.BMP085_initialize)
    BMP085_loadCalibration                   0x0800053d   Thumb Code   186  bmp085.o(i.BMP085_loadCalibration)
    BMP085_setControl                        0x080005fd   Thumb Code    20  bmp085.o(i.BMP085_setControl)
    BMP085_testConnection                    0x08000615   Thumb Code    26  bmp085.o(i.BMP085_testConnection)
    BusFault_Handler                         0x08000635   Thumb Code     2  stm32f1xx_it.o(i.BusFault_Handler)
    DebugMon_Handler                         0x08000637   Thumb Code     2  stm32f1xx_it.o(i.DebugMon_Handler)
    HAL_DMA_Abort_IT                         0x08000639   Thumb Code   148  stm32f1xx_hal_dma.o(i.HAL_DMA_Abort_IT)
    HAL_DMA_GetState                         0x080006d1   Thumb Code     6  stm32f1xx_hal_dma.o(i.HAL_DMA_GetState)
    HAL_Delay                                0x080006d9   Thumb Code    32  stm32f1xx_hal.o(i.HAL_Delay)
    HAL_GPIO_Init                            0x080006fd   Thumb Code   446  stm32f1xx_hal_gpio.o(i.HAL_GPIO_Init)
    HAL_GetTick                              0x080008dd   Thumb Code     6  stm32f1xx_hal.o(i.HAL_GetTick)
    HAL_I2C_AbortCpltCallback                0x080008e9   Thumb Code     2  stm32f1xx_hal_i2c.o(i.HAL_I2C_AbortCpltCallback)
    HAL_I2C_AddrCallback                     0x080008eb   Thumb Code     2  stm32f1xx_hal_i2c.o(i.HAL_I2C_AddrCallback)
    HAL_I2C_EV_IRQHandler                    0x080008ed   Thumb Code   602  stm32f1xx_hal_i2c.o(i.HAL_I2C_EV_IRQHandler)
    HAL_I2C_ErrorCallback                    0x08000b47   Thumb Code     2  stm32f1xx_hal_i2c.o(i.HAL_I2C_ErrorCallback)
    HAL_I2C_Init                             0x08000b49   Thumb Code   356  stm32f1xx_hal_i2c.o(i.HAL_I2C_Init)
    HAL_I2C_IsDeviceReady                    0x08000cbd   Thumb Code   336  stm32f1xx_hal_i2c.o(i.HAL_I2C_IsDeviceReady)
    HAL_I2C_ListenCpltCallback               0x08000e15   Thumb Code     2  stm32f1xx_hal_i2c.o(i.HAL_I2C_ListenCpltCallback)
    HAL_I2C_MasterRxCpltCallback             0x08000e17   Thumb Code     2  stm32f1xx_hal_i2c.o(i.HAL_I2C_MasterRxCpltCallback)
    HAL_I2C_MasterTxCpltCallback             0x08000e19   Thumb Code     2  stm32f1xx_hal_i2c.o(i.HAL_I2C_MasterTxCpltCallback)
    HAL_I2C_Master_Receive                   0x08000e1d   Thumb Code   512  stm32f1xx_hal_i2c.o(i.HAL_I2C_Master_Receive)
    HAL_I2C_Master_Transmit                  0x08001029   Thumb Code   290  stm32f1xx_hal_i2c.o(i.HAL_I2C_Master_Transmit)
    HAL_I2C_MemRxCpltCallback                0x08001155   Thumb Code     2  stm32f1xx_hal_i2c.o(i.HAL_I2C_MemRxCpltCallback)
    HAL_I2C_MemTxCpltCallback                0x08001157   Thumb Code     2  stm32f1xx_hal_i2c.o(i.HAL_I2C_MemTxCpltCallback)
    HAL_I2C_Mem_Write                        0x08001159   Thumb Code   294  stm32f1xx_hal_i2c.o(i.HAL_I2C_Mem_Write)
    HAL_I2C_MspInit                          0x08001289   Thumb Code    96  stm32f1xx_hal_msp.o(i.HAL_I2C_MspInit)
    HAL_I2C_SlaveRxCpltCallback              0x080012f5   Thumb Code     2  stm32f1xx_hal_i2c.o(i.HAL_I2C_SlaveRxCpltCallback)
    HAL_I2C_SlaveTxCpltCallback              0x080012f7   Thumb Code     2  stm32f1xx_hal_i2c.o(i.HAL_I2C_SlaveTxCpltCallback)
    HAL_IncTick                              0x080012f9   Thumb Code    12  stm32f1xx_hal.o(i.HAL_IncTick)
    HAL_Init                                 0x08001309   Thumb Code    32  stm32f1xx_hal.o(i.HAL_Init)
    HAL_InitTick                             0x0800132d   Thumb Code    54  stm32f1xx_hal.o(i.HAL_InitTick)
    HAL_MspInit                              0x0800136d   Thumb Code    52  stm32f1xx_hal_msp.o(i.HAL_MspInit)
    HAL_NVIC_EnableIRQ                       0x080013a9   Thumb Code    26  stm32f1xx_hal_cortex.o(i.HAL_NVIC_EnableIRQ)
    HAL_NVIC_SetPriority                     0x080013c5   Thumb Code    60  stm32f1xx_hal_cortex.o(i.HAL_NVIC_SetPriority)
    HAL_NVIC_SetPriorityGrouping             0x08001405   Thumb Code    26  stm32f1xx_hal_cortex.o(i.HAL_NVIC_SetPriorityGrouping)
    HAL_RCC_ClockConfig                      0x08001429   Thumb Code   280  stm32f1xx_hal_rcc.o(i.HAL_RCC_ClockConfig)
    HAL_RCC_GetPCLK1Freq                     0x08001555   Thumb Code    20  stm32f1xx_hal_rcc.o(i.HAL_RCC_GetPCLK1Freq)
    HAL_RCC_GetPCLK2Freq                     0x08001575   Thumb Code    20  stm32f1xx_hal_rcc.o(i.HAL_RCC_GetPCLK2Freq)
    HAL_RCC_GetSysClockFreq                  0x08001595   Thumb Code    74  stm32f1xx_hal_rcc.o(i.HAL_RCC_GetSysClockFreq)
    HAL_RCC_OscConfig                        0x08001601   Thumb Code   778  stm32f1xx_hal_rcc.o(i.HAL_RCC_OscConfig)
    HAL_SPI_Init                             0x08001921   Thumb Code   124  stm32f1xx_hal_spi.o(i.HAL_SPI_Init)
    HAL_SPI_MspInit                          0x0800199d   Thumb Code    98  stm32f1xx_hal_msp.o(i.HAL_SPI_MspInit)
    HAL_SYSTICK_Config                       0x08001a0d   Thumb Code    40  stm32f1xx_hal_cortex.o(i.HAL_SYSTICK_Config)
    HAL_UART_ErrorCallback                   0x08001a35   Thumb Code     2  stm32f1xx_hal_uart.o(i.HAL_UART_ErrorCallback)
    HAL_UART_IRQHandler                      0x08001a39   Thumb Code   266  stm32f1xx_hal_uart.o(i.HAL_UART_IRQHandler)
    HAL_UART_Init                            0x08001b49   Thumb Code    98  stm32f1xx_hal_uart.o(i.HAL_UART_Init)
    HAL_UART_MspInit                         0x08001bad   Thumb Code   116  stm32f1xx_hal_msp.o(i.HAL_UART_MspInit)
    HAL_UART_Receive_IT                      0x08001c2d   Thumb Code    82  stm32f1xx_hal_uart.o(i.HAL_UART_Receive_IT)
    HAL_UART_RxCpltCallback                  0x08001c7f   Thumb Code     2  stm32f1xx_hal_uart.o(i.HAL_UART_RxCpltCallback)
    HAL_UART_Transmit                        0x08001c81   Thumb Code   186  stm32f1xx_hal_uart.o(i.HAL_UART_Transmit)
    HAL_UART_TxCpltCallback                  0x08001d3b   Thumb Code     2  stm32f1xx_hal_uart.o(i.HAL_UART_TxCpltCallback)
    HardFault_Handler                        0x08001d3d   Thumb Code     2  stm32f1xx_it.o(i.HardFault_Handler)
    I2C1_EV_IRQHandler                       0x08001d41   Thumb Code     6  stm32f1xx_it.o(i.I2C1_EV_IRQHandler)
    I2Cdev_init                              0x08002959   Thumb Code     6  i2cdev.o(i.I2Cdev_init)
    I2Cdev_readByte                          0x08002965   Thumb Code    14  i2cdev.o(i.I2Cdev_readByte)
    I2Cdev_readBytes                         0x08002975   Thumb Code    64  i2cdev.o(i.I2Cdev_readBytes)
    I2Cdev_writeByte                         0x080029b9   Thumb Code    12  i2cdev.o(i.I2Cdev_writeByte)
    I2Cdev_writeBytes                        0x080029c5   Thumb Code    38  i2cdev.o(i.I2Cdev_writeBytes)
    MemManage_Handler                        0x08002a29   Thumb Code     2  stm32f1xx_it.o(i.MemManage_Handler)
    NMI_Handler                              0x08002a2b   Thumb Code     2  stm32f1xx_it.o(i.NMI_Handler)
    PendSV_Handler                           0x08002a2d   Thumb Code     2  stm32f1xx_it.o(i.PendSV_Handler)
    SVC_Handler                              0x08002a2f   Thumb Code     2  stm32f1xx_it.o(i.SVC_Handler)
    SysTick_Handler                          0x08002a31   Thumb Code    78  stm32f1xx_it.o(i.SysTick_Handler)
    SystemClock_Config                       0x08002a89   Thumb Code    76  main.o(i.SystemClock_Config)
    SystemInit                               0x08002ad5   Thumb Code    56  system_stm32f1xx.o(i.SystemInit)
    USART1_IRQHandler                        0x08002d61   Thumb Code     6  stm32f1xx_it.o(i.USART1_IRQHandler)
    UsageFault_Handler                       0x08002d6d   Thumb Code     2  stm32f1xx_it.o(i.UsageFault_Handler)
    __0sprintf$5                             0x08002d71   Thumb Code    34  printf5.o(i.__0sprintf$5)
    __1sprintf$5                             0x08002d71   Thumb Code     0  printf5.o(i.__0sprintf$5)
    __2sprintf                               0x08002d71   Thumb Code     0  printf5.o(i.__0sprintf$5)
    __scatterload_copy                       0x08002db9   Thumb Code    14  handlers.o(i.__scatterload_copy)
    __scatterload_null                       0x08002dc7   Thumb Code     2  handlers.o(i.__scatterload_null)
    __scatterload_zeroinit                   0x08002dc9   Thumb Code    14  handlers.o(i.__scatterload_zeroinit)
    avrg_measure                             0x080030a5   Thumb Code    82  main.o(i.avrg_measure)
    i2c_scanner                              0x08003101   Thumb Code    70  main.o(i.i2c_scanner)
    main                                     0x08003159   Thumb Code   318  main.o(i.main)
    mp3_play                                 0x080032c5   Thumb Code    46  dfplayer.o(i.mp3_play)
    AHBPrescTable                            0x080032fc   Data          16  system_stm32f1xx.o(.constdata)
    APBPrescTable                            0x0800330c   Data           8  system_stm32f1xx.o(.constdata)
    Region$$Table$$Base                      0x08003314   Number         0  anon$$obj.o(Region$$Table)
    Region$$Table$$Limit                     0x08003334   Number         0  anon$$obj.o(Region$$Table)
    I2Cdev_readTimeout                       0x20000024   Data           2  i2cdev.o(.data)
    numb                                     0x2000002c   Data           1  main.o(.data)
    minute_global                            0x2000002d   Data           1  main.o(.data)
    result                                   0x2000002e   Data           1  main.o(.data)
    i                                        0x2000002f   Data           1  main.o(.data)
    reset_avrg                               0x20000030   Data           1  main.o(.data)
    p                                        0x20000034   Data           4  main.o(.data)
    loop                                     0x20000038   Data           4  main.o(.data)
    sum                                      0x2000003c   Data           4  main.o(.data)
    avrg                                     0x20000040   Data           4  main.o(.data)
    mp3                                      0x20000048   Data          10  dfplayer.o(.data)
    uwTickFreq                               0x20000054   Data           1  stm32f1xx_hal.o(.data)
    uwTickPrio                               0x20000058   Data           4  stm32f1xx_hal.o(.data)
    uwTick                                   0x2000005c   Data           4  stm32f1xx_hal.o(.data)
    SystemCoreClock                          0x20000060   Data           4  system_stm32f1xx.o(.data)
    hi2c1                                    0x20000064   Data          84  main.o(.bss)
    hspi1                                    0x200000b8   Data          88  main.o(.bss)
    huart1                                   0x20000110   Data          64  main.o(.bss)
    i2c_ports                                0x20000150   Data         128  main.o(.bss)
    i2c_pressure_buffer                      0x200001d0   Data          20  main.o(.bss)
    rx_buffer                                0x200001e4   Data          10  main.o(.bss)
    __initial_sp                             0x200005f0   Data           0  startup_stm32f103xb.o(STACK)



==============================================================================

Memory Map of the image

  Image Entry point : 0x080000ed

  Load Region LR_IROM1 (Base: 0x08000000, Size: 0x00003398, Max: 0x00010000, ABSOLUTE)

    Execution Region ER_IROM1 (Exec base: 0x08000000, Load base: 0x08000000, Size: 0x00003334, Max: 0x00010000, ABSOLUTE)

    Exec Addr    Load Addr    Size         Type   Attr      Idx    E Section Name        Object

    0x08000000   0x08000000   0x000000ec   Data   RO            3    RESET               startup_stm32f103xb.o
    0x080000ec   0x080000ec   0x00000000   Code   RO         2774  * .ARM.Collect$$$$00000000  mc_w.l(entry.o)
    0x080000ec   0x080000ec   0x00000004   Code   RO         3089    .ARM.Collect$$$$00000001  mc_w.l(entry2.o)
    0x080000f0   0x080000f0   0x00000004   Code   RO         3092    .ARM.Collect$$$$00000004  mc_w.l(entry5.o)
    0x080000f4   0x080000f4   0x00000000   Code   RO         3094    .ARM.Collect$$$$00000008  mc_w.l(entry7b.o)
    0x080000f4   0x080000f4   0x00000000   Code   RO         3096    .ARM.Collect$$$$0000000A  mc_w.l(entry8b.o)
    0x080000f4   0x080000f4   0x00000008   Code   RO         3097    .ARM.Collect$$$$0000000B  mc_w.l(entry9a.o)
    0x080000fc   0x080000fc   0x00000000   Code   RO         3099    .ARM.Collect$$$$0000000D  mc_w.l(entry10a.o)
    0x080000fc   0x080000fc   0x00000000   Code   RO         3101    .ARM.Collect$$$$0000000F  mc_w.l(entry11a.o)
    0x080000fc   0x080000fc   0x00000004   Code   RO         3090    .ARM.Collect$$$$00002712  mc_w.l(entry2.o)
    0x08000100   0x08000100   0x00000024   Code   RO            4    .text               startup_stm32f103xb.o
    0x08000124   0x08000124   0x00000020   Code   RO         2777    .text               mc_w.l(llushr.o)
    0x08000144   0x08000144   0x00000024   Code   RO         2779    .text               mc_w.l(memseta.o)
    0x08000168   0x08000168   0x00000018   Code   RO         2781    .text               mc_w.l(strcat.o)
    0x08000180   0x08000180   0x000000b0   Code   RO         3044    .text               mf_w.l(fadd.o)
    0x08000230   0x08000230   0x0000007c   Code   RO         3048    .text               mf_w.l(fdiv.o)
    0x080002ac   0x080002ac   0x00000012   Code   RO         3054    .text               mf_w.l(fflti.o)
    0x080002be   0x080002be   0x00000032   Code   RO         3056    .text               mf_w.l(ffixi.o)
    0x080002f0   0x080002f0   0x00000062   Code   RO         3108    .text               mc_w.l(uldiv.o)
    0x08000352   0x08000352   0x0000001e   Code   RO         3110    .text               mc_w.l(llshl.o)
    0x08000370   0x08000370   0x00000000   Code   RO         3121    .text               mc_w.l(iusefp.o)
    0x08000370   0x08000370   0x0000006e   Code   RO         3122    .text               mf_w.l(fepilogue.o)
    0x080003de   0x080003de   0x00000002   PAD
    0x080003e0   0x080003e0   0x00000024   Code   RO         3136    .text               mc_w.l(init.o)
    0x08000404   0x08000404   0x00000030   Code   RO           16    i.BMP085_getMeasureDelayMilliseconds  bmp085.o
    0x08000434   0x08000434   0x00000030   Code   RO           18    i.BMP085_getMeasurement3  bmp085.o
    0x08000464   0x08000464   0x000000a4   Code   RO           19    i.BMP085_getPressure  bmp085.o
    0x08000508   0x08000508   0x00000020   Code   RO           20    i.BMP085_getRawPressure  bmp085.o
    0x08000528   0x08000528   0x00000014   Code   RO           24    i.BMP085_initialize  bmp085.o
    0x0800053c   0x0800053c   0x000000c0   Code   RO           25    i.BMP085_loadCalibration  bmp085.o
    0x080005fc   0x080005fc   0x00000018   Code   RO           27    i.BMP085_setControl  bmp085.o
    0x08000614   0x08000614   0x00000020   Code   RO           28    i.BMP085_testConnection  bmp085.o
    0x08000634   0x08000634   0x00000002   Code   RO          434    i.BusFault_Handler  stm32f1xx_it.o
    0x08000636   0x08000636   0x00000002   Code   RO          435    i.DebugMon_Handler  stm32f1xx_it.o
    0x08000638   0x08000638   0x00000098   Code   RO         1450    i.HAL_DMA_Abort_IT  stm32f1xx_hal_dma.o
    0x080006d0   0x080006d0   0x00000006   Code   RO         1453    i.HAL_DMA_GetState  stm32f1xx_hal_dma.o
    0x080006d6   0x080006d6   0x00000002   PAD
    0x080006d8   0x080006d8   0x00000024   Code   RO         1077    i.HAL_Delay         stm32f1xx_hal.o
    0x080006fc   0x080006fc   0x000001e0   Code   RO         1385    i.HAL_GPIO_Init     stm32f1xx_hal_gpio.o
    0x080008dc   0x080008dc   0x0000000c   Code   RO         1081    i.HAL_GetTick       stm32f1xx_hal.o
    0x080008e8   0x080008e8   0x00000002   Code   RO          648    i.HAL_I2C_AbortCpltCallback  stm32f1xx_hal_i2c.o
    0x080008ea   0x080008ea   0x00000002   Code   RO          649    i.HAL_I2C_AddrCallback  stm32f1xx_hal_i2c.o
    0x080008ec   0x080008ec   0x0000025a   Code   RO          653    i.HAL_I2C_EV_IRQHandler  stm32f1xx_hal_i2c.o
    0x08000b46   0x08000b46   0x00000002   Code   RO          655    i.HAL_I2C_ErrorCallback  stm32f1xx_hal_i2c.o
    0x08000b48   0x08000b48   0x00000174   Code   RO          659    i.HAL_I2C_Init      stm32f1xx_hal_i2c.o
    0x08000cbc   0x08000cbc   0x00000158   Code   RO          660    i.HAL_I2C_IsDeviceReady  stm32f1xx_hal_i2c.o
    0x08000e14   0x08000e14   0x00000002   Code   RO          661    i.HAL_I2C_ListenCpltCallback  stm32f1xx_hal_i2c.o
    0x08000e16   0x08000e16   0x00000002   Code   RO          662    i.HAL_I2C_MasterRxCpltCallback  stm32f1xx_hal_i2c.o
    0x08000e18   0x08000e18   0x00000002   Code   RO          663    i.HAL_I2C_MasterTxCpltCallback  stm32f1xx_hal_i2c.o
    0x08000e1a   0x08000e1a   0x00000002   PAD
    0x08000e1c   0x08000e1c   0x0000020c   Code   RO          665    i.HAL_I2C_Master_Receive  stm32f1xx_hal_i2c.o
    0x08001028   0x08001028   0x0000012c   Code   RO          672    i.HAL_I2C_Master_Transmit  stm32f1xx_hal_i2c.o
    0x08001154   0x08001154   0x00000002   Code   RO          675    i.HAL_I2C_MemRxCpltCallback  stm32f1xx_hal_i2c.o
    0x08001156   0x08001156   0x00000002   Code   RO          676    i.HAL_I2C_MemTxCpltCallback  stm32f1xx_hal_i2c.o
    0x08001158   0x08001158   0x00000130   Code   RO          680    i.HAL_I2C_Mem_Write  stm32f1xx_hal_i2c.o
    0x08001288   0x08001288   0x0000006c   Code   RO          525    i.HAL_I2C_MspInit   stm32f1xx_hal_msp.o
    0x080012f4   0x080012f4   0x00000002   Code   RO          685    i.HAL_I2C_SlaveRxCpltCallback  stm32f1xx_hal_i2c.o
    0x080012f6   0x080012f6   0x00000002   Code   RO          686    i.HAL_I2C_SlaveTxCpltCallback  stm32f1xx_hal_i2c.o
    0x080012f8   0x080012f8   0x00000010   Code   RO         1087    i.HAL_IncTick       stm32f1xx_hal.o
    0x08001308   0x08001308   0x00000024   Code   RO         1088    i.HAL_Init          stm32f1xx_hal.o
    0x0800132c   0x0800132c   0x00000040   Code   RO         1089    i.HAL_InitTick      stm32f1xx_hal.o
    0x0800136c   0x0800136c   0x0000003c   Code   RO          526    i.HAL_MspInit       stm32f1xx_hal_msp.o
    0x080013a8   0x080013a8   0x0000001a   Code   RO         1545    i.HAL_NVIC_EnableIRQ  stm32f1xx_hal_cortex.o
    0x080013c2   0x080013c2   0x00000002   PAD
    0x080013c4   0x080013c4   0x00000040   Code   RO         1551    i.HAL_NVIC_SetPriority  stm32f1xx_hal_cortex.o
    0x08001404   0x08001404   0x00000024   Code   RO         1552    i.HAL_NVIC_SetPriorityGrouping  stm32f1xx_hal_cortex.o
    0x08001428   0x08001428   0x0000012c   Code   RO         1245    i.HAL_RCC_ClockConfig  stm32f1xx_hal_rcc.o
    0x08001554   0x08001554   0x00000020   Code   RO         1252    i.HAL_RCC_GetPCLK1Freq  stm32f1xx_hal_rcc.o
    0x08001574   0x08001574   0x00000020   Code   RO         1253    i.HAL_RCC_GetPCLK2Freq  stm32f1xx_hal_rcc.o
    0x08001594   0x08001594   0x0000006c   Code   RO         1254    i.HAL_RCC_GetSysClockFreq  stm32f1xx_hal_rcc.o
    0x08001600   0x08001600   0x00000320   Code   RO         1257    i.HAL_RCC_OscConfig  stm32f1xx_hal_rcc.o
    0x08001920   0x08001920   0x0000007c   Code   RO         2056    i.HAL_SPI_Init      stm32f1xx_hal_spi.o
    0x0800199c   0x0800199c   0x00000070   Code   RO          528    i.HAL_SPI_MspInit   stm32f1xx_hal_msp.o
    0x08001a0c   0x08001a0c   0x00000028   Code   RO         1556    i.HAL_SYSTICK_Config  stm32f1xx_hal_cortex.o
    0x08001a34   0x08001a34   0x00000002   Code   RO         2424    i.HAL_UART_ErrorCallback  stm32f1xx_hal_uart.o
    0x08001a36   0x08001a36   0x00000002   PAD
    0x08001a38   0x08001a38   0x00000110   Code   RO         2427    i.HAL_UART_IRQHandler  stm32f1xx_hal_uart.o
    0x08001b48   0x08001b48   0x00000062   Code   RO         2428    i.HAL_UART_Init     stm32f1xx_hal_uart.o
    0x08001baa   0x08001baa   0x00000002   PAD
    0x08001bac   0x08001bac   0x00000080   Code   RO          530    i.HAL_UART_MspInit  stm32f1xx_hal_msp.o
    0x08001c2c   0x08001c2c   0x00000052   Code   RO         2433    i.HAL_UART_Receive_IT  stm32f1xx_hal_uart.o
    0x08001c7e   0x08001c7e   0x00000002   Code   RO         2434    i.HAL_UART_RxCpltCallback  stm32f1xx_hal_uart.o
    0x08001c80   0x08001c80   0x000000ba   Code   RO         2436    i.HAL_UART_Transmit  stm32f1xx_hal_uart.o
    0x08001d3a   0x08001d3a   0x00000002   Code   RO         2439    i.HAL_UART_TxCpltCallback  stm32f1xx_hal_uart.o
    0x08001d3c   0x08001d3c   0x00000002   Code   RO          436    i.HardFault_Handler  stm32f1xx_it.o
    0x08001d3e   0x08001d3e   0x00000002   PAD
    0x08001d40   0x08001d40   0x0000000c   Code   RO          437    i.I2C1_EV_IRQHandler  stm32f1xx_it.o
    0x08001d4c   0x08001d4c   0x0000007e   Code   RO          697    i.I2C_DMAAbort      stm32f1xx_hal_i2c.o
    0x08001dca   0x08001dca   0x00000002   PAD
    0x08001dcc   0x08001dcc   0x00000140   Code   RO          700    i.I2C_ITError       stm32f1xx_hal_i2c.o
    0x08001f0c   0x08001f0c   0x0000002e   Code   RO          701    i.I2C_IsAcknowledgeFailed  stm32f1xx_hal_i2c.o
    0x08001f3a   0x08001f3a   0x000000d2   Code   RO          702    i.I2C_MasterReceive_BTF  stm32f1xx_hal_i2c.o
    0x0800200c   0x0800200c   0x00000092   Code   RO          703    i.I2C_MasterReceive_RXNE  stm32f1xx_hal_i2c.o
    0x0800209e   0x0800209e   0x000000d4   Code   RO          704    i.I2C_MasterRequestRead  stm32f1xx_hal_i2c.o
    0x08002172   0x08002172   0x00000002   PAD
    0x08002174   0x08002174   0x00000088   Code   RO          705    i.I2C_MasterRequestWrite  stm32f1xx_hal_i2c.o
    0x080021fc   0x080021fc   0x00000082   Code   RO          706    i.I2C_MasterTransmit_BTF  stm32f1xx_hal_i2c.o
    0x0800227e   0x0800227e   0x00000002   PAD
    0x08002280   0x08002280   0x00000104   Code   RO          707    i.I2C_MasterTransmit_TXE  stm32f1xx_hal_i2c.o
    0x08002384   0x08002384   0x00000158   Code   RO          708    i.I2C_Master_ADDR   stm32f1xx_hal_i2c.o
    0x080024dc   0x080024dc   0x0000008e   Code   RO          709    i.I2C_Master_SB     stm32f1xx_hal_i2c.o
    0x0800256a   0x0800256a   0x00000002   PAD
    0x0800256c   0x0800256c   0x00000094   Code   RO          711    i.I2C_RequestMemoryWrite  stm32f1xx_hal_i2c.o
    0x08002600   0x08002600   0x0000015c   Code   RO          713    i.I2C_Slave_STOPF   stm32f1xx_hal_i2c.o
    0x0800275c   0x0800275c   0x0000004c   Code   RO          714    i.I2C_WaitOnBTFFlagUntilTimeout  stm32f1xx_hal_i2c.o
    0x080027a8   0x080027a8   0x00000068   Code   RO          715    i.I2C_WaitOnFlagUntilTimeout  stm32f1xx_hal_i2c.o
    0x08002810   0x08002810   0x00000096   Code   RO          716    i.I2C_WaitOnMasterAddressFlagUntilTimeout  stm32f1xx_hal_i2c.o
    0x080028a6   0x080028a6   0x00000066   Code   RO          717    i.I2C_WaitOnRXNEFlagUntilTimeout  stm32f1xx_hal_i2c.o
    0x0800290c   0x0800290c   0x0000004c   Code   RO          718    i.I2C_WaitOnTXEFlagUntilTimeout  stm32f1xx_hal_i2c.o
    0x08002958   0x08002958   0x0000000c   Code   RO          226    i.I2Cdev_init       i2cdev.o
    0x08002964   0x08002964   0x0000000e   Code   RO          231    i.I2Cdev_readByte   i2cdev.o
    0x08002972   0x08002972   0x00000002   PAD
    0x08002974   0x08002974   0x00000044   Code   RO          232    i.I2Cdev_readBytes  i2cdev.o
    0x080029b8   0x080029b8   0x0000000c   Code   RO          239    i.I2Cdev_writeByte  i2cdev.o
    0x080029c4   0x080029c4   0x0000002c   Code   RO          240    i.I2Cdev_writeBytes  i2cdev.o
    0x080029f0   0x080029f0   0x00000038   Code   RO          349    i.MX_SPI1_Init      main.o
    0x08002a28   0x08002a28   0x00000002   Code   RO          438    i.MemManage_Handler  stm32f1xx_it.o
    0x08002a2a   0x08002a2a   0x00000002   Code   RO          439    i.NMI_Handler       stm32f1xx_it.o
    0x08002a2c   0x08002a2c   0x00000002   Code   RO          440    i.PendSV_Handler    stm32f1xx_it.o
    0x08002a2e   0x08002a2e   0x00000002   Code   RO          441    i.SVC_Handler       stm32f1xx_it.o
    0x08002a30   0x08002a30   0x00000058   Code   RO          442    i.SysTick_Handler   stm32f1xx_it.o
    0x08002a88   0x08002a88   0x0000004c   Code   RO          350    i.SystemClock_Config  main.o
    0x08002ad4   0x08002ad4   0x00000048   Code   RO         2730    i.SystemInit        system_stm32f1xx.o
    0x08002b1c   0x08002b1c   0x00000010   Code   RO         2441    i.UART_DMAAbortOnError  stm32f1xx_hal_uart.o
    0x08002b2c   0x08002b2c   0x0000001c   Code   RO         2451    i.UART_EndRxTransfer  stm32f1xx_hal_uart.o
    0x08002b48   0x08002b48   0x00000096   Code   RO         2453    i.UART_Receive_IT   stm32f1xx_hal_uart.o
    0x08002bde   0x08002bde   0x00000002   PAD
    0x08002be0   0x08002be0   0x000000b8   Code   RO         2454    i.UART_SetConfig    stm32f1xx_hal_uart.o
    0x08002c98   0x08002c98   0x00000062   Code   RO         2455    i.UART_Transmit_IT  stm32f1xx_hal_uart.o
    0x08002cfa   0x08002cfa   0x00000064   Code   RO         2456    i.UART_WaitOnFlagUntilTimeout  stm32f1xx_hal_uart.o
    0x08002d5e   0x08002d5e   0x00000002   PAD
    0x08002d60   0x08002d60   0x0000000c   Code   RO          443    i.USART1_IRQHandler  stm32f1xx_it.o
    0x08002d6c   0x08002d6c   0x00000002   Code   RO          444    i.UsageFault_Handler  stm32f1xx_it.o
    0x08002d6e   0x08002d6e   0x00000002   PAD
    0x08002d70   0x08002d70   0x00000028   Code   RO         2918    i.__0sprintf$5      mc_w.l(printf5.o)
    0x08002d98   0x08002d98   0x00000020   Code   RO         1558    i.__NVIC_SetPriority  stm32f1xx_hal_cortex.o
    0x08002db8   0x08002db8   0x0000000e   Code   RO         3146    i.__scatterload_copy  mc_w.l(handlers.o)
    0x08002dc6   0x08002dc6   0x00000002   Code   RO         3147    i.__scatterload_null  mc_w.l(handlers.o)
    0x08002dc8   0x08002dc8   0x0000000e   Code   RO         3148    i.__scatterload_zeroinit  mc_w.l(handlers.o)
    0x08002dd6   0x08002dd6   0x00000002   PAD
    0x08002dd8   0x08002dd8   0x000002c0   Code   RO         2923    i._printf_core      mc_w.l(printf5.o)
    0x08003098   0x08003098   0x0000000a   Code   RO         2925    i._sputc            mc_w.l(printf5.o)
    0x080030a2   0x080030a2   0x00000002   PAD
    0x080030a4   0x080030a4   0x0000005c   Code   RO          351    i.avrg_measure      main.o
    0x08003100   0x08003100   0x00000058   Code   RO          352    i.i2c_scanner       main.o
    0x08003158   0x08003158   0x0000016c   Code   RO          353    i.main              main.o
    0x080032c4   0x080032c4   0x00000038   Code   RO          584    i.mp3_play          dfplayer.o
    0x080032fc   0x080032fc   0x00000010   Data   RO         2731    .constdata          system_stm32f1xx.o
    0x0800330c   0x0800330c   0x00000008   Data   RO         2732    .constdata          system_stm32f1xx.o
    0x08003314   0x08003314   0x00000020   Data   RO         3144    Region$$Table       anon$$obj.o


    Execution Region RW_IRAM1 (Exec base: 0x20000000, Load base: 0x08003334, Size: 0x000005f0, Max: 0x00005000, ABSOLUTE)

    Exec Addr    Load Addr    Size         Type   Attr      Idx    E Section Name        Object

    0x20000000   0x08003334   0x00000024   Data   RW           29    .data               bmp085.o
    0x20000024   0x08003358   0x00000008   Data   RW          243    .data               i2cdev.o
    0x2000002c   0x08003360   0x00000018   Data   RW          355    .data               main.o
    0x20000044   0x08003378   0x00000004   Data   RW          445    .data               stm32f1xx_it.o
    0x20000048   0x0800337c   0x0000000a   Data   RW          585    .data               dfplayer.o
    0x20000052   0x08003386   0x00000002   PAD
    0x20000054   0x08003388   0x0000000c   Data   RW         1095    .data               stm32f1xx_hal.o
    0x20000060   0x08003394   0x00000004   Data   RW         2733    .data               system_stm32f1xx.o
    0x20000064        -       0x0000018a   Zero   RW          354    .bss                main.o
    0x200001ee   0x08003398   0x00000002   PAD
    0x200001f0        -       0x00000400   Zero   RW            1    STACK               startup_stm32f103xb.o


==============================================================================

Image component sizes


      Code (inc. data)   RO Data    RW Data    ZI Data      Debug   Object Name

       560         46          0         36          0     412033   bmp085.o
        56         10          0         10          0        982   dfplayer.o
       150         16          0          8          0       3792   i2cdev.o
       676         84          0         24        394      29532   main.o
        36          8        236          0       1024        792   startup_stm32f103xb.o
       164         28          0         12          0       5797   stm32f1xx_hal.o
       198         14          0          0          0      28863   stm32f1xx_hal_cortex.o
       158          4          0          0          0       1622   stm32f1xx_hal_dma.o
       480         34          0          0          0       2240   stm32f1xx_hal_gpio.o
      5542         86          0          0          0      30516   stm32f1xx_hal_i2c.o
       408         46          0          0          0       2837   stm32f1xx_hal_msp.o
      1272        100          0          0          0       5116   stm32f1xx_hal_rcc.o
       124          0          0          0          0       1175   stm32f1xx_hal_spi.o
      1220         12          0          0          0       9665   stm32f1xx_hal_uart.o
       128         22          0          4          0       4655   stm32f1xx_it.o
        72         16         24          4          0       1123   system_stm32f1xx.o

    ----------------------------------------------------------------------
     11272        526        292        100       1420     540740   Object Totals
         0          0         32          0          0          0   (incl. Generated)
        28          0          0          2          2          0   (incl. Padding)

    ----------------------------------------------------------------------

      Code (inc. data)   RO Data    RW Data    ZI Data      Debug   Library Member Name

         0          0          0          0          0          0   entry.o
         0          0          0          0          0          0   entry10a.o
         0          0          0          0          0          0   entry11a.o
         8          4          0          0          0          0   entry2.o
         4          0          0          0          0          0   entry5.o
         0          0          0          0          0          0   entry7b.o
         0          0          0          0          0          0   entry8b.o
         8          4          0          0          0          0   entry9a.o
        30          0          0          0          0          0   handlers.o
        36          8          0          0          0         68   init.o
         0          0          0          0          0          0   iusefp.o
        30          0          0          0          0         68   llshl.o
        32          0          0          0          0         68   llushr.o
        36          0          0          0          0        108   memseta.o
       754         52          0          0          0        252   printf5.o
        24          0          0          0          0         68   strcat.o
        98          0          0          0          0         92   uldiv.o
       176          0          0          0          0        140   fadd.o
       124          0          0          0          0         88   fdiv.o
       110          0          0          0          0        168   fepilogue.o
        50          0          0          0          0         68   ffixi.o
        18          0          0          0          0         68   fflti.o

    ----------------------------------------------------------------------
      1544         68          0          0          0       1256   Library Totals
         6          0          0          0          0          0   (incl. Padding)

    ----------------------------------------------------------------------

      Code (inc. data)   RO Data    RW Data    ZI Data      Debug   Library Name

      1060         68          0          0          0        724   mc_w.l
       478          0          0          0          0        532   mf_w.l

    ----------------------------------------------------------------------
      1544         68          0          0          0       1256   Library Totals

    ----------------------------------------------------------------------

==============================================================================


      Code (inc. data)   RO Data    RW Data    ZI Data      Debug   

     12816        594        292        100       1420     536532   Grand Totals
     12816        594        292        100       1420     536532   ELF Image Totals
     12816        594        292        100          0          0   ROM Totals

==============================================================================

    Total RO  Size (Code + RO Data)                13108 (  12.80kB)
    Total RW  Size (RW Data + ZI Data)              1520 (   1.48kB)
    Total ROM Size (Code + RO Data + RW Data)      13208 (  12.90kB)

==============================================================================

