<html>
<body>
<pre>
<h1>µVision Build Log</h1>
<h2>Tool Versions:</h2>
IDE-Version: µVision V5.28.0.0
Copyright (C) 2019 ARM Ltd and ARM Germany GmbH. All rights reserved.
License Information: asd User, asd, LIC=X96Z9-4TUZM-5TE3W-QQLK2-GU9XJ-EY46N
 
Tool Versions:
Toolchain:       MDK-ARM Plus  Version: 5.28.0.0
Toolchain Path:  C:\Keil_v5\ARM\ARMCC\Bin
C Compiler:      Armcc.exe V5.06 update 6 (build 750)
Assembler:       Armasm.exe V5.06 update 6 (build 750)
Linker/Locator:  ArmLink.exe V5.06 update 6 (build 750)
Library Manager: ArmAr.exe V5.06 update 6 (build 750)
Hex Converter:   FromElf.exe V5.06 update 6 (build 750)
CPU DLL:         SARMCM3.DLL V5.28.0.0
Dialog DLL:      DCM.DLL V1.17.3.0
Target DLL:      Segger\JL2CM3.dll V2.99.36.0
Dialog DLL:      TCM.DLL V1.36.2.0
 
<h2>Project:</h2>
C:\Users\User\STM32_Projects\STM32_Bear\MDK-ARM\STM32_Bear.uvprojx
Project File Date:  03/15/2020

<h2>Output:</h2>
*** Using Compiler 'V5.06 update 6 (build 750)', folder: 'C:\Keil_v5\ARM\ARMCC\Bin'
Build target 'STM32_Bear'
compiling main.c...
../Inc/main.h(57): warning:  #1295-D: Deprecated declaration avrg_measure - give arg types
  void avrg_measure();
../Inc/BMP085.h(76): warning:  #1295-D: Deprecated declaration BMP085_initialize - give arg types
  void BMP085_initialize();
../Inc/BMP085.h(77): warning:  #1295-D: Deprecated declaration BMP085_testConnection - give arg types
  bool BMP085_testConnection();
../Inc/BMP085.h(80): warning:  #1295-D: Deprecated declaration BMP085_getAC1 - give arg types
  int16_t     BMP085_getAC1();
../Inc/BMP085.h(81): warning:  #1295-D: Deprecated declaration BMP085_getAC2 - give arg types
  int16_t     BMP085_getAC2();
../Inc/BMP085.h(82): warning:  #1295-D: Deprecated declaration BMP085_getAC3 - give arg types
  int16_t     BMP085_getAC3();
../Inc/BMP085.h(83): warning:  #1295-D: Deprecated declaration BMP085_getAC4 - give arg types
  uint16_t    BMP085_getAC4();
../Inc/BMP085.h(84): warning:  #1295-D: Deprecated declaration BMP085_getAC5 - give arg types
  uint16_t    BMP085_getAC5();
../Inc/BMP085.h(85): warning:  #1295-D: Deprecated declaration BMP085_getAC6 - give arg types
  uint16_t    BMP085_getAC6();
../Inc/BMP085.h(86): warning:  #1295-D: Deprecated declaration BMP085_getB1 - give arg types
  int16_t     BMP085_getB1();
../Inc/BMP085.h(87): warning:  #1295-D: Deprecated declaration BMP085_getB2 - give arg types
  int16_t     BMP085_getB2();
../Inc/BMP085.h(88): warning:  #1295-D: Deprecated declaration BMP085_getMB - give arg types
  int16_t     BMP085_getMB();
../Inc/BMP085.h(89): warning:  #1295-D: Deprecated declaration BMP085_getMC - give arg types
  int16_t     BMP085_getMC();
../Inc/BMP085.h(90): warning:  #1295-D: Deprecated declaration BMP085_getMD - give arg types
  int16_t     BMP085_getMD();
../Inc/BMP085.h(93): warning:  #1295-D: Deprecated declaration BMP085_getControl - give arg types
  uint8_t     BMP085_getControl();
../Inc/BMP085.h(97): warning:  #1295-D: Deprecated declaration BMP085_getMeasurement2 - give arg types
  uint16_t    BMP085_getMeasurement2(); // 16-bit data
../Inc/BMP085.h(98): warning:  #1295-D: Deprecated declaration BMP085_getMeasurement3 - give arg types
  uint32_t    BMP085_getMeasurement3(); // 24-bit data
../Inc/BMP085.h(103): warning:  #1295-D: Deprecated declaration BMP085_loadCalibration - give arg types
  void        BMP085_loadCalibration();
../Inc/BMP085.h(104): warning:  #1295-D: Deprecated declaration BMP085_getRawTemperature - give arg types
  uint16_t    BMP085_getRawTemperature();
../Inc/BMP085.h(105): warning:  #1295-D: Deprecated declaration BMP085_getTemperatureC - give arg types
  float       BMP085_getTemperatureC();
../Inc/BMP085.h(106): warning:  #1295-D: Deprecated declaration BMP085_getTemperatureF - give arg types
  float       BMP085_getTemperatureF();
../Inc/BMP085.h(107): warning:  #1295-D: Deprecated declaration BMP085_getRawPressure - give arg types
  uint32_t    BMP085_getRawPressure();
../Inc/BMP085.h(108): warning:  #1295-D: Deprecated declaration BMP085_getPressure - give arg types
  float       BMP085_getPressure();
../Src/main.c(159): warning:  #177-D: variable "buf"  was declared but never referenced
    char buf[128];
../Src/main.c: 24 warnings, 0 errors
linking...
Program Size: Code=12816 RO-data=292 RW-data=100 ZI-data=1420  
FromELF: creating hex file...
"STM32_Bear\STM32_Bear.axf" - 0 Error(s), 24 Warning(s).

<h2>Software Packages used:</h2>

Package Vendor: ARM
                http://www.keil.com/pack/ARM.CMSIS.5.5.1.pack
                ARM.CMSIS.5.5.1
                CMSIS (Cortex Microcontroller Software Interface Standard)
   * Component: CORE Version: 5.2.0

Package Vendor: Keil
                http://www.keil.com/pack/Keil.STM32F1xx_DFP.2.3.0.pack
                Keil.STM32F1xx_DFP.2.3.0
                STMicroelectronics STM32F1 Series Device Support, Drivers and Examples

<h2>Collection of Component include folders:</h2>
  .\RTE\_STM32_Bear
  C:\Users\User\AppData\Local\Arm\Packs\ARM\CMSIS\5.5.1\CMSIS\Core\Include
  C:\Users\User\AppData\Local\Arm\Packs\Keil\STM32F1xx_DFP\2.3.0\Device\Include

<h2>Collection of Component Files used:</h2>

   * Component: ARM::CMSIS:CORE:5.2.0
Build Time Elapsed:  00:00:00
</pre>
</body>
</html>
